[  +18 ms] executing: uname -m
[   +4 ms] Exit code 0 from: uname -m
[        ] x86_64
[   +6 ms] Artifact Instance of 'MaterialFonts' is not required, skipping update.
[        ] Artifact Instance of 'GradleWrapper' is not required, skipping update.
[        ] Artifact Instance of 'AndroidGenSnapshotArtifacts' is not required, skipping update.
[        ] Artifact Instance of 'AndroidInternalBuildArtifacts' is not required, skipping update.
[        ] Artifact Instance of 'IOSEngineArtifacts' is not required, skipping update.
[        ] Artifact Instance of 'FlutterWebSdk' is not required, skipping update.
[        ] Artifact Instance of 'LegacyCanvasKitRemover' is not required, skipping update.
[        ] Artifact Instance of 'FlutterSdk' is not required, skipping update.
[        ] Artifact Instance of 'WindowsEngineArtifacts' is not required, skipping update.
[        ] Artifact Instance of 'MacOSEngineArtifacts' is not required, skipping update.
[        ] Artifact Instance of 'LinuxEngineArtifacts' is not required, skipping update.
[        ] Artifact Instance of 'LinuxFuchsiaSDKArtifacts' is not required, skipping update.
[        ] Artifact Instance of 'MacOSFuchsiaSDKArtifacts' is not required, skipping update.
[        ] Artifact Instance of 'FlutterRunnerSDKArtifacts' is not required, skipping update.
[        ] Artifact Instance of 'FlutterRunnerDebugSymbols' is not required, skipping update.
[        ] Artifact Instance of 'IosUsbArtifacts' is not required, skipping update.
[        ] Artifact Instance of 'IosUsbArtifacts' is not required, skipping update.
[        ] Artifact Instance of 'IosUsbArtifacts' is not required, skipping update.
[        ] Artifact Instance of 'IosUsbArtifacts' is not required, skipping update.
[        ] Artifact Instance of 'IosUsbArtifacts' is not required, skipping update.
[        ] Artifact Instance of 'IosUsbArtifacts' is not required, skipping update.
[        ] Artifact Instance of 'FontSubsetArtifacts' is not required, skipping update.
[        ] Artifact Instance of 'PubDependencies' is not required, skipping update.
[        ] executing: [/home/aleks/development/flutter/] git -c log.showSignature=false log HEAD -n 1 --pretty=format:%ad --date=iso
[   +5 ms] Exit code 0 from: git -c log.showSignature=false log HEAD -n 1 --pretty=format:%ad --date=iso
[        ] 2025-12-11 11:50:07 -0500
[   +9 ms] Artifact Instance of 'AndroidGenSnapshotArtifacts' is not required, skipping update.
[        ] Artifact Instance of 'AndroidInternalBuildArtifacts' is not required, skipping update.
[        ] Artifact Instance of 'IOSEngineArtifacts' is not required, skipping update.
[        ] Artifact Instance of 'FlutterWebSdk' is not required, skipping update.
[        ] Artifact Instance of 'FlutterEngineStamp' is not required, skipping update.
[        ] Artifact Instance of 'LegacyCanvasKitRemover' is not required, skipping update.
[   +1 ms] Artifact Instance of 'WindowsEngineArtifacts' is not required, skipping update.
[        ] Artifact Instance of 'MacOSEngineArtifacts' is not required, skipping update.
[        ] Artifact Instance of 'LinuxEngineArtifacts' is not required, skipping update.
[        ] Artifact Instance of 'LinuxFuchsiaSDKArtifacts' is not required, skipping update.
[        ] Artifact Instance of 'MacOSFuchsiaSDKArtifacts' is not required, skipping update.
[        ] Artifact Instance of 'FlutterRunnerSDKArtifacts' is not required, skipping update.
[        ] Artifact Instance of 'FlutterRunnerDebugSymbols' is not required, skipping update.
[  +21 ms] Artifact Instance of 'MaterialFonts' is not required, skipping update.
[        ] Artifact Instance of 'GradleWrapper' is not required, skipping update.
[        ] Artifact Instance of 'AndroidInternalBuildArtifacts' is not required, skipping update.
[        ] Artifact Instance of 'IOSEngineArtifacts' is not required, skipping update.
[        ] Artifact Instance of 'FlutterWebSdk' is not required, skipping update.
[        ] Artifact Instance of 'FlutterEngineStamp' is not required, skipping update.
[        ] Artifact Instance of 'LegacyCanvasKitRemover' is not required, skipping update.
[        ] Artifact Instance of 'FlutterSdk' is not required, skipping update.
[        ] Artifact Instance of 'WindowsEngineArtifacts' is not required, skipping update.
[        ] Artifact Instance of 'MacOSEngineArtifacts' is not required, skipping update.
[        ] Artifact Instance of 'LinuxEngineArtifacts' is not required, skipping update.
[        ] Artifact Instance of 'LinuxFuchsiaSDKArtifacts' is not required, skipping update.
[        ] Artifact Instance of 'MacOSFuchsiaSDKArtifacts' is not required, skipping update.
[        ] Artifact Instance of 'FlutterRunnerSDKArtifacts' is not required, skipping update.
[        ] Artifact Instance of 'FlutterRunnerDebugSymbols' is not required, skipping update.
[        ] Artifact Instance of 'IosUsbArtifacts' is not required, skipping update.
[        ] Artifact Instance of 'IosUsbArtifacts' is not required, skipping update.
[        ] Artifact Instance of 'IosUsbArtifacts' is not required, skipping update.
[        ] Artifact Instance of 'IosUsbArtifacts' is not required, skipping update.
[        ] Artifact Instance of 'IosUsbArtifacts' is not required, skipping update.
[        ] Artifact Instance of 'IosUsbArtifacts' is not required, skipping update.
[        ] Artifact Instance of 'FontSubsetArtifacts' is not required, skipping update.
[        ] Artifact Instance of 'PubDependencies' is not required, skipping update.
[  +48 ms] executing: [/media/aleks/SD11/LiAutoScanner/li_auto_monitor/] /home/aleks/development/flutter/bin/cache/dart-sdk/bin/dart pub --suppress-analytics --directory . get --example
Resolving dependencies...
Downloading packages...
  characters 1.4.0 (1.4.1 available)
  matcher 0.12.17 (0.12.18 available)
  material_color_utilities 0.11.1 (0.13.0 available)
  meta 1.17.0 (1.18.1 available)
  test_api 0.7.7 (0.7.9 available)
Got dependencies!
5 packages have newer versions incompatible with dependency constraints.
Try `flutter pub outdated` for more information.
[ +549 ms] Found plugin url_launcher at /home/aleks/.pub-cache/hosted/pub.dev/url_launcher-6.3.2/
[   +3 ms] Found plugin url_launcher_windows at /home/aleks/.pub-cache/hosted/pub.dev/url_launcher_windows-3.1.5/
[   +2 ms] Found plugin url_launcher_web at /home/aleks/.pub-cache/hosted/pub.dev/url_launcher_web-2.4.2/
[   +2 ms] Found plugin url_launcher_macos at /home/aleks/.pub-cache/hosted/pub.dev/url_launcher_macos-3.2.5/
[   +1 ms] Found plugin url_launcher_linux at /home/aleks/.pub-cache/hosted/pub.dev/url_launcher_linux-3.2.2/
[   +5 ms] Found plugin url_launcher_ios at /home/aleks/.pub-cache/hosted/pub.dev/url_launcher_ios-6.4.1/
[   +2 ms] Found plugin url_launcher_android at /home/aleks/.pub-cache/hosted/pub.dev/url_launcher_android-6.3.28/
[   +4 ms] Found plugin path_provider at /home/aleks/.pub-cache/hosted/pub.dev/path_provider-2.1.5/
[   +1 ms] Found plugin path_provider_windows at /home/aleks/.pub-cache/hosted/pub.dev/path_provider_windows-2.3.0/
[   +3 ms] Found plugin path_provider_linux at /home/aleks/.pub-cache/hosted/pub.dev/path_provider_linux-2.2.1/
[   +2 ms] Found plugin path_provider_foundation at /home/aleks/.pub-cache/hosted/pub.dev/path_provider_foundation-2.6.0/
[  +10 ms] Found plugin path_provider_android at /home/aleks/.pub-cache/hosted/pub.dev/path_provider_android-2.2.22/
[   +5 ms] Found plugin file_picker at /home/aleks/.pub-cache/hosted/pub.dev/file_picker-10.3.10/
[   +5 ms] Found plugin flutter_plugin_android_lifecycle at /home/aleks/.pub-cache/hosted/pub.dev/flutter_plugin_android_lifecycle-2.0.33/
[  +32 ms] Found plugin url_launcher at /home/aleks/.pub-cache/hosted/pub.dev/url_launcher-6.3.2/
[        ] Found plugin url_launcher_windows at /home/aleks/.pub-cache/hosted/pub.dev/url_launcher_windows-3.1.5/
[   +2 ms] Found plugin url_launcher_web at /home/aleks/.pub-cache/hosted/pub.dev/url_launcher_web-2.4.2/
[   +1 ms] Found plugin url_launcher_macos at /home/aleks/.pub-cache/hosted/pub.dev/url_launcher_macos-3.2.5/
[   +1 ms] Found plugin url_launcher_linux at /home/aleks/.pub-cache/hosted/pub.dev/url_launcher_linux-3.2.2/
[        ] Found plugin url_launcher_ios at /home/aleks/.pub-cache/hosted/pub.dev/url_launcher_ios-6.4.1/
[        ] Found plugin url_launcher_android at /home/aleks/.pub-cache/hosted/pub.dev/url_launcher_android-6.3.28/
[   +1 ms] Found plugin path_provider at /home/aleks/.pub-cache/hosted/pub.dev/path_provider-2.1.5/
[        ] Found plugin path_provider_windows at /home/aleks/.pub-cache/hosted/pub.dev/path_provider_windows-2.3.0/
[   +2 ms] Found plugin path_provider_linux at /home/aleks/.pub-cache/hosted/pub.dev/path_provider_linux-2.2.1/
[   +1 ms] Found plugin path_provider_foundation at /home/aleks/.pub-cache/hosted/pub.dev/path_provider_foundation-2.6.0/
[   +6 ms] Found plugin path_provider_android at /home/aleks/.pub-cache/hosted/pub.dev/path_provider_android-2.2.22/
[   +2 ms] Found plugin file_picker at /home/aleks/.pub-cache/hosted/pub.dev/file_picker-10.3.10/
[   +2 ms] Found plugin flutter_plugin_android_lifecycle at /home/aleks/.pub-cache/hosted/pub.dev/flutter_plugin_android_lifecycle-2.0.33/
[  +10 ms] Skipping generating web_plugin_registrant.dart because it is up-to-date.
[  +12 ms] Found plugin url_launcher at /home/aleks/.pub-cache/hosted/pub.dev/url_launcher-6.3.2/
[        ] Found plugin url_launcher_windows at /home/aleks/.pub-cache/hosted/pub.dev/url_launcher_windows-3.1.5/
[   +1 ms] Found plugin url_launcher_web at /home/aleks/.pub-cache/hosted/pub.dev/url_launcher_web-2.4.2/
[   +1 ms] Found plugin url_launcher_macos at /home/aleks/.pub-cache/hosted/pub.dev/url_launcher_macos-3.2.5/
[        ] Found plugin url_launcher_linux at /home/aleks/.pub-cache/hosted/pub.dev/url_launcher_linux-3.2.2/
[        ] Found plugin url_launcher_ios at /home/aleks/.pub-cache/hosted/pub.dev/url_launcher_ios-6.4.1/
[        ] Found plugin url_launcher_android at /home/aleks/.pub-cache/hosted/pub.dev/url_launcher_android-6.3.28/
[   +1 ms] Found plugin path_provider at /home/aleks/.pub-cache/hosted/pub.dev/path_provider-2.1.5/
[        ] Found plugin path_provider_windows at /home/aleks/.pub-cache/hosted/pub.dev/path_provider_windows-2.3.0/
[   +2 ms] Found plugin path_provider_linux at /home/aleks/.pub-cache/hosted/pub.dev/path_provider_linux-2.2.1/
[        ] Found plugin path_provider_foundation at /home/aleks/.pub-cache/hosted/pub.dev/path_provider_foundation-2.6.0/
[   +4 ms] Found plugin path_provider_android at /home/aleks/.pub-cache/hosted/pub.dev/path_provider_android-2.2.22/
[   +2 ms] Found plugin file_picker at /home/aleks/.pub-cache/hosted/pub.dev/file_picker-10.3.10/
[   +1 ms] Found plugin flutter_plugin_android_lifecycle at /home/aleks/.pub-cache/hosted/pub.dev/flutter_plugin_android_lifecycle-2.0.33/
[   +3 ms] Generating /media/aleks/SD11/LiAutoScanner/li_auto_monitor/android/app/src/main/java/io/flutter/plugins/GeneratedPluginRegistrant.java
[        ] Skipping generating GeneratedPluginRegistrant.java because it is up-to-date.
[   +2 ms] Skipping generating generated_plugin_registrant.h because it is up-to-date.
[        ] Skipping generating generated_plugin_registrant.cc because it is up-to-date.
[        ] Skipping generating generated_plugins.cmake because it is up-to-date.
[   +1 ms] Skipping generating generated_plugin_registrant.h because it is up-to-date.
[        ] Skipping generating generated_plugin_registrant.cc because it is up-to-date.
[        ] Skipping generating generated_plugins.cmake because it is up-to-date.
[   +1 ms] Skipping generating GeneratedPluginRegistrant.h because it is up-to-date.
[        ] Skipping generating GeneratedPluginRegistrant.m because it is up-to-date.
[        ] Skipping generating GeneratedPluginRegistrant.swift because it is up-to-date.
[  +37 ms] executing: /snap/android-studio/209/jbr/bin/java -version
[  +52 ms] Exit code 0 from: /snap/android-studio/209/jbr/bin/java -version
[        ] openjdk version "21.0.7" 2025-04-15
           OpenJDK Runtime Environment (build 21.0.7+-13880790-b1038.58)
           OpenJDK 64-Bit Server VM (build 21.0.7+-13880790-b1038.58, mixed mode)
[   +7 ms] Top-level Gradle build file not found, skipping migration of task "clean".
[   +1 ms] executing: /snap/android-studio/209/jbr/bin/java --version
[  +49 ms] Exit code 0 from: /snap/android-studio/209/jbr/bin/java --version
[        ] openjdk 21.0.7 2025-04-15
           OpenJDK Runtime Environment (build 21.0.7+-13880790-b1038.58)
           OpenJDK 64-Bit Server VM (build 21.0.7+-13880790-b1038.58, mixed mode)
[   +1 ms] Version of Java is different than impacted version, no migration attempted.
[  +11 ms] CMake project not found, skipping support Android 15 16k page size migration.
[   +2 ms] Using gradle from /media/aleks/SD11/LiAutoScanner/li_auto_monitor/android/gradlew.
[  +13 ms] LocalFile: '/media/aleks/SD11/LiAutoScanner/li_auto_monitor/android/build.gradle.kts' doesn't provide an AGP version. Checking settings.
[        ] LocalFile: '/media/aleks/SD11/LiAutoScanner/li_auto_monitor/android/settings.gradle.kts' provides AGP version: 8.11.1
[   +5 ms] Running Gradle task 'assembleDebug'...
[        ] executing: [/media/aleks/SD11/LiAutoScanner/li_auto_monitor/android/] /media/aleks/SD11/LiAutoScanner/li_auto_monitor/android/gradlew --full-stacktrace --info -Pverbose=true -Ptarget-platform=android-arm,android-arm64,android-x64 -Ptarget=lib/main.dart -Pbase-application-name=android.app.Application -Pdart-defines=RkxVVFRFUl9WRVJTSU9OPTMuMzguNQ==,RkxVVFRFUl9DSEFOTkVMPXN0YWJsZQ==,RkxVVFRFUl9HSVRfVVJMPWh0dHBzOi8vZ2l0aHViLmNvbS9mbHV0dGVyL2ZsdXR0ZXIuZ2l0,RkxVVFRFUl9GUkFNRVdPUktfUkVWSVNJT049ZjZmZjE1MjlmZA==,RkxVVFRFUl9FTkdJTkVfUkVWSVNJT049MTUyN2FlMGVjNQ==,RkxVVFRFUl9EQVJUX1ZFUlNJT049My4xMC40 -Pdart-obfuscation=false -Ptrack-widget-creation=true -Ptree-shake-icons=false assembleDebug
[ +318 ms] Initialized native services in: /home/aleks/.gradle/native
[        ] Initialized jansi services in: /home/aleks/.gradle/native
[ +108 ms] Welcome to Gradle 8.14!
[        ] Here are the highlights of this release:
[        ]  - Java 24 support
[        ]  - GraalVM Native Image toolchain selection
[        ]  - Enhancements to test reporting
[        ]  - Build Authoring improvements
[        ] For more details see https://docs.gradle.org/8.14/release-notes.html
[  +99 ms] The client will now receive all logging from the daemon (pid: 25287). The daemon log file: /home/aleks/.gradle/daemon/8.14/daemon-25287.out.log
[        ] Starting 5th build in daemon [uptime: 16 mins 52.163 secs, performance: 100%, GC rate: 0.00/s, heap usage: 0% of 8 GiB, non-heap usage: 6% of 4 GiB]
[        ] Using 32 worker leases.
[        ] Not watching /media/aleks/SD11/LiAutoScanner/li_auto_monitor/android since the file system is not supported
[        ] Watching the file system is configured to be enabled if available
[        ] File system watching is active
[        ] Starting Build
[        ] Now considering [/home/aleks/development/flutter/packages/flutter_tools/gradle] as hierarchies to watch
[  +98 ms] > Configure project :gradle
[        ] Evaluating project ':gradle' using build file '/home/aleks/development/flutter/packages/flutter_tools/gradle/build.gradle.kts'.
[        ] Resolved plugin [id: 'org.gradle.java-gradle-plugin']
[        ] Resolved plugin [id: 'org.gradle.groovy']
[        ] Resolved plugin [id: 'org.gradle.kotlin.kotlin-dsl', version: '5.2.0']
[        ] Resolved plugin [id: 'org.jetbrains.kotlin.jvm', version: '1.9.20']
[        ] Using Kotlin Gradle Plugin gradle85 variant
[        ] kotlin scripting plugin: created the scripting discovery configuration: kotlinScriptDef
[        ] kotlin scripting plugin: created the scripting discovery configuration: testKotlinScriptDef
[        ] file or directory '/home/aleks/development/flutter/packages/flutter_tools/gradle/src/main/java', not found
[        ] Resolved plugin [id: 'dev.flutter.flutter-plugin-loader', version: '1.0.0']
[        ] Resolved plugin [id: 'com.android.application', version: '8.11.1', apply: false]
[        ] Resolved plugin [id: 'org.jetbrains.kotlin.android', version: '2.2.20', apply: false]
[        ] Resolve mutations for :gradle:checkKotlinGradlePluginConfigurationErrors (Thread[#1787,Execution worker,5,main]) started.
[        ] :gradle:checkKotlinGradlePluginConfigurationErrors (Thread[#1787,Execution worker,5,main]) started.
[        ] > Task :gradle:checkKotlinGradlePluginConfigurationErrors SKIPPED
[        ] Skipping task ':gradle:checkKotlinGradlePluginConfigurationErrors' as task onlyIf 'errorDiagnostics are present' is false.
[        ] Resolve mutations for :gradle:compileKotlin (Thread[#1807,Execution worker Thread 20,5,main]) started.
[        ] :gradle:compileKotlin (Thread[#1807,Execution worker Thread 20,5,main]) started.
[        ] > Task :gradle:compileKotlin UP-TO-DATE
[        ] Caching disabled for task ':gradle:compileKotlin' because:
[        ]   Build cache is disabled
[        ] Skipping task ':gradle:compileKotlin' as it is up-to-date.
[        ] Resolve mutations for :gradle:compileJava (Thread[#1807,Execution worker Thread 20,5,main]) started.
[        ] :gradle:compileJava (Thread[#1807,Execution worker Thread 20,5,main]) started.
[        ] > Task :gradle:compileJava NO-SOURCE
[        ] Skipping task ':gradle:compileJava' as it has no source files and no previous output files.
[        ] Resolve mutations for :gradle:compileGroovy (Thread[#1807,Execution worker Thread 20,5,main]) started.
[        ] :gradle:compileGroovy (Thread[#1807,Execution worker Thread 20,5,main]) started.
[        ] > Task :gradle:compileGroovy NO-SOURCE
[        ] Skipping task ':gradle:compileGroovy' as it has no source files and no previous output files.
[        ] Resolve mutations for :gradle:pluginDescriptors (Thread[#1807,Execution worker Thread 20,5,main]) started.
[        ] :gradle:pluginDescriptors (Thread[#1810,Execution worker Thread 23,5,main]) started.
[        ] > Task :gradle:pluginDescriptors UP-TO-DATE
[        ] Caching disabled for task ':gradle:pluginDescriptors' because:
[        ]   Build cache is disabled
[        ]   Not worth caching
[        ] Skipping task ':gradle:pluginDescriptors' as it is up-to-date.
[        ] Resolve mutations for :gradle:processResources (Thread[#1810,Execution worker Thread 23,5,main]) started.
[        ] :gradle:processResources (Thread[#1810,Execution worker Thread 23,5,main]) started.
[        ] > Task :gradle:processResources UP-TO-DATE
[        ] Caching disabled for task ':gradle:processResources' because:
[        ]   Build cache is disabled
[        ]   Not worth caching
[        ] Skipping task ':gradle:processResources' as it is up-to-date.
[        ] Resolve mutations for :gradle:classes (Thread[#1810,Execution worker Thread 23,5,main]) started.
[        ] :gradle:classes (Thread[#1810,Execution worker Thread 23,5,main]) started.
[        ] > Task :gradle:classes UP-TO-DATE
[        ] Skipping task ':gradle:classes' as it has no actions.
[        ] Resolve mutations for :gradle:jar (Thread[#1792,Execution worker Thread 6,5,main]) started.
[        ] :gradle:jar (Thread[#1792,Execution worker Thread 6,5,main]) started.
[        ] > Task :gradle:jar UP-TO-DATE
[        ] Caching disabled for task ':gradle:jar' because:
[        ]   Build cache is disabled
[        ]   Not worth caching
[        ] Skipping task ':gradle:jar' as it is up-to-date.
[  +94 ms] Settings evaluated using settings file '/media/aleks/SD11/LiAutoScanner/li_auto_monitor/android/settings.gradle.kts'.
[        ] Projects loaded. Root project using build file '/media/aleks/SD11/LiAutoScanner/li_auto_monitor/android/build.gradle.kts'.
[        ] Included projects: [root project 'android', project ':app', project ':file_picker', project ':flutter_plugin_android_lifecycle', project ':path_provider_android', project ':url_launcher_android']
[        ] > Configure project :app
[        ] Evaluating project ':app' using build file '/media/aleks/SD11/LiAutoScanner/li_auto_monitor/android/app/build.gradle.kts'.
[        ] Resolved plugin [id: 'com.android.application']
[        ] Resolved plugin [id: 'kotlin-android']
[        ] Resolved plugin [id: 'dev.flutter.flutter-gradle-plugin']
[        ] Using default execution profile
[        ] Build c35c8364-7178-4340-bcea-70421201ad82 is started
[        ] Using Kotlin Gradle Plugin gradle813 variant
[        ] C/C++: android.ndkVersion from module build.gradle is [28.2.13676358]
[        ] C/C++: android.ndkPath from module build.gradle is not set
[        ] C/C++: ndk.dir in local.properties is not set
[        ] C/C++: Not considering ANDROID_NDK_HOME because support was removed after deprecation period.
[        ] C/C++: sdkFolder is /home/aleks/Android/Sdk
[        ] C/C++: android.ndkVersion from module build.gradle is [28.2.13676358]
[        ] C/C++: android.ndkPath from module build.gradle is not set
[        ] C/C++: ndk.dir in local.properties is not set
[        ] C/C++: Not considering ANDROID_NDK_HOME because support was removed after deprecation period.
[        ] C/C++: sdkFolder is /home/aleks/Android/Sdk
[        ] C/C++: android.ndkVersion from module build.gradle is [28.2.13676358]
[        ] C/C++: android.ndkPath from module build.gradle is not set
[        ] C/C++: ndk.dir in local.properties is not set
[        ] C/C++: Not considering ANDROID_NDK_HOME because support was removed after deprecation period.
[        ] C/C++: sdkFolder is /home/aleks/Android/Sdk
[        ] C/C++: android.ndkVersion from module build.gradle is [28.2.13676358]
[        ] C/C++: android.ndkPath from module build.gradle is not set
[        ] C/C++: ndk.dir in local.properties is not set
[        ] C/C++: Not considering ANDROID_NDK_HOME because support was removed after deprecation period.
[        ] C/C++: sdkFolder is /home/aleks/Android/Sdk
[        ] C/C++: android.ndkVersion from module build.gradle is [28.2.13676358]
[        ] C/C++: android.ndkPath from module build.gradle is not set
[        ] C/C++: ndk.dir in local.properties is not set
[        ] C/C++: Not considering ANDROID_NDK_HOME because support was removed after deprecation period.
[        ] C/C++: sdkFolder is /home/aleks/Android/Sdk
[        ] C/C++: android.ndkVersion from module build.gradle is [28.2.13676358]
[        ] C/C++: android.ndkPath from module build.gradle is not set
[        ] C/C++: ndk.dir in local.properties is not set
[        ] C/C++: Not considering ANDROID_NDK_HOME because support was removed after deprecation period.
[        ] C/C++: sdkFolder is /home/aleks/Android/Sdk
[        ] C/C++: android.ndkVersion from module build.gradle is [28.2.13676358]
[        ] C/C++: android.ndkPath from module build.gradle is not set
[        ] C/C++: ndk.dir in local.properties is not set
[        ] C/C++: Not considering ANDROID_NDK_HOME because support was removed after deprecation period.
[        ] C/C++: sdkFolder is /home/aleks/Android/Sdk
[        ] C/C++: android.ndkVersion from module build.gradle is [28.2.13676358]
[        ] C/C++: android.ndkPath from module build.gradle is not set
[        ] C/C++: ndk.dir in local.properties is not set
[        ] C/C++: Not considering ANDROID_NDK_HOME because support was removed after deprecation period.
[        ] C/C++: sdkFolder is /home/aleks/Android/Sdk
[        ] C/C++: android.ndkVersion from module build.gradle is [28.2.13676358]
[        ] C/C++: android.ndkPath from module build.gradle is not set
[        ] C/C++: ndk.dir in local.properties is not set
[        ] C/C++: Not considering ANDROID_NDK_HOME because support was removed after deprecation period.
[        ] C/C++: sdkFolder is /home/aleks/Android/Sdk
[        ] C/C++: android.ndkVersion from module build.gradle is [28.2.13676358]
[        ] C/C++: android.ndkPath from module build.gradle is not set
[        ] C/C++: ndk.dir in local.properties is not set
[        ] C/C++: Not considering ANDROID_NDK_HOME because support was removed after deprecation period.
[        ] C/C++: sdkFolder is /home/aleks/Android/Sdk
[        ] C/C++: android.ndkVersion from module build.gradle is [28.2.13676358]
[        ] C/C++: android.ndkPath from module build.gradle is not set
[        ] C/C++: ndk.dir in local.properties is not set
[        ] C/C++: Not considering ANDROID_NDK_HOME because support was removed after deprecation period.
[        ] C/C++: sdkFolder is /home/aleks/Android/Sdk
[        ] C/C++: android.ndkVersion from module build.gradle is [28.2.13676358]
[        ] C/C++: android.ndkPath from module build.gradle is not set
[        ] C/C++: ndk.dir in local.properties is not set
[        ] C/C++: Not considering ANDROID_NDK_HOME because support was removed after deprecation period.
[        ] C/C++: sdkFolder is /home/aleks/Android/Sdk
[        ] C/C++: android.ndkVersion from module build.gradle is [28.2.13676358]
[        ] C/C++: android.ndkPath from module build.gradle is not set
[        ] C/C++: ndk.dir in local.properties is not set
[        ] C/C++: Not considering ANDROID_NDK_HOME because support was removed after deprecation period.
[        ] C/C++: sdkFolder is /home/aleks/Android/Sdk
[        ] C/C++: android.ndkVersion from module build.gradle is [28.2.13676358]
[        ] C/C++: android.ndkPath from module build.gradle is not set
[        ] C/C++: ndk.dir in local.properties is not set
[        ] C/C++: Not considering ANDROID_NDK_HOME because support was removed after deprecation period.
[        ] C/C++: sdkFolder is /home/aleks/Android/Sdk
[        ] C/C++: android.ndkVersion from module build.gradle is [28.2.13676358]
[        ] C/C++: android.ndkPath from module build.gradle is not set
[        ] C/C++: ndk.dir in local.properties is not set
[        ] C/C++: Not considering ANDROID_NDK_HOME because support was removed after deprecation period.
[        ] C/C++: sdkFolder is /home/aleks/Android/Sdk
[        ] C/C++: android.ndkVersion from module build.gradle is [28.2.13676358]
[        ] C/C++: android.ndkPath from module build.gradle is not set
[        ] C/C++: ndk.dir in local.properties is not set
[        ] C/C++: Not considering ANDROID_NDK_HOME because support was removed after deprecation period.
[        ] C/C++: sdkFolder is /home/aleks/Android/Sdk
[        ] C/C++: android.ndkVersion from module build.gradle is [28.2.13676358]
[        ] C/C++: android.ndkPath from module build.gradle is not set
[        ] C/C++: ndk.dir in local.properties is not set
[        ] C/C++: Not considering ANDROID_NDK_HOME because support was removed after deprecation period.
[        ] C/C++: sdkFolder is /home/aleks/Android/Sdk
[        ] C/C++: android.ndkVersion from module build.gradle is [28.2.13676358]
[        ] C/C++: android.ndkPath from module build.gradle is not set
[        ] C/C++: ndk.dir in local.properties is not set
[        ] C/C++: Not considering ANDROID_NDK_HOME because support was removed after deprecation period.
[        ] C/C++: sdkFolder is /home/aleks/Android/Sdk
[        ] C/C++: android.ndkVersion from module build.gradle is [28.2.13676358]
[        ] C/C++: android.ndkPath from module build.gradle is not set
[        ] C/C++: ndk.dir in local.properties is not set
[        ] C/C++: Not considering ANDROID_NDK_HOME because support was removed after deprecation period.
[        ] C/C++: sdkFolder is /home/aleks/Android/Sdk
[        ] > Configure project :
[        ] Evaluating root project 'android' using build file '/media/aleks/SD11/LiAutoScanner/li_auto_monitor/android/build.gradle.kts'.
[  +90 ms] > Configure project :file_picker
[        ] Evaluating project ':file_picker' using build file '/home/aleks/.pub-cache/hosted/pub.dev/file_picker-10.3.10/android/build.gradle'.
[        ] Using default execution profile
[        ] Using Kotlin Gradle Plugin gradle813 variant
[  +99 ms] > Configure project :flutter_plugin_android_lifecycle
[        ] Evaluating project ':flutter_plugin_android_lifecycle' using build file '/home/aleks/.pub-cache/hosted/pub.dev/flutter_plugin_android_lifecycle-2.0.33/android/build.gradle'.
[        ] Using default execution profile
[        ] > Configure project :path_provider_android
[        ] Evaluating project ':path_provider_android' using build file '/home/aleks/.pub-cache/hosted/pub.dev/path_provider_android-2.2.22/android/build.gradle'.
[        ] Using default execution profile
[        ] > Configure project :url_launcher_android
[        ] Evaluating project ':url_launcher_android' using build file '/home/aleks/.pub-cache/hosted/pub.dev/url_launcher_android-6.3.28/android/build.gradle'.
[        ] Using default execution profile
[        ] All projects evaluated.
[        ] Task name matched 'assembleDebug'
[        ] Selected primary task 'assembleDebug' from project :
[        ] Adding -Xuse-inline-scopes-numbers Kotlin compiler flag for task :app:compileDebugKotlin
[  +99 ms] Tasks to be executed: [task ':app:DebugMinSdkCheck', task ':app:preBuild', task ':app:preDebugBuild', task ':app:mergeDebugNativeDebugMetadata', task ':app:checkKotlinGradlePluginConfigurationErrors', task ':app:compileFlutterBuildDebug', task ':app:packJniLibsflutterBuildDebug', task ':file_picker:preBuild', task ':file_picker:preDebugBuild', task ':file_picker:writeDebugAarMetadata', task ':flutter_plugin_android_lifecycle:preBuild', task ':flutter_plugin_android_lifecycle:preDebugBuild', task ':flutter_plugin_android_lifecycle:writeDebugAarMetadata', task ':path_provider_android:preBuild', task ':path_provider_android:preDebugBuild', task ':path_provider_android:writeDebugAarMetadata', task ':url_launcher_android:preBuild', task ':url_launcher_android:preDebugBuild', task ':url_launcher_android:writeDebugAarMetadata', task ':app:checkDebugAarMetadata', task ':app:cleanMergeDebugAssets', task ':app:mergeDebugShaders', task ':app:compileDebugShaders', task ':app:generateDebugAssets', task ':file_picker:mergeDebugShaders', task ':file_picker:compileDebugShaders', task ':file_picker:generateDebugAssets', task ':file_picker:mergeDebugAssets', task ':flutter_plugin_android_lifecycle:mergeDebugShaders', task ':flutter_plugin_android_lifecycle:compileDebugShaders', task ':flutter_plugin_android_lifecycle:generateDebugAssets', task ':flutter_plugin_android_lifecycle:mergeDebugAssets', task ':path_provider_android:mergeDebugShaders', task ':path_provider_android:compileDebugShaders', task ':path_provider_android:generateDebugAssets', task ':path_provider_android:mergeDebugAssets', task ':url_launcher_android:mergeDebugShaders', task ':url_launcher_android:compileDebugShaders', task ':url_launcher_android:generateDebugAssets', task ':url_launcher_android:mergeDebugAssets', task ':app:mergeDebugAssets', task ':app:copyFlutterAssetsDebug', task ':app:generateDebugResValues', task ':file_picker:generateDebugResValues', task ':file_picker:generateDebugResources', task ':file_picker:packageDebugResources', task ':flutter_plugin_android_lifecycle:generateDebugResValues', task ':flutter_plugin_android_lifecycle:generateDebugResources', task ':flutter_plugin_android_lifecycle:packageDebugResources', task ':path_provider_android:generateDebugResValues', task ':path_provider_android:generateDebugResources', task ':path_provider_android:packageDebugResources', task ':url_launcher_android:generateDebugResValues', task ':url_launcher_android:generateDebugResources', task ':url_launcher_android:packageDebugResources', task ':app:mapDebugSourceSetPaths', task ':app:generateDebugResources', task ':app:mergeDebugResources', task ':app:packageDebugResources', task ':app:parseDebugLocalResources', task ':app:createDebugCompatibleScreenManifests', task ':app:extractDeepLinksDebug', task ':file_picker:extractDeepLinksDebug', task ':file_picker:processDebugManifest', task ':flutter_plugin_android_lifecycle:extractDeepLinksDebug', task ':flutter_plugin_android_lifecycle:processDebugManifest', task ':path_provider_android:extractDeepLinksDebug', task ':path_provider_android:processDebugManifest', task ':url_launcher_android:extractDeepLinksDebug', task ':url_launcher_android:processDebugManifest', task ':app:processDebugMainManifest', task ':app:outputDebugAppLinkSettings', task ':app:processDebugManifest', task ':app:processDebugManifestForPackage', task ':file_picker:compileDebugLibraryResources', task ':file_picker:parseDebugLocalResources', task ':file_picker:generateDebugRFile', task ':flutter_plugin_android_lifecycle:compileDebugLibraryResources', task ':flutter_plugin_android_lifecycle:parseDebugLocalResources', task ':flutter_plugin_android_lifecycle:generateDebugRFile', task ':path_provider_android:compileDebugLibraryResources', task ':path_provider_android:parseDebugLocalResources', task ':path_provider_android:generateDebugRFile', task ':url_launcher_android:compileDebugLibraryResources', task ':url_launcher_android:parseDebugLocalResources', task ':url_launcher_android:generateDebugRFile', task ':app:processDebugResources', task ':file_picker:checkKotlinGradlePluginConfigurationErrors', task ':flutter_plugin_android_lifecycle:javaPreCompileDebug', task ':flutter_plugin_android_lifecycle:compileDebugJavaWithJavac', task ':flutter_plugin_android_lifecycle:bundleLibCompileToJarDebug', task ':file_picker:compileDebugKotlin', task ':file_picker:javaPreCompileDebug', task ':file_picker:compileDebugJavaWithJavac', task ':file_picker:bundleLibCompileToJarDebug', task ':path_provider_android:javaPreCompileDebug', task ':path_provider_android:compileDebugJavaWithJavac', task ':path_provider_android:bundleLibCompileToJarDebug', task ':url_launcher_android:generateDebugBuildConfig', task ':url_launcher_android:javaPreCompileDebug', task ':url_launcher_android:compileDebugJavaWithJavac', task ':url_launcher_android:bundleLibCompileToJarDebug', task ':app:compileDebugKotlin', task ':app:javaPreCompileDebug', task ':app:compileDebugJavaWithJavac', task ':app:compressDebugAssets', task ':file_picker:bundleLibRuntimeToJarDebug', task ':flutter_plugin_android_lifecycle:bundleLibRuntimeToJarDebug', task ':path_provider_android:bundleLibRuntimeToJarDebug', task ':url_launcher_android:bundleLibRuntimeToJarDebug', task ':app:desugarDebugFileDependencies', task ':app:dexBuilderDebug', task ':app:mergeDebugGlobalSynthetics', task ':app:processDebugJavaRes', task ':file_picker:processDebugJavaRes', task ':flutter_plugin_android_lifecycle:processDebugJavaRes', task ':path_provider_android:processDebugJavaRes', task ':url_launcher_android:processDebugJavaRes', task ':app:mergeDebugJavaResource', task ':app:checkDebugDuplicateClasses', task ':app:mergeExtDexDebug', task ':file_picker:bundleLibRuntimeToDirDebug', task ':flutter_plugin_android_lifecycle:bundleLibRuntimeToDirDebug', task ':path_provider_android:bundleLibRuntimeToDirDebug', task ':url_launcher_android:bundleLibRuntimeToDirDebug', task ':app:mergeLibDexDebug', task ':app:mergeProjectDexDebug', task ':app:configureCMakeDebug[arm64-v8a]', task ':app:buildCMakeDebug[arm64-v8a]', task ':app:configureCMakeDebug[armeabi-v7a]', task ':app:buildCMakeDebug[armeabi-v7a]', task ':app:configureCMakeDebug[x86_64]', task ':app:buildCMakeDebug[x86_64]', task ':app:mergeDebugJniLibFolders', task ':file_picker:mergeDebugJniLibFolders', task ':file_picker:mergeDebugNativeLibs', task ':file_picker:copyDebugJniLibsProjectOnly', task ':flutter_plugin_android_lifecycle:mergeDebugJniLibFolders', task ':flutter_plugin_android_lifecycle:mergeDebugNativeLibs', task ':flutter_plugin_android_lifecycle:copyDebugJniLibsProjectOnly', task ':path_provider_android:mergeDebugJniLibFolders', task ':path_provider_android:mergeDebugNativeLibs', task ':path_provider_android:copyDebugJniLibsProjectOnly', task ':url_launcher_android:mergeDebugJniLibFolders', task ':url_launcher_android:mergeDebugNativeLibs', task ':url_launcher_android:copyDebugJniLibsProjectOnly', task ':app:mergeDebugNativeLibs', task ':app:stripDebugDebugSymbols', task ':app:validateSigningDebug', task ':app:writeDebugAppMetadata', task ':app:writeDebugSigningConfigVersions', task ':app:packageDebug', task ':app:createDebugApkListingFileRedirect', task ':app:assembleDebug', task ':file_picker:stripDebugDebugSymbols', task ':file_picker:copyDebugJniLibsProjectAndLocalJars', task ':file_picker:extractDebugAnnotations', task ':file_picker:extractDeepLinksForAarDebug', task ':file_picker:mergeDebugGeneratedProguardFiles', task ':file_picker:mergeDebugConsumerProguardFiles', task ':file_picker:prepareDebugArtProfile', task ':file_picker:prepareLintJarForPublish', task ':file_picker:mergeDebugJavaResource', task ':file_picker:syncDebugLibJars', task ':file_picker:bundleDebugAar', task ':file_picker:assembleDebug', task ':flutter_plugin_android_lifecycle:stripDebugDebugSymbols', task ':flutter_plugin_android_lifecycle:copyDebugJniLibsProjectAndLocalJars', task ':flutter_plugin_android_lifecycle:extractDebugAnnotations', task ':flutter_plugin_android_lifecycle:extractDeepLinksForAarDebug', task ':flutter_plugin_android_lifecycle:mergeDebugGeneratedProguardFiles', task ':flutter_plugin_android_lifecycle:mergeDebugConsumerProguardFiles', task ':flutter_plugin_android_lifecycle:prepareDebugArtProfile', task ':flutter_plugin_android_lifecycle:prepareLintJarForPublish', task ':flutter_plugin_android_lifecycle:mergeDebugJavaResource', task ':flutter_plugin_android_lifecycle:syncDebugLibJars', task ':flutter_plugin_android_lifecycle:bundleDebugAar', task ':flutter_plugin_android_lifecycle:assembleDebug', task ':path_provider_android:stripDebugDebugSymbols', task ':path_provider_android:copyDebugJniLibsProjectAndLocalJars', task ':path_provider_android:extractDebugAnnotations', task ':path_provider_android:extractDeepLinksForAarDebug', task ':path_provider_android:mergeDebugGeneratedProguardFiles', task ':path_provider_android:mergeDebugConsumerProguardFiles', task ':path_provider_android:prepareDebugArtProfile', task ':path_provider_android:prepareLintJarForPublish', task ':path_provider_android:mergeDebugJavaResource', task ':path_provider_android:syncDebugLibJars', task ':path_provider_android:bundleDebugAar', task ':path_provider_android:assembleDebug', task ':url_launcher_android:stripDebugDebugSymbols', task ':url_launcher_android:copyDebugJniLibsProjectAndLocalJars', task ':url_launcher_android:extractDebugAnnotations', task ':url_launcher_android:extractDeepLinksForAarDebug', task ':url_launcher_android:mergeDebugGeneratedProguardFiles', task ':url_launcher_android:mergeDebugConsumerProguardFiles', task ':url_launcher_android:prepareDebugArtProfile', task ':url_launcher_android:prepareLintJarForPublish', task ':url_launcher_android:mergeDebugJavaResource', task ':url_launcher_android:syncDebugLibJars', task ':url_launcher_android:bundleDebugAar', task ':url_launcher_android:assembleDebug']
[        ] Tasks that were excluded: []
[        ] work action Parameters of IdentityTransform (Thread[#1803,Execution worker Thread 16,5,main]) started.
[        ] work action Parameters of DexingNoClasspathTransform (Thread[#1803,Execution worker Thread 16,5,main]) started.
[        ] work action Parameters of DexingOutputSplitTransform (Thread[#1803,Execution worker Thread 16,5,main]) started.
[        ] work action Parameters of ClassesDirToClassesTransform (Thread[#1810,Execution worker Thread 23,5,main]) started.
[        ] work action Parameters of DexingOutputSplitTransform (Thread[#1810,Execution worker Thread 23,5,main]) started.
[        ] Resolve mutations for :app:DebugMinSdkCheck (Thread[#1810,Execution worker Thread 23,5,main]) started.
[        ] :app:DebugMinSdkCheck (Thread[#1810,Execution worker Thread 23,5,main]) started.
[        ] > Task :app:DebugMinSdkCheck
[        ] Caching disabled for task ':app:DebugMinSdkCheck' because:
[        ]   Build cache is disabled
[        ] Task ':app:DebugMinSdkCheck' is not up-to-date because:
[        ]   Task has not declared any outputs despite executing actions.
[        ] Resolve mutations for :app:preBuild (Thread[#1810,Execution worker Thread 23,5,main]) started.
[        ] :app:preBuild (Thread[#1810,Execution worker Thread 23,5,main]) started.
[        ] > Task :app:preBuild UP-TO-DATE
[        ] Skipping task ':app:preBuild' as it has no actions.
[        ] Resolve mutations for :app:preDebugBuild (Thread[#1816,Execution worker Thread 29,5,main]) started.
[        ] :app:preDebugBuild (Thread[#1816,Execution worker Thread 29,5,main]) started.
[        ] > Task :app:preDebugBuild UP-TO-DATE
[        ] Skipping task ':app:preDebugBuild' as it has no actions.
[        ] Resolve mutations for :app:mergeDebugNativeDebugMetadata (Thread[#1816,Execution worker Thread 29,5,main]) started.
[        ] :app:mergeDebugNativeDebugMetadata (Thread[#1816,Execution worker Thread 29,5,main]) started.
[        ] > Task :app:mergeDebugNativeDebugMetadata NO-SOURCE
[        ] Skipping task ':app:mergeDebugNativeDebugMetadata' as it has no source files and no previous output files.
[        ] Resolve mutations for :app:checkKotlinGradlePluginConfigurationErrors (Thread[#1816,Execution worker Thread 29,5,main]) started.
[        ] :app:checkKotlinGradlePluginConfigurationErrors (Thread[#1816,Execution worker Thread 29,5,main]) started.
[        ] > Task :app:checkKotlinGradlePluginConfigurationErrors SKIPPED
[        ] Skipping task ':app:checkKotlinGradlePluginConfigurationErrors' as task onlyIf 'errorDiagnostics are present' is false.
[        ] Resolve mutations for :app:compileFlutterBuildDebug (Thread[#1808,Execution worker Thread 21,5,main]) started.
[        ] :app:compileFlutterBuildDebug (Thread[#1808,Execution worker Thread 21,5,main]) started.
[+1587 ms] > Task :app:compileFlutterBuildDebug FAILED
[        ] Caching disabled for task ':app:compileFlutterBuildDebug' because:
[        ]   Build cache is disabled
[        ]   Caching has not been enabled for the task
[        ] Task ':app:compileFlutterBuildDebug' is not up-to-date because:
[        ]   Task has failed previously.
[        ] Starting process 'command '/home/aleks/development/flutter/bin/flutter''. Working directory: /media/aleks/SD11/LiAutoScanner/li_auto_monitor Command: /home/aleks/development/flutter/bin/flutter --verbose assemble --no-version-check --depfile /media/aleks/SD11/LiAutoScanner/li_auto_monitor/build/app/intermediates/flutter/debug/flutter_build.d --output /media/aleks/SD11/LiAutoScanner/li_auto_monitor/build/app/intermediates/flutter/debug -dTargetFile=lib/main.dart -dTargetPlatform=android -dBuildMode=debug -dTrackWidgetCreation=true --DartDefines=RkxVVFRFUl9WRVJTSU9OPTMuMzguNQ==,RkxVVFRFUl9DSEFOTkVMPXN0YWJsZQ==,RkxVVFRFUl9HSVRfVVJMPWh0dHBzOi8vZ2l0aHViLmNvbS9mbHV0dGVyL2ZsdXR0ZXIuZ2l0,RkxVVFRFUl9GUkFNRVdPUktfUkVWSVNJT049ZjZmZjE1MjlmZA==,RkxVVFRFUl9FTkdJTkVfUkVWSVNJT049MTUyN2FlMGVjNQ==,RkxVVFRFUl9EQVJUX1ZFUlNJT049My4xMC40 -dFlavor= -dAndroidArchs=android-arm android-arm64 android-x64 -dMinSdkVersion=24 debug_android_application
[        ] Successfully started process 'command '/home/aleks/development/flutter/bin/flutter''
[        ] [  +17 ms] executing: uname -m
[        ] [   +3 ms] Exit code 0 from: uname -m
[        ] [        ] x86_64
[        ] [   +5 ms] Artifact Instance of 'MaterialFonts' is not required, skipping update.
[        ] [        ] Artifact Instance of 'GradleWrapper' is not required, skipping update.
[        ] [        ] Artifact Instance of 'AndroidGenSnapshotArtifacts' is not required, skipping update.
[        ] [        ] Artifact Instance of 'AndroidInternalBuildArtifacts' is not required, skipping update.
[        ] [        ] Artifact Instance of 'IOSEngineArtifacts' is not required, skipping update.
[        ] [        ] Artifact Instance of 'FlutterWebSdk' is not required, skipping update.
[        ] [        ] Artifact Instance of 'LegacyCanvasKitRemover' is not required, skipping update.
[        ] [        ] Artifact Instance of 'FlutterSdk' is not required, skipping update.
[        ] [        ] Artifact Instance of 'WindowsEngineArtifacts' is not required, skipping update.
[        ] [        ] Artifact Instance of 'MacOSEngineArtifacts' is not required, skipping update.
[        ] [        ] Artifact Instance of 'LinuxEngineArtifacts' is not required, skipping update.
[        ] [        ] Artifact Instance of 'LinuxFuchsiaSDKArtifacts' is not required, skipping update.
[        ] [        ] Artifact Instance of 'MacOSFuchsiaSDKArtifacts' is not required, skipping update.
[        ] [        ] Artifact Instance of 'FlutterRunnerSDKArtifacts' is not required, skipping update.
[        ] [        ] Artifact Instance of 'FlutterRunnerDebugSymbols' is not required, skipping update.
[        ] [        ] Artifact Instance of 'IosUsbArtifacts' is not required, skipping update.
[        ] [        ] Artifact Instance of 'IosUsbArtifacts' is not required, skipping update.
[        ] [        ] Artifact Instance of 'IosUsbArtifacts' is not required, skipping update.
[        ] [        ] Artifact Instance of 'IosUsbArtifacts' is not required, skipping update.
[        ] [        ] Artifact Instance of 'IosUsbArtifacts' is not required, skipping update.
[        ] [        ] Artifact Instance of 'IosUsbArtifacts' is not required, skipping update.
[        ] [        ] Artifact Instance of 'FontSubsetArtifacts' is not required, skipping update.
[        ] [        ] Artifact Instance of 'PubDependencies' is not required, skipping update.
[        ] [   +6 ms] Artifact Instance of 'AndroidGenSnapshotArtifacts' is not required, skipping update.
[        ] [        ] Artifact Instance of 'AndroidInternalBuildArtifacts' is not required, skipping update.
[        ] [        ] Artifact Instance of 'IOSEngineArtifacts' is not required, skipping update.
[        ] [        ] Artifact Instance of 'FlutterWebSdk' is not required, skipping update.
[        ] [        ] Artifact Instance of 'FlutterEngineStamp' is not required, skipping update.
[        ] [        ] Artifact Instance of 'LegacyCanvasKitRemover' is not required, skipping update.
[        ] [   +1 ms] Artifact Instance of 'WindowsEngineArtifacts' is not required, skipping update.
[        ] [        ] Artifact Instance of 'MacOSEngineArtifacts' is not required, skipping update.
[        ] [        ] Artifact Instance of 'LinuxEngineArtifacts' is not required, skipping update.
[        ] [        ] Artifact Instance of 'LinuxFuchsiaSDKArtifacts' is not required, skipping update.
[        ] [        ] Artifact Instance of 'MacOSFuchsiaSDKArtifacts' is not required, skipping update.
[        ] [        ] Artifact Instance of 'FlutterRunnerSDKArtifacts' is not required, skipping update.
[        ] [        ] Artifact Instance of 'FlutterRunnerDebugSymbols' is not required, skipping update.
[        ] [  +27 ms] Artifact Instance of 'MaterialFonts' is not required, skipping update.
[        ] [        ] Artifact Instance of 'GradleWrapper' is not required, skipping update.
[        ] [        ] Artifact Instance of 'AndroidInternalBuildArtifacts' is not required, skipping update.
[        ] [        ] Artifact Instance of 'IOSEngineArtifacts' is not required, skipping update.
[        ] [        ] Artifact Instance of 'FlutterWebSdk' is not required, skipping update.
[        ] [        ] Artifact Instance of 'FlutterEngineStamp' is not required, skipping update.
[        ] [        ] Artifact Instance of 'LegacyCanvasKitRemover' is not required, skipping update.
[        ] [        ] Artifact Instance of 'FlutterSdk' is not required, skipping update.
[        ] [        ] Artifact Instance of 'WindowsEngineArtifacts' is not required, skipping update.
[        ] [        ] Artifact Instance of 'MacOSEngineArtifacts' is not required, skipping update.
[        ] [        ] Artifact Instance of 'LinuxEngineArtifacts' is not required, skipping update.
[        ] [        ] Artifact Instance of 'LinuxFuchsiaSDKArtifacts' is not required, skipping update.
[        ] [        ] Artifact Instance of 'MacOSFuchsiaSDKArtifacts' is not required, skipping update.
[        ] [        ] Artifact Instance of 'FlutterRunnerSDKArtifacts' is not required, skipping update.
[        ] [        ] Artifact Instance of 'FlutterRunnerDebugSymbols' is not required, skipping update.
[        ] [        ] Artifact Instance of 'IosUsbArtifacts' is not required, skipping update.
[        ] [        ] Artifact Instance of 'IosUsbArtifacts' is not required, skipping update.
[        ] [        ] Artifact Instance of 'IosUsbArtifacts' is not required, skipping update.
[        ] [        ] Artifact Instance of 'IosUsbArtifacts' is not required, skipping update.
[        ] [        ] Artifact Instance of 'IosUsbArtifacts' is not required, skipping update.
[        ] [        ] Artifact Instance of 'IosUsbArtifacts' is not required, skipping update.
[        ] [        ] Artifact Instance of 'FontSubsetArtifacts' is not required, skipping update.
[        ] [        ] Artifact Instance of 'PubDependencies' is not required, skipping update.
[        ] [  +23 ms] Initializing file store
[        ] [        ] Done initializing file store
[        ] [  +26 ms] Skipping target: dart_build
[        ] [        ] Skipping target: gen_dart_plugin_registrant
[        ] [        ] Skipping target: install_code_assets
[        ] [        ] Skipping target: gen_localizations
[  +15 ms] [ +146 ms] kernel_snapshot_program: Starting due to {InvalidatedReasonKind.outputSetAddition: The following outputs were added to the output set: /media/aleks/SD11/LiAutoScanner/li_auto_monitor/.dart_tool/flutter_build/fc5ee1dbb92c1feeb52877de4bccac59/app.dill, InvalidatedReasonKind.inputChanged: The following inputs have updated contents: /home/aleks/development/flutter/packages/flutter_tools/lib/src/build_system/targets/common.dart,/home/aleks/development/flutter/bin/cache/engine.stamp,/home/aleks/development/flutter/bin/cache/engine.stamp,/home/aleks/development/flutter/bin/cache/engine.stamp,/home/aleks/development/flutter/bin/cache/engine.stamp,/media/aleks/SD11/LiAutoScanner/li_auto_monitor/lib/main.dart,/home/aleks/development/flutter/packages/flutter/lib/src/dart_plugin_registrant.dart,/home/aleks/development/flutter/packages/flutter/lib/material.dart,/home/aleks/.pub-cache/hosted/pub.dev/provider-6.1.5+1/lib/provider.dart,/media/aleks/SD11/LiAutoScanner/li_auto_monitor/lib/services/monitor_service.dart,/media/aleks/SD11/LiAutoScanner/li_auto_monitor/lib/screens/dashboard.view.dart,/home/aleks/.pub-cache/hosted/pub.dev/file_picker-10.3.10/lib/file_picker.dart,/home/aleks/.pub-cache/hosted/pub.dev/path_provider_android-2.2.22/lib/path_provider_android.dart,/home/aleks/.pub-cache/hosted/pub.dev/url_launcher_android-6.3.28/lib/url_launcher_android.dart,/home/aleks/.pub-cache/hosted/pub.dev/path_provider_foundation-2.6.0/lib/path_provider_foundation.dart,/home/aleks/.pub-cache/hosted/pub.dev/url_launcher_ios-6.4.1/lib/url_launcher_ios.dart,/home/aleks/.pub-cache/hosted/pub.dev/path_provider_linux-2.2.1/lib/path_provider_linux.dart,/home/aleks/.pub-cache/hosted/pub.dev/url_launcher_linux-3.2.2/lib/url_launcher_linux.dart,/home/aleks/.pub-cache/hosted/pub.dev/url_launcher_macos-3.2.5/lib/url_launcher_macos.dart,/home/aleks/.pub-cache/hosted/pub.dev/path_provider_windows-2.3.0/lib/path_provider_windows.dart,/home/aleks/.pub-cache/hosted/pub.dev/url_launcher_windows-3.1.5/lib/url_launcher_windows.dart,/home/aleks/development/flutter/packages/flutter/lib/src/material/about.dart,/home/aleks/development/flutter/packages/flutter/lib/src/material/action_buttons.dart,/home/aleks/development/flutter/packages/flutter/lib/src/material/action_chip.dart,/home/aleks/development/flutter/packages/flutter/lib/src/material/action_icons_theme.dart,/home/aleks/development/flutter/packages/flutter/lib/src/material/adaptive_text_selection_toolbar.dart,/home/aleks/development/flutter/packages/flutter/lib/src/material/animated_icons.dart,/home/aleks/development/flutter/packages/flutter/lib/src/material/app.dart,/home/aleks/development/flutter/packages/flutter/lib/src/material/app_bar.dart,/home/aleks/development/flutter/packages/flutter/lib/src/material/app_bar_theme.dart,/home/aleks/development/flutter/packages/flutter/lib/src/material/arc.dart,/home/aleks/development/flutter/packages/flutter/lib/src/material/autocomplete.dart,/home/aleks/development/flutter/packages/flutter/lib/src/material/badge.dart,/home/aleks/development/flutter/packages/flutter/lib/src/material/badge_theme.dart,/home/aleks/development/flutter/packages/flutter/lib/src/material/banner.dart,/home/aleks/development/flutter/packages/flutter/lib/src/material/banner_theme.dart,/home/aleks/development/flutter/packages/flutter/lib/src/material/bottom_app_bar.dart,/home/aleks/development/flutter/packages/flutter/lib/src/material/bottom_app_bar_theme.dart,/home/aleks/development/flutter/packages/flutter/lib/src/material/bottom_navigation_bar.dart,/home/aleks/development/flutter/packages/flutter/lib/src/material/bottom_navigation_bar_theme.dart,/home/aleks/development/flutter/packages/flutter/lib/src/material/bottom_sheet.dart,/home/aleks/development/flutter/packages/flutter/lib/src/material/bottom_sheet_theme.dart,/home/aleks/development/flutter/packages/flutter/lib/src/material/button.dart,/home/aleks/development/flutter/packages/flutter/lib/src/material/button_bar.dart,/home/aleks/development/flutter/packages/flutter/lib/src/material/button_bar_theme.dart,/home/aleks/development/flutter/packages/flutter/lib/src/material/button_style.dart,/home/aleks/development/flutter/packages/flutter/lib/src/material/button_style_button.dart,/home/aleks/development/flutter/packages/flutter/lib/src/material/button_theme.dart,/home/aleks/development/flutter/packages/flutter/lib/src/material/calendar_date_picker.dart,/home/aleks/development/flutter/packages/flutter/lib/src/material/card.dart,/home/aleks/development/flutter/packages/flutter/lib/src/material/card_theme.dart,/home/aleks/development/flutter/packages/flutter/lib/src/material/carousel.dart,/home/aleks/development/flutter/packages/flutter/lib/src/material/carousel_theme.dart,/home/aleks/development/flutter/packages/flutter/lib/src/material/checkbox.dart,/home/aleks/development/flutter/packages/flutter/lib/src/material/checkbox_list_tile.dart,/home/aleks/development/flutter/packages/flutter/lib/src/material/checkbox_theme.dart,/home/aleks/development/flutter/packages/flutter/lib/src/material/chip.dart,/home/aleks/development/flutter/packages/flutter/lib/src/material/chip_theme.dart,/home/aleks/development/flutter/packages/flutter/lib/src/material/choice_chip.dart,/home/aleks/development/flutter/packages/flutter/lib/src/material/circle_avatar.dart,/home/aleks/development/flutter/packages/flutter/lib/src/material/color_scheme.dart,/home/aleks/development/flutter/packages/flutter/lib/src/material/colors.dart,/home/aleks/development/flutter/packages/flutter/lib/src/material/constants.dart,/home/aleks/development/flutter/packages/flutter/lib/src/material/curves.dart,/home/aleks/development/flutter/packages/flutter/lib/src/material/data_table.dart,/home/aleks/development/flutter/packages/flutter/lib/src/material/data_table_source.dart,/home/aleks/development/flutter/packages/flutter/lib/src/material/data_table_theme.dart,/home/aleks/development/flutter/packages/flutter/lib/src/material/date.dart,/home/aleks/development/flutter/packages/flutter/lib/src/material/date_picker.dart,/home/aleks/development/flutter/packages/flutter/lib/src/material/date_picker_theme.dart,/home/aleks/development/flutter/packages/flutter/lib/src/material/debug.dart,/home/aleks/development/flutter/packages/flutter/lib/src/material/desktop_text_selection.dart,/home/aleks/development/flutter/packages/flutter/lib/src/material/desktop_text_selection_toolbar.dart,/home/aleks/development/flutter/packages/flutter/lib/src/material/desktop_text_selection_toolbar_button.dart,/home/aleks/development/flutter/packages/flutter/lib/src/material/dialog.dart,/home/aleks/development/flutter/packages/flutter/lib/src/material/dialog_theme.dart,/home/aleks/development/flutter/packages/flutter/lib/src/material/divider.dart,/home/aleks/development/flutter/packages/flutter/lib/src/material/divider_theme.dart,/home/aleks/development/flutter/packages/flutter/lib/src/material/drawer.dart,/home/aleks/development/flutter/packages/flutter/lib/src/material/drawer_header.dart,/home/aleks/development/flutter/packages/flutter/lib/src/material/drawer_theme.dart,/home/aleks/development/flutter/packages/flutter/lib/src/material/dropdown.dart,/home/aleks/development/flutter/packages/flutter/lib/src/material/dropdown_menu.dart,/home/aleks/development/flutter/packages/flutter/lib/src/material/dropdown_menu_form_field.dart,/home/aleks/development/flutter/packages/flutter/lib/src/material/dropdown_menu_theme.dart,/home/aleks/development/flutter/packages/flutter/lib/src/material/elevated_button.dart,/home/aleks/development/flutter/packages/flutter/lib/src/material/elevated_button_theme.dart,/home/aleks/development/flutter/packages/flutter/lib/src/material/elevation_overlay.dart,/home/aleks/development/flutter/packages/flutter/lib/src/material/expand_icon.dart,/home/aleks/development/flutter/packages/flutter/lib/src/material/expansion_panel.dart,/home/aleks/development/flutter/packages/flutter/lib/src/material/expansion_tile.dart,/home/aleks/development/flutter/packages/flutter/lib/src/material/expansion_tile_theme.dart,/home/aleks/development/flutter/packages/flutter/lib/src/material/filled_button.dart,/home/aleks/development/flutter/packages/flutter/lib/src/material/filled_button_theme.dart,/home/aleks/development/flutter/packages/flutter/lib/src/material/filter_chip.dart,/home/aleks/development/flutter/packages/flutter/lib/src/material/flexible_space_bar.dart,/home/aleks/development/flutter/packages/flutter/lib/src/material/floating_action_button.dart,/home/aleks/development/flutter/packages/flutter/lib/src/material/floating_action_button_location.dart,/home/aleks/development/flutter/packages/flutter/lib/src/material/floating_action_button_theme.dart,/home/aleks/development/flutter/packages/flutter/lib/src/material/grid_tile.dart,/home/aleks/development/flutter/packages/flutter/lib/src/material/grid_tile_bar.dart,/home/aleks/development/flutter/packages/flutter/lib/src/material/icon_button.dart,/home/aleks/development/flutter/packages/flutter/lib/src/material/icon_button_theme.dart,/home/aleks/development/flutter/packages/flutter/lib/src/material/icons.dart,/home/aleks/development/flutter/packages/flutter/lib/src/material/ink_decoration.dart,/home/aleks/development/flutter/packages/flutter/lib/src/material/ink_highlight.dart,/home/aleks/development/flutter/packages/flutter/lib/src/material/ink_ripple.dart,/home/aleks/development/flutter/packages/flutter/lib/src/material/ink_sparkle.dart,/home/aleks/development/flutter/packages/flutter/lib/src/material/ink_splash.dart,/home/aleks/development/flutter/packages/flutter/lib/src/material/ink_well.dart,/home/aleks/development/flutter/packages/flutter/lib/src/material/input_border.dart,/home/aleks/development/flutter/packages/flutter/lib/src/material/input_chip.dart,/home/aleks/development/flutter/packages/flutter/lib/src/material/input_date_picker_form_field.dart,/home/aleks/development/flutter/packages/flutter/lib/src/material/input_decorator.dart,/home/aleks/development/flutter/packages/flutter/lib/src/material/list_tile.dart,/home/aleks/development/flutter/packages/flutter/lib/src/material/list_tile_theme.dart,/home/aleks/development/flutter/packages/flutter/lib/src/material/magnifier.dart,/home/aleks/development/flutter/packages/flutter/lib/src/material/material.dart,/home/aleks/development/flutter/packages/flutter/lib/src/material/material_button.dart,/home/aleks/development/flutter/packages/flutter/lib/src/material/material_localizations.dart,/home/aleks/development/flutter/packages/flutter/lib/src/material/material_state.dart,/home/aleks/development/flutter/packages/flutter/lib/src/material/material_state_mixin.dart,/home/aleks/development/flutter/packages/flutter/lib/src/material/menu_anchor.dart,/home/aleks/development/flutter/packages/flutter/lib/src/material/menu_bar_theme.dart,/home/aleks/development/flutter/packages/flutter/lib/src/material/menu_button_theme.dart,/home/aleks/development/flutter/packages/flutter/lib/src/material/menu_style.dart,/home/aleks/development/flutter/packages/flutter/lib/src/material/menu_theme.dart,/home/aleks/development/flutter/packages/flutter/lib/src/material/mergeable_material.dart,/home/aleks/development/flutter/packages/flutter/lib/src/material/motion.dart,/home/aleks/development/flutter/packages/flutter/lib/src/material/navigation_bar.dart,/home/aleks/development/flutter/packages/flutter/lib/src/material/navigation_bar_theme.dart,/home/aleks/development/flutter/packages/flutter/lib/src/material/navigation_drawer.dart,/home/aleks/development/flutter/packages/flutter/lib/src/material/navigation_drawer_theme.dart,/home/aleks/development/flutter/packages/flutter/lib/src/material/navigation_rail.dart,/home/aleks/development/flutter/packages/flutter/lib/src/material/navigation_rail_theme.dart,/home/aleks/development/flutter/packages/flutter/lib/src/material/no_splash.dart,/home/aleks/development/flutter/packages/flutter/lib/src/material/outlined_button.dart,/home/aleks/development/flutter/packages/flutter/lib/src/material/outlined_button_theme.dart,/home/aleks/development/flutter/packages/flutter/lib/src/material/page.dart,/home/aleks/development/flutter/packages/flutter/lib/src/material/page_transitions_theme.dart,/home/aleks/development/flutter/packages/flutter/lib/src/material/paginated_data_table.dart,/home/aleks/development/flutter/packages/flutter/lib/src/material/popup_menu.dart,/home/aleks/development/flutter/packages/flutter/lib/src/material/popup_menu_theme.dart,/home/aleks/development/flutter/packages/flutter/lib/src/material/predictive_back_page_transitions_builder.dart,/home/aleks/development/flutter/packages/flutter/lib/src/material/progress_indicator.dart,/home/aleks/development/flutter/packages/flutter/lib/src/material/progress_indicator_theme.dart,/home/aleks/development/flutter/packages/flutter/lib/src/material/radio.dart,/home/aleks/development/flutter/packages/flutter/lib/src/material/radio_list_tile.dart,/home/aleks/development/flutter/packages/flutter/lib/src/material/radio_theme.dart,/home/aleks/development/flutter/packages/flutter/lib/src/material/range_slider.dart,/home/aleks/development/flutter/packages/flutter/lib/src/material/range_slider_parts.dart,/home/aleks/development/flutter/packages/flutter/lib/src/material/refresh_indicator.dart,/home/aleks/development/flutter/packages/flutter/lib/src/material/reorderable_list.dart,/home/aleks/development/flutter/packages/flutter/lib/src/material/scaffold.dart,/home/aleks/development/flutter/packages/flutter/lib/src/material/scrollbar.dart,/home/aleks/development/flutter/packages/flutter/lib/src/material/scrollbar_theme.dart,/home/aleks/development/flutter/packages/flutter/lib/src/material/search.dart,/home/aleks/development/flutter/packages/flutter/lib/src/material/search_anchor.dart,/home/aleks/development/flutter/packages/flutter/lib/src/material/search_bar_theme.dart,/home/aleks/development/flutter/packages/flutter/lib/src/material/search_view_theme.dart,/home/aleks/development/flutter/packages/flutter/lib/src/material/segmented_button.dart,/home/aleks/development/flutter/packages/flutter/lib/src/material/segmented_button_theme.dart,/home/aleks/development/flutter/packages/flutter/lib/src/material/selectable_text.dart,/home/aleks/development/flutter/packages/flutter/lib/src/material/selection_area.dart,/home/aleks/development/flutter/packages/flutter/lib/src/material/shadows.dart,/home/aleks/development/flutter/packages/flutter/lib/src/material/slider.dart,/home/aleks/development/flutter/packages/flutter/lib/src/material/slider_parts.dart,/home/aleks/development/flutter/packages/flutter/lib/src/material/slider_theme.dart,/home/aleks/development/flutter/packages/flutter/lib/src/material/slider_value_indicator_shape.dart,/home/aleks/development/flutter/packages/flutter/lib/src/material/snack_bar.dart,/home/aleks/development/flutter/packages/flutter/lib/src/material/snack_bar_theme.dart,/home/aleks/development/flutter/packages/flutter/lib/src/material/spell_check_suggestions_toolbar.dart,/home/aleks/development/flutter/packages/flutter/lib/src/material/spell_check_suggestions_toolbar_layout_delegate.dart,/home/aleks/development/flutter/packages/flutter/lib/src/material/stepper.dart,/home/aleks/development/flutter/packages/flutter/lib/src/material/switch.dart,/home/aleks/development/flutter/packages/flutter/lib/src/material/switch_list_tile.dart,/home/aleks/development/flutter/packages/flutter/lib/src/material/switch_theme.dart,/home/aleks/development/flutter/packages/flutter/lib/src/material/tab_bar_theme.dart,/home/aleks/development/flutter/packages/flutter/lib/src/material/tab_controller.dart,/home/aleks/development/flutter/packages/flutter/lib/src/material/tab_indicator.dart,/home/aleks/development/flutter/packages/flutter/lib/src/material/tabs.dart,/home/aleks/development/flutter/packages/flutter/lib/src/material/text_button.dart,/home/aleks/development/flutter/packages/flutter/lib/src/material/text_button_theme.dart,/home/aleks/development/flutter/packages/flutter/lib/src/material/text_field.dart,/home/aleks/development/flutter/packages/flutter/lib/src/material/text_form_field.dart,/home/aleks/development/flutter/packages/flutter/lib/src/material/text_selection.dart,/home/aleks/development/flutter/packages/flutter/lib/src/material/text_selection_theme.dart,/home/aleks/development/flutter/packages/flutter/lib/src/material/text_selection_toolbar.dart,/home/aleks/development/flutter/packages/flutter/lib/src/material/text_selection_toolbar_text_button.dart,/home/aleks/development/flutter/packages/flutter/lib/src/material/text_theme.dart,/home/aleks/development/flutter/packages/flutter/lib/src/material/theme.dart,/home/aleks/development/flutter/packages/flutter/lib/src/material/theme_data.dart,/home/aleks/development/flutter/packages/flutter/lib/src/material/time.dart,/home/aleks/development/flutter/packages/flutter/lib/src/material/time_picker.dart,/home/aleks/development/flutter/packages/flutter/lib/src/material/time_picker_theme.dart,/home/aleks/development/flutter/packages/flutter/lib/src/material/toggle_buttons.dart,/home/aleks/development/flutter/packages/flutter/lib/src/material/toggle_buttons_theme.dart,/home/aleks/development/flutter/packages/flutter/lib/src/material/tooltip.dart,/home/aleks/development/flutter/packages/flutter/lib/src/material/tooltip_theme.dart,/home/aleks/development/flutter/packages/flutter/lib/src/material/tooltip_visibility.dart,/home/aleks/development/flutter/packages/flutter/lib/src/material/typography.dart,/home/aleks/development/flutter/packages/flutter/lib/src/material/user_accounts_drawer_header.dart,/home/aleks/development/flutter/packages/flutter/lib/widgets.dart,/home/aleks/.pub-cache/hosted/pub.dev/provider-6.1.5+1/lib/src/async_provider.dart,/home/aleks/.pub-cache/hosted/pub.dev/provider-6.1.5+1/lib/src/change_notifier_provider.dart,/home/aleks/.pub-cache/hosted/pub.dev/provider-6.1.5+1/lib/src/consumer.dart,/home/aleks/.pub-cache/hosted/pub.dev/provider-6.1.5+1/lib/src/listenable_provider.dart,/home/aleks/.pub-cache/hosted/pub.dev/provider-6.1.5+1/lib/src/provider.dart,/home/aleks/.pub-cache/hosted/pub.dev/provider-6.1.5+1/lib/src/proxy_provider.dart,/home/aleks/.pub-cache/hosted/pub.dev/provider-6.1.5+1/lib/src/reassemble_handler.dart,/home/aleks/.pub-cache/hosted/pub.dev/provider-6.1.5+1/lib/src/selector.dart,/home/aleks/.pub-cache/hosted/pub.dev/provider-6.1.5+1/lib/src/value_listenable_provider.dart,/home/aleks/development/flutter/packages/flutter/lib/foundation.dart,/home/aleks/.pub-cache/hosted/pub.dev/dart_ping-9.0.1/lib/dart_ping.dart,/media/aleks/SD11/LiAutoScanner/li_auto_monitor/lib/models/host_status.dart,/media/aleks/SD11/LiAutoScanner/li_auto_monitor/lib/services/geoip_service.dart,/media/aleks/SD11/LiAutoScanner/li_auto_monitor/lib/widgets/host_card.dart,/media/aleks/SD11/LiAutoScanner/li_auto_monitor/lib/screens/info.view.dart,/home/aleks/.pub-cache/hosted/pub.dev/file_picker-10.3.10/lib/src/file_picker.dart,/home/aleks/.pub-cache/hosted/pub.dev/file_picker-10.3.10/lib/src/platform_file.dart,/home/aleks/.pub-cache/hosted/pub.dev/file_picker-10.3.10/lib/src/file_picker_result.dart,/home/aleks/.pub-cache/hosted/pub.dev/file_picker-10.3.10/lib/src/file_picker_macos.dart,/home/aleks/.pub-cache/hosted/pub.dev/file_picker-10.3.10/lib/src/linux/file_picker_linux.dart,/home/aleks/.pub-cache/hosted/pub.dev/file_picker-10.3.10/lib/src/file_picker_io.dart,/home/aleks/.pub-cache/hosted/pub.dev/file_picker-10.3.10/lib/src/windows/file_picker_windows.dart,/home/aleks/.pub-cache/hosted/pub.dev/path_provider_platform_interface-2.1.2/lib/path_provider_platform_interface.dart,/home/aleks/.pub-cache/hosted/pub.dev/path_provider_android-2.2.22/lib/messages.g.dart,/home/aleks/development/flutter/packages/flutter/lib/services.dart,/home/aleks/.pub-cache/hosted/pub.dev/url_launcher_platform_interface-2.3.2/lib/link.dart,/home/aleks/.pub-cache/hosted/pub.dev/url_launcher_platform_interface-2.3.2/lib/url_launcher_platform_interface.dart,/home/aleks/.pub-cache/hosted/pub.dev/url_launcher_android-6.3.28/lib/src/messages.g.dart,/home/aleks/.pub-cache/hosted/pub.dev/path_provider_foundation-2.6.0/lib/src/path_provider_foundation_real.dart,/home/aleks/.pub-cache/hosted/pub.dev/url_launcher_ios-6.4.1/lib/src/messages.g.dart,/home/aleks/.pub-cache/hosted/pub.dev/path_provider_linux-2.2.1/lib/src/path_provider_linux.dart,/home/aleks/.pub-cache/hosted/pub.dev/url_launcher_linux-3.2.2/lib/src/messages.g.dart,/home/aleks/.pub-cache/hosted/pub.dev/url_launcher_macos-3.2.5/lib/src/messages.g.dart,/home/aleks/.pub-cache/hosted/pub.dev/path_provider_windows-2.3.0/lib/src/folders.dart,/home/aleks/.pub-cache/hosted/pub.dev/path_provider_windows-2.3.0/lib/src/path_provider_windows_real.dart,/home/aleks/.pub-cache/hosted/pub.dev/url_launcher_windows-3.1.5/lib/src/messages.g.dart,/home/aleks/development/flutter/packages/flutter/lib/cupertino.dart,/home/aleks/development/flutter/packages/flutter/lib/scheduler.dart,/home/aleks/development/flutter/packages/flutter/lib/src/material/back_button.dart,/home/aleks/development/flutter/packages/flutter/lib/rendering.dart,/home/aleks/development/flutter/packages/flutter/lib/src/material/animated_icons/animated_icons.dart,/home/aleks/development/flutter/packages/flutter/lib/src/material/animated_icons/animated_icons_data.dart,/home/aleks/development/flutter/packages/flutter/lib/src/material/animated_icons/data/add_event.g.dart,/home/aleks/development/flutter/packages/flutter/lib/src/material/animated_icons/data/arrow_menu.g.dart,/home/aleks/development/flutter/packages/flutter/lib/src/material/animated_icons/data/close_menu.g.dart,/home/aleks/development/flutter/packages/flutter/lib/src/material/animated_icons/data/ellipsis_search.g.dart,/home/aleks/development/flutter/packages/flutter/lib/src/material/animated_icons/data/event_add.g.dart,/home/aleks/development/flutter/packages/flutter/lib/src/material/animated_icons/data/home_menu.g.dart,/home/aleks/development/flutter/packages/flutter/lib/src/material/animated_icons/data/list_view.g.dart,/home/aleks/development/flutter/packages/flutter/lib/src/material/animated_icons/data/menu_arrow.g.dart,/home/aleks/development/flutter/packages/flutter/lib/src/material/animated_icons/data/menu_close.g.dart,/home/aleks/development/flutter/packages/flutter/lib/src/material/animated_icons/data/menu_home.g.dart,/home/aleks/development/flutter/packages/flutter/lib/src/material/animated_icons/data/pause_play.g.dart,/home/aleks/development/flutter/packages/flutter/lib/src/material/animated_icons/data/play_pause.g.dart,/home/aleks/development/flutter/packages/flutter/lib/src/material/animated_icons/data/search_ellipsis.g.dart,/home/aleks/development/flutter/packages/flutter/lib/src/material/animated_icons/data/view_list.g.dart,/home/aleks/development/flutter/packages/flutter/lib/animation.dart,/home/aleks/.pub-cache/hosted/pub.dev/vector_math-2.2.0/lib/vector_math_64.dart,/home/aleks/development/flutter/packages/flutter/lib/gestures.dart,/home/aleks/.pub-cache/hosted/pub.dev/collection-1.19.1/lib/collection.dart,/home/aleks/.pub-cache/hosted/pub.dev/material_color_utilities-0.11.1/lib/material_color_utilities.dart,/home/aleks/development/flutter/packages/flutter/lib/painting.dart,/home/aleks/.pub-cache/hosted/pub.dev/characters-1.4.0/lib/characters.dart,/home/aleks/development/flutter/packages/flutter/lib/src/widgets/actions.dart,/home/aleks/development/flutter/packages/flutter/lib/src/widgets/adapter.dart,/home/aleks/development/flutter/packages/flutter/lib/src/widgets/animated_cross_fade.dart,/home/aleks/development/flutter/packages/flutter/lib/src/widgets/animated_scroll_view.dart,/home/aleks/development/flutter/packages/flutter/lib/src/widgets/animated_size.dart,/home/aleks/development/flutter/packages/flutter/lib/src/widgets/animated_switcher.dart,/home/aleks/development/flutter/packages/flutter/lib/src/widgets/annotated_region.dart,/home/aleks/development/flutter/packages/flutter/lib/src/widgets/app.dart,/home/aleks/development/flutter/packages/flutter/lib/src/widgets/app_lifecycle_listener.dart,/home/aleks/development/flutter/packages/flutter/lib/src/widgets/async.dart,/home/aleks/development/flutter/packages/flutter/lib/src/widgets/autocomplete.dart,/home/aleks/development/flutter/packages/flutter/lib/src/widgets/autofill.dart,/home/aleks/development/flutter/packages/flutter/lib/src/widgets/automatic_keep_alive.dart,/home/aleks/development/flutter/packages/flutter/lib/src/widgets/banner.dart,/home/aleks/development/flutter/packages/flutter/lib/src/widgets/basic.dart,/home/aleks/development/flutter/packages/flutter/lib/src/widgets/binding.dart,/home/aleks/development/flutter/packages/flutter/lib/src/widgets/bottom_navigation_bar_item.dart,/home/aleks/development/flutter/packages/flutter/lib/src/widgets/color_filter.dart,/home/aleks/development/flutter/packages/flutter/lib/src/widgets/container.dart,/home/aleks/development/flutter/packages/flutter/lib/src/widgets/context_menu_button_item.dart,/home/aleks/development/flutter/packages/flutter/lib/src/widgets/context_menu_controller.dart,/home/aleks/development/flutter/packages/flutter/lib/src/widgets/date.dart,/home/aleks/development/flutter/packages/flutter/lib/src/widgets/debug.dart,/home/aleks/development/flutter/packages/flutter/lib/src/widgets/decorated_sliver.dart,/home/aleks/development/flutter/packages/flutter/lib/src/widgets/default_selection_style.dart,/home/aleks/development/flutter/packages/flutter/lib/src/widgets/default_text_editing_shortcuts.dart,/home/aleks/development/flutter/packages/flutter/lib/src/widgets/desktop_text_selection_toolbar_layout_delegate.dart,/home/aleks/development/flutter/packages/flutter/lib/src/widgets/dismissible.dart,/home/aleks/development/flutter/packages/flutter/lib/src/widgets/display_feature_sub_screen.dart,/home/aleks/development/flutter/packages/flutter/lib/src/widgets/disposable_build_context.dart,/home/aleks/development/flutter/packages/flutter/lib/src/widgets/drag_boundary.dart,/home/aleks/development/flutter/packages/flutter/lib/src/widgets/drag_target.dart,/home/aleks/development/flutter/packages/flutter/lib/src/widgets/draggable_scrollable_sheet.dart,/home/aleks/development/flutter/packages/flutter/lib/src/widgets/dual_transition_builder.dart,/home/aleks/development/flutter/packages/flutter/lib/src/widgets/editable_text.dart,/home/aleks/development/flutter/packages/flutter/lib/src/widgets/expansible.dart,/home/aleks/development/flutter/packages/flutter/lib/src/widgets/fade_in_image.dart,/home/aleks/development/flutter/packages/flutter/lib/src/widgets/feedback.dart,/home/aleks/development/flutter/packages/flutter/lib/src/widgets/flutter_logo.dart,/home/aleks/development/flutter/packages/flutter/lib/src/widgets/focus_manager.dart,/home/aleks/development/flutter/packages/flutter/lib/src/widgets/focus_scope.dart,/home/aleks/development/flutter/packages/flutter/lib/src/widgets/focus_traversal.dart,/home/aleks/development/flutter/packages/flutter/lib/src/widgets/form.dart,/home/aleks/development/flutter/packages/flutter/lib/src/widgets/framework.dart,/home/aleks/development/flutter/packages/flutter/lib/src/widgets/gesture_detector.dart,/home/aleks/development/flutter/packages/flutter/lib/src/widgets/grid_paper.dart,/home/aleks/development/flutter/packages/flutter/lib/src/widgets/heroes.dart,/home/aleks/development/flutter/packages/flutter/lib/src/widgets/icon.dart,/home/aleks/development/flutter/packages/flutter/lib/src/widgets/icon_data.dart,/home/aleks/development/flutter/packages/flutter/lib/src/widgets/icon_theme.dart,/home/aleks/development/flutter/packages/flutter/lib/src/widgets/icon_theme_data.dart,/home/aleks/development/flutter/packages/flutter/lib/src/widgets/image.dart,/home/aleks/development/flutter/packages/flutter/lib/src/widgets/image_filter.dart,/home/aleks/development/flutter/packages/flutter/lib/src/widgets/image_icon.dart,/home/aleks/development/flutter/packages/flutter/lib/src/widgets/implicit_animations.dart,/home/aleks/development/flutter/packages/flutter/lib/src/widgets/inherited_model.dart,/home/aleks/development/flutter/packages/flutter/lib/src/widgets/inherited_notifier.dart,/home/aleks/development/flutter/packages/flutter/lib/src/widgets/inherited_theme.dart,/home/aleks/development/flutter/packages/flutter/lib/src/widgets/interactive_viewer.dart,/home/aleks/development/flutter/packages/flutter/lib/src/widgets/keyboard_listener.dart,/home/aleks/development/flutter/packages/flutter/lib/src/widgets/layout_builder.dart,/home/aleks/development/flutter/packages/flutter/lib/src/widgets/list_wheel_scroll_view.dart,/home/aleks/development/flutter/packages/flutter/lib/src/widgets/localizations.dart,/home/aleks/development/flutter/packages/flutter/lib/src/widgets/lookup_boundary.dart,/home/aleks/development/flutter/packages/flutter/lib/src/widgets/magnifier.dart,/home/aleks/development/flutter/packages/flutter/lib/src/widgets/media_query.dart,/home/aleks/development/flutter/packages/flutter/lib/src/widgets/modal_barrier.dart,/home/aleks/development/flutter/packages/flutter/lib/src/widgets/navigation_toolbar.dart,/home/aleks/development/flutter/packages/flutter/lib/src/widgets/navigator.dart,/home/aleks/development/flutter/packages/flutter/lib/src/widgets/navigator_pop_handler.dart,/home/aleks/development/flutter/packages/flutter/lib/src/widgets/nested_scroll_view.dart,/home/aleks/development/flutter/packages/flutter/lib/src/widgets/notification_listener.dart,/home/aleks/development/flutter/packages/flutter/lib/src/widgets/orientation_builder.dart,/home/aleks/development/flutter/packages/flutter/lib/src/widgets/overflow_bar.dart,/home/aleks/development/flutter/packages/flutter/lib/src/widgets/overlay.dart,/home/aleks/development/flutter/packages/flutter/lib/src/widgets/overscroll_indicator.dart,/home/aleks/development/flutter/packages/flutter/lib/src/widgets/page_storage.dart,/home/aleks/development/flutter/packages/flutter/lib/src/widgets/page_transitions_builder.dart,/home/aleks/development/flutter/packages/flutter/lib/src/widgets/page_view.dart,/home/aleks/development/flutter/packages/flutter/lib/src/widgets/pages.dart,/home/aleks/development/flutter/packages/flutter/lib/src/widgets/performance_overlay.dart,/home/aleks/development/flutter/packages/flutter/lib/src/widgets/pinned_header_sliver.dart,/home/aleks/development/flutter/packages/flutter/lib/src/widgets/placeholder.dart,/home/aleks/development/flutter/packages/flutter/lib/src/widgets/platform_menu_bar.dart,/home/aleks/development/flutter/packages/flutter/lib/src/widgets/platform_selectable_region_context_menu.dart,/home/aleks/development/flutter/packages/flutter/lib/src/widgets/platform_view.dart,/home/aleks/development/flutter/packages/flutter/lib/src/widgets/pop_scope.dart,/home/aleks/development/flutter/packages/flutter/lib/src/widgets/preferred_size.dart,/home/aleks/development/flutter/packages/flutter/lib/src/widgets/primary_scroll_controller.dart,/home/aleks/development/flutter/packages/flutter/lib/src/widgets/radio_group.dart,/home/aleks/development/flutter/packages/flutter/lib/src/widgets/raw_keyboard_listener.dart,/home/aleks/development/flutter/packages/flutter/lib/src/widgets/raw_menu_anchor.dart,/home/aleks/development/flutter/packages/flutter/lib/src/widgets/raw_radio.dart,/home/aleks/development/flutter/packages/flutter/lib/src/widgets/reorderable_list.dart,/home/aleks/development/flutter/packages/flutter/lib/src/widgets/restoration.dart,/home/aleks/development/flutter/packages/flutter/lib/src/widgets/restoration_properties.dart,/home/aleks/development/flutter/packages/flutter/lib/src/widgets/router.dart,/home/aleks/development/flutter/packages/flutter/lib/src/widgets/routes.dart,/home/aleks/development/flutter/packages/flutter/lib/src/widgets/safe_area.dart,/home/aleks/development/flutter/packages/flutter/lib/src/widgets/scroll_activity.dart,/home/aleks/development/flutter/packages/flutter/lib/src/widgets/scroll_aware_image_provider.dart,/home/aleks/development/flutter/packages/flutter/lib/src/widgets/scroll_configuration.dart,/home/aleks/development/flutter/packages/flutter/lib/src/widgets/scroll_context.dart,/home/aleks/development/flutter/packages/flutter/lib/src/widgets/scroll_controller.dart,/home/aleks/development/flutter/packages/flutter/lib/src/widgets/scroll_delegate.dart,/home/aleks/development/flutter/packages/flutter/lib/src/widgets/scroll_metrics.dart,/home/aleks/development/flutter/packages/flutter/lib/src/widgets/scroll_notification.dart,/home/aleks/development/flutter/packages/flutter/lib/src/widgets/scroll_notification_observer.dart,/home/aleks/development/flutter/packages/flutter/lib/src/widgets/scroll_physics.dart,/home/aleks/development/flutter/packages/flutter/lib/src/widgets/scroll_position.dart,/home/aleks/development/flutter/packages/flutter/lib/src/widgets/scroll_position_with_single_context.dart,/home/aleks/development/flutter/packages/flutter/lib/src/widgets/scroll_simulation.dart,/home/aleks/development/flutter/packages/flutter/lib/src/widgets/scroll_view.dart,/home/aleks/development/flutter/packages/flutter/lib/src/widgets/scrollable.dart,/home/aleks/development/flutter/packages/flutter/lib/src/widgets/scrollable_helpers.dart,/home/aleks/development/flutter/packages/flutter/lib/src/widgets/scrollbar.dart,/home/aleks/development/flutter/packages/flutter/lib/src/widgets/selectable_region.dart,/home/aleks/development/flutter/packages/flutter/lib/src/widgets/selection_container.dart,/home/aleks/development/flutter/packages/flutter/lib/src/widgets/semantics_debugger.dart,/home/aleks/development/flutter/packages/flutter/lib/src/widgets/sensitive_content.dart,/home/aleks/development/flutter/packages/flutter/lib/src/widgets/service_extensions.dart,/home/aleks/development/flutter/packages/flutter/lib/src/widgets/shared_app_data.dart,/home/aleks/development/flutter/packages/flutter/lib/src/widgets/shortcuts.dart,/home/aleks/development/flutter/packages/flutter/lib/src/widgets/single_child_scroll_view.dart,/home/aleks/development/flutter/packages/flutter/lib/src/widgets/size_changed_layout_notifier.dart,/home/aleks/development/flutter/packages/flutter/lib/src/widgets/sliver.dart,/home/aleks/development/flutter/packages/flutter/lib/src/widgets/sliver_fill.dart,/home/aleks/development/flutter/packages/flutter/lib/src/widgets/sliver_floating_header.dart,/home/aleks/development/flutter/packages/flutter/lib/src/widgets/sliver_layout_builder.dart,/home/aleks/development/flutter/packages/flutter/lib/src/widgets/sliver_persistent_header.dart,/home/aleks/development/flutter/packages/flutter/lib/src/widgets/sliver_prototype_extent_list.dart,/home/aleks/development/flutter/packages/flutter/lib/src/widgets/sliver_resizing_header.dart,/home/aleks/development/flutter/packages/flutter/lib/src/widgets/sliver_tree.dart,/home/aleks/development/flutter/packages/flutter/lib/src/widgets/slotted_render_object_widget.dart,/home/aleks/development/flutter/packages/flutter/lib/src/widgets/snapshot_widget.dart,/home/aleks/development/flutter/packages/flutter/lib/src/widgets/spacer.dart,/home/aleks/development/flutter/packages/flutter/lib/src/widgets/spell_check.dart,/home/aleks/development/flutter/packages/flutter/lib/src/widgets/standard_component_type.dart,/home/aleks/development/flutter/packages/flutter/lib/src/widgets/status_transitions.dart,/home/aleks/development/flutter/packages/flutter/lib/src/widgets/stretch_effect.dart,/home/aleks/development/flutter/packages/flutter/lib/src/widgets/system_context_menu.dart,/home/aleks/development/flutter/packages/flutter/lib/src/widgets/table.dart,/home/aleks/development/flutter/packages/flutter/lib/src/widgets/tap_region.dart,/home/aleks/development/flutter/packages/flutter/lib/src/widgets/text.dart,/home/aleks/development/flutter/packages/flutter/lib/src/widgets/text_editing_intents.dart,/home/aleks/development/flutter/packages/flutter/lib/src/widgets/text_selection.dart,/home/aleks/development/flutter/packages/flutter/lib/src/widgets/text_selection_toolbar_anchors.dart,/home/aleks/development/flutter/packages/flutter/lib/src/widgets/text_selection_toolbar_layout_delegate.dart,/home/aleks/development/flutter/packages/flutter/lib/src/widgets/texture.dart,/home/aleks/development/flutter/packages/flutter/lib/src/widgets/ticker_provider.dart,/home/aleks/development/flutter/packages/flutter/lib/src/widgets/title.dart,/home/aleks/development/flutter/packages/flutter/lib/src/widgets/toggleable.dart,/home/aleks/development/flutter/packages/flutter/lib/src/widgets/transitions.dart,/home/aleks/development/flutter/packages/flutter/lib/src/widgets/tween_animation_builder.dart,/home/aleks/development/flutter/packages/flutter/lib/src/widgets/two_dimensional_scroll_view.dart,/home/aleks/development/flutter/packages/flutter/lib/src/widgets/two_dimensional_viewport.dart,/home/aleks/development/flutter/packages/flutter/lib/src/widgets/undo_history.dart,/home/aleks/development/flutter/packages/flutter/lib/src/widgets/unique_widget.dart,/home/aleks/development/flutter/packages/flutter/lib/src/widgets/value_listenable_builder.dart,/home/aleks/development/flutter/packages/flutter/lib/src/widgets/view.dart,/home/aleks/development/flutter/packages/flutter/lib/src/widgets/viewport.dart,/home/aleks/development/flutter/packages/flutter/lib/src/widgets/visibility.dart,/home/aleks/development/flutter/packages/flutter/lib/src/widgets/widget_inspector.dart,/home/aleks/development/flutter/packages/flutter/lib/src/widgets/widget_span.dart,/home/aleks/development/flutter/packages/flutter/lib/src/widgets/widget_state.dart,/home/aleks/development/flutter/packages/flutter/lib/src/widgets/will_pop_scope.dart,/home/aleks/.pub-cache/hosted/pub.dev/nested-1.0.0/lib/nested.dart,/home/aleks/.pub-cache/hosted/pub.dev/provider-6.1.5+1/lib/src/deferred_inherited_provider.dart,/home/aleks/.pub-cache/hosted/pub.dev/provider-6.1.5+1/lib/src/devtool.dart,/home/aleks/.pub-cache/hosted/pub.dev/provider-6.1.5+1/lib/src/inherited_provider.dart,/home/aleks/.pub-cache/hosted/pub.dev/meta-1.17.0/lib/meta.dart,/home/aleks/development/flutter/packages/flutter/lib/src/foundation/annotations.dart,/home/aleks/development/flutter/packages/flutter/lib/src/foundation/assertions.dart,/home/aleks/development/flutter/packages/flutter/lib/src/foundation/basic_types.dart,/home/aleks/development/flutter/packages/flutter/lib/src/foundation/binding.dart,/home/aleks/development/flutter/packages/flutter/lib/src/foundation/bitfield.dart,/home/aleks/development/flutter/packages/flutter/lib/src/foundation/capabilities.dart,/home/aleks/development/flutter/packages/flutter/lib/src/foundation/change_notifier.dart,/home/aleks/development/flutter/packages/flutter/lib/src/foundation/collections.dart,/home/aleks/development/flutter/packages/flutter/lib/src/foundation/consolidate_response.dart,/home/aleks/development/flutter/packages/flutter/lib/src/foundation/constants.dart,/home/aleks/development/flutter/packages/flutter/lib/src/foundation/debug.dart,/home/aleks/development/flutter/packages/flutter/lib/src/foundation/diagnostics.dart,/home/aleks/development/flutter/packages/flutter/lib/src/foundation/isolates.dart,/home/aleks/development/flutter/packages/flutter/lib/src/foundation/key.dart,/home/aleks/development/flutter/packages/flutter/lib/src/foundation/licenses.dart,/home/aleks/development/flutter/packages/flutter/lib/src/foundation/memory_allocations.dart,/home/aleks/development/flutter/packages/flutter/lib/src/foundation/node.dart,/home/aleks/development/flutter/packages/flutter/lib/src/foundation/object.dart,/home/aleks/development/flutter/packages/flutter/lib/src/foundation/observer_list.dart,/home/aleks/development/flutter/packages/flutter/lib/src/foundation/persistent_hash_map.dart,/home/aleks/development/flutter/packages/flutter/lib/src/foundation/platform.dart,/home/aleks/development/flutter/packages/flutter/lib/src/foundation/print.dart,/home/aleks/development/flutter/packages/flutter/lib/src/foundation/serialization.dart,/home/aleks/development/flutter/packages/flutter/lib/src/foundation/service_extensions.dart,/home/aleks/development/flutter/packages/flutter/lib/src/foundation/stack_frame.dart,/home/aleks/development/flutter/packages/flutter/lib/src/foundation/synchronous_future.dart,/home/aleks/development/flutter/packages/flutter/lib/src/foundation/timeline.dart,/home/aleks/development/flutter/packages/flutter/lib/src/foundation/unicode.dart,/home/aleks/.pub-cache/hosted/pub.dev/dart_ping-9.0.1/lib/src/models/ping_data.dart,/home/aleks/.pub-cache/hosted/pub.dev/dart_ping-9.0.1/lib/src/models/ping_error.dart,/home/aleks/.pub-cache/hosted/pub.dev/dart_ping-9.0.1/lib/src/models/ping_response.dart,/home/aleks/.pub-cache/hosted/pub.dev/dart_ping-9.0.1/lib/src/models/ping_summary.dart,/home/aleks/.pub-cache/hosted/pub.dev/dart_ping-9.0.1/lib/src/ping_interface.dart,/home/aleks/.pub-cache/hosted/pub.dev/dart_ping-9.0.1/lib/src/models/ping_parser.dart,/home/aleks/.pub-cache/hosted/pub.dev/http-1.6.0/lib/http.dart,/home/aleks/.pub-cache/hosted/pub.dev/intl-0.20.2/lib/intl.dart,/home/aleks/.pub-cache/hosted/pub.dev/url_launcher-6.3.2/lib/url_launcher.dart,/home/aleks/.pub-cache/hosted/pub.dev/plugin_platform_interface-2.1.8/lib/plugin_platform_interface.dart,/home/aleks/.pub-cache/hosted/pub.dev/cross_file-0.3.5+2/lib/cross_file.dart,/home/aleks/.pub-cache/hosted/pub.dev/file_picker-10.3.10/lib/src/utils.dart,/home/aleks/.pub-cache/hosted/pub.dev/file_picker-10.3.10/lib/src/linux/xdp_filechooser.dart,/home/aleks/.pub-cache/hosted/pub.dev/file_picker-10.3.10/lib/src/linux/xdp_request.dart,/home/aleks/.pub-cache/hosted/pub.dev/file_picker-10.3.10/lib/src/linux/filters.dart,/home/aleks/.pub-cache/hosted/pub.dev/dbus-0.7.12/lib/dbus.dart,/home/aleks/.pub-cache/hosted/pub.dev/ffi-2.2.0/lib/ffi.dart,/home/aleks/.pub-cache/hosted/pub.dev/file_picker-10.3.10/lib/src/exceptions.dart,/home/aleks/.pub-cache/hosted/pub.dev/file_picker-10.3.10/lib/src/windows/file_picker_windows_ffi_types.dart,/home/aleks/.pub-cache/hosted/pub.dev/path-1.9.1/lib/path.dart,/home/aleks/.pub-cache/hosted/pub.dev/win32-5.15.0/lib/win32.dart,/home/aleks/.pub-cache/hosted/pub.dev/path_provider_platform_interface-2.1.2/lib/src/enums.dart,/home/aleks/.pub-cache/hosted/pub.dev/path_provider_platform_interface-2.1.2/lib/src/method_channel_path_provider.dart,/home/aleks/development/flutter/packages/flutter/lib/src/services/asset_bundle.dart,/home/aleks/development/flutter/packages/flutter/lib/src/services/asset_manifest.dart,/home/aleks/development/flutter/packages/flutter/lib/src/services/autofill.dart,/home/aleks/development/flutter/packages/flutter/lib/src/services/binary_messenger.dart,/home/aleks/development/flutter/packages/flutter/lib/src/services/binding.dart,/home/aleks/development/flutter/packages/flutter/lib/src/services/browser_context_menu.dart,/home/aleks/development/flutter/packages/flutter/lib/src/services/clipboard.dart,/home/aleks/development/flutter/packages/flutter/lib/src/services/debug.dart,/home/aleks/development/flutter/packages/flutter/lib/src/services/deferred_component.dart,/home/aleks/development/flutter/packages/flutter/lib/src/services/flavor.dart,/home/aleks/development/flutter/packages/flutter/lib/src/services/flutter_version.dart,/home/aleks/development/flutter/packages/flutter/lib/src/services/font_loader.dart,/home/aleks/development/flutter/packages/flutter/lib/src/services/haptic_feedback.dart,/home/aleks/development/flutter/packages/flutter/lib/src/services/hardware_keyboard.dart,/home/aleks/development/flutter/packages/flutter/lib/src/services/keyboard_inserted_content.dart,/home/aleks/development/flutter/packages/flutter/lib/src/services/keyboard_key.g.dart,/home/aleks/development/flutter/packages/flutter/lib/src/services/keyboard_maps.g.dart,/home/aleks/development/flutter/packages/flutter/lib/src/services/live_text.dart,/home/aleks/development/flutter/packages/flutter/lib/src/services/message_codec.dart,/home/aleks/development/flutter/packages/flutter/lib/src/services/message_codecs.dart,/home/aleks/development/flutter/packages/flutter/lib/src/services/mouse_cursor.dart,/home/aleks/development/flutter/packages/flutter/lib/src/services/mouse_tracking.dart,/home/aleks/development/flutter/packages/flutter/lib/src/services/platform_channel.dart,/home/aleks/development/flutter/packages/flutter/lib/src/services/platform_views.dart,/home/aleks/development/flutter/packages/flutter/lib/src/services/predictive_back_event.dart,/home/aleks/development/flutter/packages/flutter/lib/src/services/process_text.dart,/home/aleks/development/flutter/packages/flutter/lib/src/services/raw_keyboard.dart,/home/aleks/development/flutter/packages/flutter/lib/src/services/raw_keyboard_android.dart,/home/aleks/development/flutter/packages/flutter/lib/src/services/raw_keyboard_fuchsia.dart,/home/aleks/development/flutter/packages/flutter/lib/src/services/raw_keyboard_ios.dart,/home/aleks/development/flutter/packages/flutter/lib/src/services/raw_keyboard_linux.dart,/home/aleks/development/flutter/packages/flutter/lib/src/services/raw_keyboard_macos.dart,/home/aleks/development/flutter/packages/flutter/lib/src/services/raw_keyboard_web.dart,/home/aleks/development/flutter/packages/flutter/lib/src/services/raw_keyboard_windows.dart,/home/aleks/development/flutter/packages/flutter/lib/src/services/restoration.dart,/home/aleks/development/flutter/packages/flutter/lib/src/services/scribe.dart,/home/aleks/development/flutter/packages/flutter/lib/src/services/sensitive_content.dart,/home/aleks/development/flutter/packages/flutter/lib/src/services/service_extensions.dart,/home/aleks/development/flutter/packages/flutter/lib/src/services/spell_check.dart,/home/aleks/development/flutter/packages/flutter/lib/src/services/system_channels.dart,/home/aleks/development/flutter/packages/flutter/lib/src/services/system_chrome.dart,/home/aleks/development/flutter/packages/flutter/lib/src/services/system_navigator.dart,/home/aleks/development/flutter/packages/flutter/lib/src/services/system_sound.dart,/home/aleks/development/flutter/packages/flutter/lib/src/services/text_boundary.dart,/home/aleks/development/flutter/packages/flutter/lib/src/services/text_editing.dart,/home/aleks/development/flutter/packages/flutter/lib/src/services/text_editing_delta.dart,/home/aleks/development/flutter/packages/flutter/lib/src/services/text_formatter.dart,/home/aleks/development/flutter/packages/flutter/lib/src/services/text_input.dart,/home/aleks/development/flutter/packages/flutter/lib/src/services/text_layout_metrics.dart,/home/aleks/development/flutter/packages/flutter/lib/src/services/undo_manager.dart,/home/aleks/.pub-cache/hosted/pub.dev/url_launcher_platform_interface-2.3.2/lib/src/types.dart,/home/aleks/.pub-cache/hosted/pub.dev/url_launcher_platform_interface-2.3.2/lib/src/url_launcher_platform.dart,/home/aleks/.pub-cache/hosted/pub.dev/objective_c-9.3.0/lib/objective_c.dart,/home/aleks/.pub-cache/hosted/pub.dev/path_provider_foundation-2.6.0/lib/src/ffi_bindings.g.dart,/home/aleks/.pub-cache/hosted/pub.dev/xdg_directories-1.1.0/lib/xdg_directories.dart,/home/aleks/.pub-cache/hosted/pub.dev/path_provider_linux-2.2.1/lib/src/get_application_id.dart,/home/aleks/.pub-cache/hosted/pub.dev/path_provider_windows-2.3.0/lib/src/guid.dart,/home/aleks/.pub-cache/hosted/pub.dev/path_provider_windows-2.3.0/lib/src/win32_wrappers.dart,/home/aleks/development/flutter/packages/flutter/lib/src/cupertino/activity_indicator.dart,/home/aleks/development/flutter/packages/flutter/lib/src/cupertino/adaptive_text_selection_toolbar.dart,/home/aleks/development/flutter/packages/flutter/lib/src/cupertino/app.dart,/home/aleks/development/flutter/packages/flutter/lib/src/cupertino/bottom_tab_bar.dart,/home/aleks/development/flutter/packages/flutter/lib/src/cupertino/button.dart,/home/aleks/development/flutter/packages/flutter/lib/src/cupertino/checkbox.dart,/home/aleks/development/flutter/packages/flutter/lib/src/cupertino/colors.dart,/home/aleks/development/flutter/packages/flutter/lib/src/cupertino/constants.dart,/home/aleks/development/flutter/packages/flutter/lib/src/cupertino/context_menu.dart,/home/aleks/development/flutter/packages/flutter/lib/src/cupertino/context_menu_action.dart,/home/aleks/development/flutter/packages/flutter/lib/src/cupertino/date_picker.dart,/home/aleks/development/flutter/packages/flutter/lib/src/cupertino/debug.dart,/home/aleks/development/flutter/packages/flutter/lib/src/cupertino/desktop_text_selection.dart,/home/aleks/development/flutter/packages/flutter/lib/src/cupertino/desktop_text_selection_toolbar.dart,/home/aleks/development/flutter/packages/flutter/lib/src/cupertino/desktop_text_selection_toolbar_button.dart,/home/aleks/development/flutter/packages/flutter/lib/src/cupertino/dialog.dart,/home/aleks/development/flutter/packages/flutter/lib/src/cupertino/expansion_tile.dart,/home/aleks/development/flutter/packages/flutter/lib/src/cupertino/form_row.dart,/home/aleks/development/flutter/packages/flutter/lib/src/cupertino/form_section.dart,/home/aleks/development/flutter/packages/flutter/lib/src/cupertino/icon_theme_data.dart,/home/aleks/development/flutter/packages/flutter/lib/src/cupertino/icons.dart,/home/aleks/development/flutter/packages/flutter/lib/src/cupertino/interface_level.dart,/home/aleks/development/flutter/packages/flutter/lib/src/cupertino/list_section.dart,/home/aleks/development/flutter/packages/flutter/lib/src/cupertino/list_tile.dart,/home/aleks/development/flutter/packages/flutter/lib/src/cupertino/localizations.dart,/home/aleks/development/flutter/packages/flutter/lib/src/cupertino/magnifier.dart,/home/aleks/development/flutter/packages/flutter/lib/src/cupertino/nav_bar.dart,/home/aleks/development/flutter/packages/flutter/lib/src/cupertino/page_scaffold.dart,/home/aleks/development/flutter/packages/flutter/lib/src/cupertino/picker.dart,/home/aleks/development/flutter/packages/flutter/lib/src/cupertino/radio.dart,/home/aleks/development/flutter/packages/flutter/lib/src/cupertino/refresh.dart,/home/aleks/development/flutter/packages/flutter/lib/src/cupertino/route.dart,/home/aleks/development/flutter/packages/flutter/lib/src/cupertino/scrollbar.dart,/home/aleks/development/flutter/packages/flutter/lib/src/cupertino/search_field.dart,/home/aleks/development/flutter/packages/flutter/lib/src/cupertino/segmented_control.dart,/home/aleks/development/flutter/packages/flutter/lib/src/cupertino/sheet.dart,/home/aleks/development/flutter/packages/flutter/lib/src/cupertino/slider.dart,/home/aleks/development/flutter/packages/flutter/lib/src/cupertino/sliding_segmented_control.dart,/home/aleks/development/flutter/packages/flutter/lib/src/cupertino/spell_check_suggestions_toolbar.dart,/home/aleks/development/flutter/packages/flutter/lib/src/cupertino/switch.dart,/home/aleks/development/flutter/packages/flutter/lib/src/cupertino/tab_scaffold.dart,/home/aleks/development/flutter/packages/flutter/lib/src/cupertino/tab_view.dart,/home/aleks/development/flutter/packages/flutter/lib/src/cupertino/text_field.dart,/home/aleks/development/flutter/packages/flutter/lib/src/cupertino/text_form_field_row.dart,/home/aleks/development/flutter/packages/flutter/lib/src/cupertino/text_selection.dart,/home/aleks/development/flutter/packages/flutter/lib/src/cupertino/text_selection_toolbar.dart,/home/aleks/development/flutter/packages/flutter/lib/src/cupertino/text_selection_toolbar_button.dart,/home/aleks/development/flutter/packages/flutter/lib/src/cupertino/text_theme.dart,/home/aleks/development/flutter/packages/flutter/lib/src/cupertino/theme.dart,/home/aleks/development/flutter/packages/flutter/lib/src/cupertino/thumb_painter.dart,/home/aleks/development/flutter/packages/flutter/lib/src/scheduler/binding.dart,/home/aleks/development/flutter/packages/flutter/lib/src/scheduler/debug.dart,/home/aleks/development/flutter/packages/flutter/lib/src/scheduler/priority.dart,/home/aleks/development/flutter/packages/flutter/lib/src/scheduler/service_extensions.dart,/home/aleks/development/flutter/packages/flutter/lib/src/scheduler/ticker.dart,/home/aleks/development/flutter/packages/flutter/lib/semantics.dart,/home/aleks/development/flutter/packages/flutter/lib/src/rendering/animated_size.dart,/home/aleks/development/flutter/packages/flutter/lib/src/rendering/binding.dart,/home/aleks/development/flutter/packages/flutter/lib/src/rendering/box.dart,/home/aleks/development/flutter/packages/flutter/lib/src/rendering/custom_layout.dart,/home/aleks/development/flutter/packages/flutter/lib/src/rendering/custom_paint.dart,/home/aleks/development/flutter/packages/flutter/lib/src/rendering/debug.dart,/home/aleks/development/flutter/packages/flutter/lib/src/rendering/debug_overflow_indicator.dart,/home/aleks/development/flutter/packages/flutter/lib/src/rendering/decorated_sliver.dart,/home/aleks/development/flutter/packages/flutter/lib/src/rendering/editable.dart,/home/aleks/development/flutter/packages/flutter/lib/src/rendering/error.dart,/home/aleks/development/flutter/packages/flutter/lib/src/rendering/flex.dart,/home/aleks/development/flutter/packages/flutter/lib/src/rendering/flow.dart,/home/aleks/development/flutter/packages/flutter/lib/src/rendering/image.dart,/home/aleks/development/flutter/packages/flutter/lib/src/rendering/layer.dart,/home/aleks/development/flutter/packages/flutter/lib/src/rendering/layout_helper.dart,/home/aleks/development/flutter/packages/flutter/lib/src/rendering/list_body.dart,/home/aleks/development/flutter/packages/flutter/lib/src/rendering/list_wheel_viewport.dart,/home/aleks/development/flutter/packages/flutter/lib/src/rendering/mouse_tracker.dart,/home/aleks/development/flutter/packages/flutter/lib/src/rendering/object.dart,/home/aleks/development/flutter/packages/flutter/lib/src/rendering/paragraph.dart,/home/aleks/development/flutter/packages/flutter/lib/src/rendering/performance_overlay.dart,/home/aleks/development/flutter/packages/flutter/lib/src/rendering/platform_view.dart,/home/aleks/development/flutter/packages/flutter/lib/src/rendering/proxy_box.dart,/home/aleks/development/flutter/packages/flutter/lib/src/rendering/proxy_sliver.dart,/home/aleks/development/flutter/packages/flutter/lib/src/rendering/rotated_box.dart,/home/aleks/development/flutter/packages/flutter/lib/src/rendering/selection.dart,/home/aleks/development/flutter/packages/flutter/lib/src/rendering/service_extensions.dart,/home/aleks/development/flutter/packages/flutter/lib/src/rendering/shifted_box.dart,/home/aleks/development/flutter/packages/flutter/lib/src/rendering/sliver.dart,/home/aleks/development/flutter/packages/flutter/lib/src/rendering/sliver_fill.dart,/home/aleks/development/flutter/packages/flutter/lib/src/rendering/sliver_fixed_extent_list.dart,/home/aleks/development/flutter/packages/flutter/lib/src/rendering/sliver_grid.dart,/home/aleks/development/flutter/packages/flutter/lib/src/rendering/sliver_group.dart,/home/aleks/development/flutter/packages/flutter/lib/src/rendering/sliver_list.dart,/home/aleks/development/flutter/packages/flutter/lib/src/rendering/sliver_multi_box_adaptor.dart,/home/aleks/development/flutter/packages/flutter/lib/src/rendering/sliver_padding.dart,/home/aleks/development/flutter/packages/flutter/lib/src/rendering/sliver_persistent_header.dart,/home/aleks/development/flutter/packages/flutter/lib/src/rendering/sliver_tree.dart,/home/aleks/development/flutter/packages/flutter/lib/src/rendering/stack.dart,/home/aleks/development/flutter/packages/flutter/lib/src/rendering/table.dart,/home/aleks/development/flutter/packages/flutter/lib/src/rendering/table_border.dart,/home/aleks/development/flutter/packages/flutter/lib/src/rendering/texture.dart,/home/aleks/development/flutter/packages/flutter/lib/src/rendering/tweens.dart,/home/aleks/development/flutter/packages/flutter/lib/src/rendering/view.dart,/home/aleks/development/flutter/packages/flutter/lib/src/rendering/viewport.dart,/home/aleks/development/flutter/packages/flutter/lib/src/rendering/viewport_offset.dart,/home/aleks/development/flutter/packages/flutter/lib/src/rendering/wrap.dart,/home/aleks/development/flutter/packages/flutter/lib/src/animation/animation.dart,/home/aleks/development/flutter/packages/flutter/lib/src/animation/animation_controller.dart,/home/aleks/development/flutter/packages/flutter/lib/src/animation/animation_style.dart,/home/aleks/development/flutter/packages/flutter/lib/src/animation/animations.dart,/home/aleks/development/flutter/packages/flutter/lib/src/animation/curves.dart,/home/aleks/development/flutter/packages/flutter/lib/src/animation/listener_helpers.dart,/home/aleks/development/flutter/packages/flutter/lib/src/animation/tween.dart,/home/aleks/development/flutter/packages/flutter/lib/src/animation/tween_sequence.dart,/home/aleks/.pub-cache/hosted/pub.dev/vector_math-2.2.0/lib/src/vector_math_64/aabb2.dart,/home/aleks/.pub-cache/hosted/pub.dev/vector_math-2.2.0/lib/src/vector_math_64/aabb3.dart,/home/aleks/.pub-cache/hosted/pub.dev/vector_math-2.2.0/lib/src/vector_math_64/colors.dart,/home/aleks/.pub-cache/hosted/pub.dev/vector_math-2.2.0/lib/src/vector_math_64/constants.dart,/home/aleks/.pub-cache/hosted/pub.dev/vector_math-2.2.0/lib/src/vector_math_64/error_helpers.dart,/home/aleks/.pub-cache/hosted/pub.dev/vector_math-2.2.0/lib/src/vector_math_64/frustum.dart,/home/aleks/.pub-cache/hosted/pub.dev/vector_math-2.2.0/lib/src/vector_math_64/intersection_result.dart,/home/aleks/.pub-cache/hosted/pub.dev/vector_math-2.2.0/lib/src/vector_math_64/matrix2.dart,/home/aleks/.pub-cache/hosted/pub.dev/vector_math-2.2.0/lib/src/vector_math_64/matrix3.dart,/home/aleks/.pub-cache/hosted/pub.dev/vector_math-2.2.0/lib/src/vector_math_64/matrix4.dart,/home/aleks/.pub-cache/hosted/pub.dev/vector_math-2.2.0/lib/src/vector_math_64/noise.dart,/home/aleks/.pub-cache/hosted/pub.dev/vector_math-2.2.0/lib/src/vector_math_64/obb3.dart,/home/aleks/.pub-cache/hosted/pub.dev/vector_math-2.2.0/lib/src/vector_math_64/opengl.dart,/home/aleks/.pub-cache/hosted/pub.dev/vector_math-2.2.0/lib/src/vector_math_64/plane.dart,/home/aleks/.pub-cache/hosted/pub.dev/vector_math-2.2.0/lib/src/vector_math_64/quad.dart,/home/aleks/.pub-cache/hosted/pub.dev/vector_math-2.2.0/lib/src/vector_math_64/quaternion.dart,/home/aleks/.pub-cache/hosted/pub.dev/vector_math-2.2.0/lib/src/vector_math_64/ray.dart,/home/aleks/.pub-cache/hosted/pub.dev/vector_math-2.2.0/lib/src/vector_math_64/sphere.dart,/home/aleks/.pub-cache/hosted/pub.dev/vector_math-2.2.0/lib/src/vector_math_64/triangle.dart,/home/aleks/.pub-cache/hosted/pub.dev/vector_math-2.2.0/lib/src/vector_math_64/utilities.dart,/home/aleks/.pub-cache/hosted/pub.dev/vector_math-2.2.0/lib/src/vector_math_64/vector.dart,/home/aleks/.pub-cache/hosted/pub.dev/vector_math-2.2.0/lib/src/vector_math_64/vector2.dart,/home/aleks/.pub-cache/hosted/pub.dev/vector_math-2.2.0/lib/src/vector_math_64/vector3.dart,/home/aleks/.pub-cache/hosted/pub.dev/vector_math-2.2.0/lib/src/vector_math_64/vector4.dart,/home/aleks/development/flutter/packages/flutter/lib/src/gestures/arena.dart,/home/aleks/development/flutter/packages/flutter/lib/src/gestures/binding.dart,/home/aleks/development/flutter/packages/flutter/lib/src/gestures/constants.dart,/home/aleks/development/flutter/packages/flutter/lib/src/gestures/converter.dart,/home/aleks/development/flutter/packages/flutter/lib/src/gestures/debug.dart,/home/aleks/development/flutter/packages/flutter/lib/src/gestures/drag.dart,/home/aleks/development/flutter/packages/flutter/lib/src/gestures/drag_details.dart,/home/aleks/development/flutter/packages/flutter/lib/src/gestures/eager.dart,/home/aleks/development/flutter/packages/flutter/lib/src/gestures/events.dart,/home/aleks/development/flutter/packages/flutter/lib/src/gestures/force_press.dart,/home/aleks/development/flutter/packages/flutter/lib/src/gestures/gesture_details.dart,/home/aleks/development/flutter/packages/flutter/lib/src/gestures/gesture_settings.dart,/home/aleks/development/flutter/packages/flutter/lib/src/gestures/hit_test.dart,/home/aleks/development/flutter/packages/flutter/lib/src/gestures/long_press.dart,/home/aleks/development/flutter/packages/flutter/lib/src/gestures/lsq_solver.dart,/home/aleks/development/flutter/packages/flutter/lib/src/gestures/monodrag.dart,/home/aleks/development/flutter/packages/flutter/lib/src/gestures/multidrag.dart,/home/aleks/development/flutter/packages/flutter/lib/src/gestures/multitap.dart,/home/aleks/development/flutter/packages/flutter/lib/src/gestures/pointer_router.dart,/home/aleks/development/flutter/packages/flutter/lib/src/gestures/pointer_signal_resolver.dart,/home/aleks/development/flutter/packages/flutter/lib/src/gestures/recognizer.dart,/home/aleks/development/flutter/packages/flutter/lib/src/gestures/resampler.dart,/home/aleks/development/flutter/packages/flutter/lib/src/gestures/scale.dart,/home/aleks/development/flutter/packages/flutter/lib/src/gestures/tap.dart,/home/aleks/development/flutter/packages/flutter/lib/src/gestures/tap_and_drag.dart,/home/aleks/development/flutter/packages/flutter/lib/src/gestures/team.dart,/home/aleks/development/flutter/packages/flutter/lib/src/gestures/velocity_tracker.dart,/home/aleks/.pub-cache/hosted/pub.dev/collection-1.19.1/lib/src/algorithms.dart,/home/aleks/.pub-cache/hosted/pub.dev/collection-1.19.1/lib/src/boollist.dart,/home/aleks/.pub-cache/hosted/pub.dev/collection-1.19.1/lib/src/canonicalized_map.dart,/home/aleks/.pub-cache/hosted/pub.dev/collection-1.19.1/lib/src/combined_wrappers/combined_iterable.dart,/home/aleks/.pub-cache/hosted/pub.dev/collection-1.19.1/lib/src/combined_wrappers/combined_list.dart,/home/aleks/.pub-cache/hosted/pub.dev/collection-1.19.1/lib/src/combined_wrappers/combined_map.dart,/home/aleks/.pub-cache/hosted/pub.dev/collection-1.19.1/lib/src/comparators.dart,/home/aleks/.pub-cache/hosted/pub.dev/collection-1.19.1/lib/src/equality.dart,/home/aleks/.pub-cache/hosted/pub.dev/collection-1.19.1/lib/src/equality_map.dart,/home/aleks/.pub-cache/hosted/pub.dev/collection-1.19.1/lib/src/equality_set.dart,/home/aleks/.pub-cache/hosted/pub.dev/collection-1.19.1/lib/src/functions.dart,/home/aleks/.pub-cache/hosted/pub.dev/collection-1.19.1/lib/src/iterable_extensions.dart,/home/aleks/.pub-cache/hosted/pub.dev/collection-1.19.1/lib/src/iterable_zip.dart,/home/aleks/.pub-cache/hosted/pub.dev/collection-1.19.1/lib/src/list_extensions.dart,/home/aleks/.pub-cache/hosted/pub.dev/collection-1.19.1/lib/src/priority_queue.dart,/home/aleks/.pub-cache/hosted/pub.dev/collection-1.19.1/lib/src/queue_list.dart,/home/aleks/.pub-cache/hosted/pub.dev/collection-1.19.1/lib/src/union_set.dart,/home/aleks/.pub-cache/hosted/pub.dev/collection-1.19.1/lib/src/union_set_controller.dart,/home/aleks/.pub-cache/hosted/pub.dev/collection-1.19.1/lib/src/unmodifiable_wrappers.dart,/home/aleks/.pub-cache/hosted/pub.dev/collection-1.19.1/lib/src/wrappers.dart,/home/aleks/.pub-cache/hosted/pub.dev/material_color_utilities-0.11.1/lib/blend/blend.dart,/home/aleks/.pub-cache/hosted/pub.dev/material_color_utilities-0.11.1/lib/contrast/contrast.dart,/home/aleks/.pub-cache/hosted/pub.dev/material_color_utilities-0.11.1/lib/dislike/dislike_analyzer.dart,/home/aleks/.pub-cache/hosted/pub.dev/material_color_utilities-0.11.1/lib/dynamiccolor/dynamic_color.dart,/home/aleks/.pub-cache/hosted/pub.dev/material_color_utilities-0.11.1/lib/dynamiccolor/dynamic_scheme.dart,/home/aleks/.pub-cache/hosted/pub.dev/material_color_utilities-0.11.1/lib/dynamiccolor/material_dynamic_colors.dart,/home/aleks/.pub-cache/hosted/pub.dev/material_color_utilities-0.11.1/lib/dynamiccolor/variant.dart,/home/aleks/.pub-cache/hosted/pub.dev/material_color_utilities-0.11.1/lib/hct/cam16.dart,/home/aleks/.pub-cache/hosted/pub.dev/material_color_utilities-0.11.1/lib/hct/hct.dart,/home/aleks/.pub-cache/hosted/pub.dev/material_color_utilities-0.11.1/lib/hct/viewing_conditions.dart,/home/aleks/.pub-cache/hosted/pub.dev/material_color_utilities-0.11.1/lib/palettes/core_palette.dart,/home/aleks/.pub-cache/hosted/pub.dev/material_color_utilities-0.11.1/lib/palettes/tonal_palette.dart,/home/aleks/.pub-cache/hosted/pub.dev/material_color_utilities-0.11.1/lib/quantize/quantizer.dart,/home/aleks/.pub-cache/hosted/pub.dev/material_color_utilities-0.11.1/lib/quantize/quantizer_celebi.dart,/home/aleks/.pub-cache/hosted/pub.dev/material_color_utilities-0.11.1/lib/quantize/quantizer_map.dart,/home/aleks/.pub-cache/hosted/pub.dev/material_color_utilities-0.11.1/lib/quantize/quantizer_wsmeans.dart,/home/aleks/.pub-cache/hosted/pub.dev/material_color_utilities-0.11.1/lib/quantize/quantizer_wu.dart,/home/aleks/.pub-cache/hosted/pub.dev/material_color_utilities-0.11.1/lib/scheme/scheme.dart,/home/aleks/.pub-cache/hosted/pub.dev/material_color_utilities-0.11.1/lib/scheme/scheme_content.dart,/home/aleks/.pub-cache/hosted/pub.dev/material_color_utilities-0.11.1/lib/scheme/scheme_expressive.dart,/home/aleks/.pub-cache/hosted/pub.dev/material_color_utilities-0.11.1/lib/scheme/scheme_fidelity.dart,/home/aleks/.pub-cache/hosted/pub.dev/material_color_utilities-0.11.1/lib/scheme/scheme_fruit_salad.dart,/home/aleks/.pub-cache/hosted/pub.dev/material_color_utilities-0.11.1/lib/scheme/scheme_monochrome.dart,/home/aleks/.pub-cache/hosted/pub.dev/material_color_utilities-0.11.1/lib/scheme/scheme_neutral.dart,/home/aleks/.pub-cache/hosted/pub.dev/material_color_utilities-0.11.1/lib/scheme/scheme_rainbow.dart,/home/aleks/.pub-cache/hosted/pub.dev/material_color_utilities-0.11.1/lib/scheme/scheme_tonal_spot.dart,/home/aleks/.pub-cache/hosted/pub.dev/material_color_utilities-0.11.1/lib/scheme/scheme_vibrant.dart,/home/aleks/.pub-cache/hosted/pub.dev/material_color_utilities-0.11.1/lib/score/score.dart,/home/aleks/.pub-cache/hosted/pub.dev/material_color_utilities-0.11.1/lib/temperature/temperature_cache.dart,/home/aleks/.pub-cache/hosted/pub.dev/material_color_utilities-0.11.1/lib/utils/color_utils.dart,/home/aleks/.pub-cache/hosted/pub.dev/material_color_utilities-0.11.1/lib/utils/math_utils.dart,/home/aleks/.pub-cache/hosted/pub.dev/material_color_utilities-0.11.1/lib/utils/string_utils.dart,/home/aleks/development/flutter/packages/flutter/lib/src/painting/alignment.dart,/home/aleks/development/flutter/packages/flutter/lib/src/painting/basic_types.dart,/home/aleks/development/flutter/packages/flutter/lib/src/painting/beveled_rectangle_border.dart,/home/aleks/development/flutter/packages/flutter/lib/src/painting/binding.dart,/home/aleks/development/flutter/packages/flutter/lib/src/painting/border_radius.dart,/home/aleks/development/flutter/packages/flutter/lib/src/painting/borders.dart,/home/aleks/development/flutter/packages/flutter/lib/src/painting/box_border.dart,/home/aleks/development/flutter/packages/flutter/lib/src/painting/box_decoration.dart,/home/aleks/development/flutter/packages/flutter/lib/src/painting/box_fit.dart,/home/aleks/development/flutter/packages/flutter/lib/src/painting/box_shadow.dart,/home/aleks/development/flutter/packages/flutter/lib/src/painting/circle_border.dart,/home/aleks/development/flutter/packages/flutter/lib/src/painting/clip.dart,/home/aleks/development/flutter/packages/flutter/lib/src/painting/colors.dart,/home/aleks/development/flutter/packages/flutter/lib/src/painting/continuous_rectangle_border.dart,/home/aleks/development/flutter/packages/flutter/lib/src/painting/debug.dart,/home/aleks/development/flutter/packages/flutter/lib/src/painting/decoration.dart,/home/aleks/development/flutter/packages/flutter/lib/src/painting/decoration_image.dart,/home/aleks/development/flutter/packages/flutter/lib/src/painting/edge_insets.dart,/home/aleks/development/flutter/packages/flutter/lib/src/painting/flutter_logo.dart,/home/aleks/development/flutter/packages/flutter/lib/src/painting/fractional_offset.dart,/home/aleks/development/flutter/packages/flutter/lib/src/painting/geometry.dart,/home/aleks/development/flutter/packages/flutter/lib/src/painting/gradient.dart,/home/aleks/development/flutter/packages/flutter/lib/src/painting/image_cache.dart,/home/aleks/development/flutter/packages/flutter/lib/src/painting/image_decoder.dart,/home/aleks/development/flutter/packages/flutter/lib/src/painting/image_provider.dart,/home/aleks/development/flutter/packages/flutter/lib/src/painting/image_resolution.dart,/home/aleks/development/flutter/packages/flutter/lib/src/painting/image_stream.dart,/home/aleks/development/flutter/packages/flutter/lib/src/painting/inline_span.dart,/home/aleks/development/flutter/packages/flutter/lib/src/painting/linear_border.dart,/home/aleks/development/flutter/packages/flutter/lib/src/painting/matrix_utils.dart,/home/aleks/development/flutter/packages/flutter/lib/src/painting/notched_shapes.dart,/home/aleks/development/flutter/packages/flutter/lib/src/painting/oval_border.dart,/home/aleks/development/flutter/packages/flutter/lib/src/painting/paint_utilities.dart,/home/aleks/development/flutter/packages/flutter/lib/src/painting/placeholder_span.dart,/home/aleks/development/flutter/packages/flutter/lib/src/painting/rounded_rectangle_border.dart,/home/aleks/development/flutter/packages/flutter/lib/src/painting/shader_warm_up.dart,/home/aleks/development/flutter/packages/flutter/lib/src/painting/shape_decoration.dart,/home/aleks/development/flutter/packages/flutter/lib/src/painting/stadium_border.dart,/home/aleks/development/flutter/packages/flutter/lib/src/painting/star_border.dart,/home/aleks/development/flutter/packages/flutter/lib/src/painting/strut_style.dart,/home/aleks/development/flutter/packages/flutter/lib/src/painting/text_painter.dart,/home/aleks/development/flutter/packages/flutter/lib/src/painting/text_scaler.dart,/home/aleks/development/flutter/packages/flutter/lib/src/painting/text_span.dart,/home/aleks/development/flutter/packages/flutter/lib/src/painting/text_style.dart,/home/aleks/.pub-cache/hosted/pub.dev/characters-1.4.0/lib/src/characters.dart,/home/aleks/.pub-cache/hosted/pub.dev/characters-1.4.0/lib/src/extensions.dart,/home/aleks/development/flutter/packages/flutter/lib/src/widgets/constants.dart,/home/aleks/development/flutter/packages/flutter/lib/src/foundation/_features.dart,/home/aleks/development/flutter/packages/flutter/lib/src/widgets/_window.dart,/home/aleks/development/flutter/packages/flutter/lib/src/widgets/_web_browser_detection_io.dart,/home/aleks/development/flutter/packages/flutter/lib/src/painting/_web_image_info_io.dart,/home/aleks/development/flutter/packages/flutter/lib/src/widgets/_web_image_io.dart,/home/aleks/development/flutter/packages/flutter/lib/physics.dart,/home/aleks/development/flutter/packages/flutter/lib/src/widgets/_platform_selectable_region_context_menu_io.dart,/home/aleks/development/flutter/packages/flutter/lib/src/widgets/_html_element_view_io.dart,/home/aleks/.pub-cache/hosted/pub.dev/meta-1.17.0/lib/meta_meta.dart,/home/aleks/development/flutter/packages/flutter/lib/src/foundation/_bitfield_io.dart,/home/aleks/development/flutter/packages/flutter/lib/src/foundation/_capabilities_io.dart,/home/aleks/development/flutter/packages/flutter/lib/src/foundation/_isolates_io.dart,/home/aleks/development/flutter/packages/flutter/lib/src/foundation/_platform_io.dart,/home/aleks/development/flutter/packages/flutter/lib/src/foundation/_timeline_io.dart,/home/aleks/.pub-cache/hosted/pub.dev/dart_ping-9.0.1/lib/src/ping/linux_ping.dart,/home/aleks/.pub-cache/hosted/pub.dev/dart_ping-9.0.1/lib/src/ping/mac_ping.dart,/home/aleks/.pub-cache/hosted/pub.dev/dart_ping-9.0.1/lib/src/ping/windows_ping.dart,/home/aleks/.pub-cache/hosted/pub.dev/http-1.6.0/lib/src/client.dart,/home/aleks/.pub-cache/hosted/pub.dev/http-1.6.0/lib/src/exception.dart,/home/aleks/.pub-cache/hosted/pub.dev/http-1.6.0/lib/src/request.dart,/home/aleks/.pub-cache/hosted/pub.dev/http-1.6.0/lib/src/response.dart,/home/aleks/.pub-cache/hosted/pub.dev/http-1.6.0/lib/src/streamed_request.dart,/home/aleks/.pub-cache/hosted/pub.dev/http_parser-4.1.2/lib/http_parser.dart,/home/aleks/.pub-cache/hosted/pub.dev/http-1.6.0/lib/src/abortable.dart,/home/aleks/.pub-cache/hosted/pub.dev/http-1.6.0/lib/src/base_client.dart,/home/aleks/.pub-cache/hosted/pub.dev/http-1.6.0/lib/src/base_request.dart,/home/aleks/.pub-cache/hosted/pub.dev/http-1.6.0/lib/src/base_response.dart,/home/aleks/.pub-cache/hosted/pub.dev/http-1.6.0/lib/src/byte_stream.dart,/home/aleks/.pub-cache/hosted/pub.dev/http-1.6.0/lib/src/multipart_file.dart,/home/aleks/.pub-cache/hosted/pub.dev/http-1.6.0/lib/src/multipart_request.dart,/home/aleks/.pub-cache/hosted/pub.dev/http-1.6.0/lib/src/streamed_response.dart,/home/aleks/.pub-cache/hosted/pub.dev/intl-0.20.2/lib/src/global_state.dart,/home/aleks/.pub-cache/hosted/pub.dev/intl-0.20.2/lib/src/intl/date_format.dart,/home/aleks/.pub-cache/hosted/pub.dev/intl-0.20.2/lib/src/intl_helpers.dart,/home/aleks/.pub-cache/hosted/pub.dev/intl-0.20.2/lib/src/plural_rules.dart,/home/aleks/.pub-cache/hosted/pub.dev/intl-0.20.2/lib/src/intl/bidi.dart,/home/aleks/.pub-cache/hosted/pub.dev/intl-0.20.2/lib/src/intl/bidi_formatter.dart,/home/aleks/.pub-cache/hosted/pub.dev/intl-0.20.2/lib/src/intl/micro_money.dart,/home/aleks/.pub-cache/hosted/pub.dev/intl-0.20.2/lib/src/intl/number_format.dart,/home/aleks/.pub-cache/hosted/pub.dev/intl-0.20.2/lib/src/intl/number_parser_base.dart,/home/aleks/.pub-cache/hosted/pub.dev/intl-0.20.2/lib/src/intl/text_direction.dart,/home/aleks/.pub-cache/hosted/pub.dev/url_launcher-6.3.2/lib/src/legacy_api.dart,/home/aleks/.pub-cache/hosted/pub.dev/url_launcher-6.3.2/lib/src/types.dart,/home/aleks/.pub-cache/hosted/pub.dev/url_launcher-6.3.2/lib/src/url_launcher_uri.dart,/home/aleks/.pub-cache/hosted/pub.dev/cross_file-0.3.5+2/lib/src/x_file.dart,/home/aleks/.pub-cache/hosted/pub.dev/dbus-0.7.12/lib/src/dbus_address.dart,/home/aleks/.pub-cache/hosted/pub.dev/dbus-0.7.12/lib/src/dbus_auth_client.dart,/home/aleks/.pub-cache/hosted/pub.dev/dbus-0.7.12/lib/src/dbus_client.dart,/home/aleks/.pub-cache/hosted/pub.dev/dbus-0.7.12/lib/src/dbus_introspect.dart,/home/aleks/.pub-cache/hosted/pub.dev/dbus-0.7.12/lib/src/dbus_method_call.dart,/home/aleks/.pub-cache/hosted/pub.dev/dbus-0.7.12/lib/src/dbus_method_response.dart,/home/aleks/.pub-cache/hosted/pub.dev/dbus-0.7.12/lib/src/dbus_object.dart,/home/aleks/.pub-cache/hosted/pub.dev/dbus-0.7.12/lib/src/dbus_remote_object.dart,/home/aleks/.pub-cache/hosted/pub.dev/dbus-0.7.12/lib/src/dbus_remote_object_manager.dart,/home/aleks/.pub-cache/hosted/pub.dev/dbus-0.7.12/lib/src/dbus_server.dart,/home/aleks/.pub-cache/hosted/pub.dev/dbus-0.7.12/lib/src/dbus_signal.dart,/home/aleks/.pub-cache/hosted/pub.dev/dbus-0.7.12/lib/src/dbus_value.dart,/home/aleks/.pub-cache/hosted/pub.dev/ffi-2.2.0/lib/src/allocation.dart,/home/aleks/.pub-cache/hosted/pub.dev/ffi-2.2.0/lib/src/arena.dart,/home/aleks/.pub-cache/hosted/pub.dev/ffi-2.2.0/lib/src/utf16.dart,/home/aleks/.pub-cache/hosted/pub.dev/ffi-2.2.0/lib/src/utf8.dart,/home/aleks/.pub-cache/hosted/pub.dev/path-1.9.1/lib/src/context.dart,/home/aleks/.pub-cache/hosted/pub.dev/path-1.9.1/lib/src/style.dart,/home/aleks/.pub-cache/hosted/pub.dev/path-1.9.1/lib/src/path_exception.dart,/home/aleks/.pub-cache/hosted/pub.dev/path-1.9.1/lib/src/path_map.dart,/home/aleks/.pub-cache/hosted/pub.dev/path-1.9.1/lib/src/path_set.dart,/home/aleks/.pub-cache/hosted/pub.dev/win32-5.15.0/lib/src/bstr.dart,/home/aleks/.pub-cache/hosted/pub.dev/win32-5.15.0/lib/src/callbacks.dart,/home/aleks/.pub-cache/hosted/pub.dev/win32-5.15.0/lib/src/constants.dart,/home/aleks/.pub-cache/hosted/pub.dev/win32-5.15.0/lib/src/constants_metadata.dart,/home/aleks/.pub-cache/hosted/pub.dev/win32-5.15.0/lib/src/constants_nodoc.dart,/home/aleks/.pub-cache/hosted/pub.dev/win32-5.15.0/lib/src/dispatcher.dart,/home/aleks/.pub-cache/hosted/pub.dev/win32-5.15.0/lib/src/enums.dart,/home/aleks/.pub-cache/hosted/pub.dev/win32-5.15.0/lib/src/enums.g.dart,/home/aleks/.pub-cache/hosted/pub.dev/win32-5.15.0/lib/src/exceptions.dart,/home/aleks/.pub-cache/hosted/pub.dev/win32-5.15.0/lib/src/functions.dart,/home/aleks/.pub-cache/hosted/pub.dev/win32-5.15.0/lib/src/guid.dart,/home/aleks/.pub-cache/hosted/pub.dev/win32-5.15.0/lib/src/inline.dart,/home/aleks/.pub-cache/hosted/pub.dev/win32-5.15.0/lib/src/macros.dart,/home/aleks/.pub-cache/hosted/pub.dev/win32-5.15.0/lib/src/propertykey.dart,/home/aleks/.pub-cache/hosted/pub.dev/win32-5.15.0/lib/src/structs.dart,/home/aleks/.pub-cache/hosted/pub.dev/win32-5.15.0/lib/src/structs.g.dart,/home/aleks/.pub-cache/hosted/pub.dev/win32-5.15.0/lib/src/types.dart,/home/aleks/.pub-cache/hosted/pub.dev/win32-5.15.0/lib/src/utils.dart,/home/aleks/.pub-cache/hosted/pub.dev/win32-5.15.0/lib/src/variant.dart,/home/aleks/.pub-cache/hosted/pub.dev/win32-5.15.0/lib/src/winmd_constants.dart,/home/aleks/.pub-cache/hosted/pub.dev/win32-5.15.0/lib/src/winrt_helpers.dart,/home/aleks/.pub-cache/hosted/pub.dev/win32-5.15.0/lib/src/extensions/dialogs.dart,/home/aleks/.pub-cache/hosted/pub.dev/win32-5.15.0/lib/src/extensions/filetime.dart,/home/aleks/.pub-cache/hosted/pub.dev/win32-5.15.0/lib/src/extensions/int_to_hexstring.dart,/home/aleks/.pub-cache/hosted/pub.dev/win32-5.15.0/lib/src/extensions/list_to_blob.dart,/home/aleks/.pub-cache/hosted/pub.dev/win32-5.15.0/lib/src/extensions/set_ansi.dart,/home/aleks/.pub-cache/hosted/pub.dev/win32-5.15.0/lib/src/extensions/set_string.dart,/home/aleks/.pub-cache/hosted/pub.dev/win32-5.15.0/lib/src/extensions/set_string_array.dart,/home/aleks/.pub-cache/hosted/pub.dev/win32-5.15.0/lib/src/extensions/unpack_utf16.dart,/home/aleks/.pub-cache/hosted/pub.dev/win32-5.15.0/lib/src/win32/advapi32.g.dart,/home/aleks/.pub-cache/hosted/pub.dev/win32-5.15.0/lib/src/win32/bluetoothapis.g.dart,/home/aleks/.pub-cache/hosted/pub.dev/win32-5.15.0/lib/src/win32/bthprops.g.dart,/home/aleks/.pub-cache/hosted/pub.dev/win32-5.15.0/lib/src/win32/comctl32.g.dart,/home/aleks/.pub-cache/hosted/pub.dev/win32-5.15.0/lib/src/win32/comdlg32.g.dart,/home/aleks/.pub-cache/hosted/pub.dev/win32-5.15.0/lib/src/win32/crypt32.g.dart,/home/aleks/.pub-cache/hosted/pub.dev/win32-5.15.0/lib/src/win32/dbghelp.g.dart,/home/aleks/.pub-cache/hosted/pub.dev/win32-5.15.0/lib/src/win32/dwmapi.g.dart,/home/aleks/.pub-cache/hosted/pub.dev/win32-5.15.0/lib/src/win32/dxva2.g.dart,/home/aleks/.pub-cache/hosted/pub.dev/win32-5.15.0/lib/src/win32/gdi32.g.dart,/home/aleks/.pub-cache/hosted/pub.dev/win32-5.15.0/lib/src/win32/iphlpapi.g.dart,/home/aleks/.pub-cache/hosted/pub.dev/win32-5.15.0/lib/src/win32/kernel32.g.dart,/home/aleks/.pub-cache/hosted/pub.dev/win32-5.15.0/lib/src/win32/magnification.g.dart,/home/aleks/.pub-cache/hosted/pub.dev/win32-5.15.0/lib/src/win32/netapi32.g.dart,/home/aleks/.pub-cache/hosted/pub.dev/win32-5.15.0/lib/src/win32/ntdll.g.dart,/home/aleks/.pub-cache/hosted/pub.dev/win32-5.15.0/lib/src/win32/ole32.g.dart,/home/aleks/.pub-cache/hosted/pub.dev/win32-5.15.0/lib/src/win32/oleaut32.g.dart,/home/aleks/.pub-cache/hosted/pub.dev/win32-5.15.0/lib/src/win32/powrprof.g.dart,/home/aleks/.pub-cache/hosted/pub.dev/win32-5.15.0/lib/src/win32/propsys.g.dart,/home/aleks/.pub-cache/hosted/pub.dev/win32-5.15.0/lib/src/win32/rometadata.g.dart,/home/aleks/.pub-cache/hosted/pub.dev/win32-5.15.0/lib/src/win32/scarddlg.g.dart,/home/aleks/.pub-cache/hosted/pub.dev/win32-5.15.0/lib/src/win32/setupapi.g.dart,/home/aleks/.pub-cache/hosted/pub.dev/win32-5.15.0/lib/src/win32/shell32.g.dart,/home/aleks/.pub-cache/hosted/pub.dev/win32-5.15.0/lib/src/win32/shlwapi.g.dart,/home/aleks/.pub-cache/hosted/pub.dev/win32-5.15.0/lib/src/win32/user32.g.dart,/home/aleks/.pub-cache/hosted/pub.dev/win32-5.15.0/lib/src/win32/uxtheme.g.dart,/home/aleks/.pub-cache/hosted/pub.dev/win32-5.15.0/lib/src/win32/version.g.dart,/home/aleks/.pub-cache/hosted/pub.dev/win32-5.15.0/lib/src/win32/wevtapi.g.dart,/home/aleks/.pub-cache/hosted/pub.dev/win32-5.15.0/lib/src/win32/winmm.g.dart,/home/aleks/.pub-cache/hosted/pub.dev/win32-5.15.0/lib/src/win32/winscard.g.dart,/home/aleks/.pub-cache/hosted/pub.dev/win32-5.15.0/lib/src/win32/winspool.g.dart,/home/aleks/.pub-cache/hosted/pub.dev/win32-5.15.0/lib/src/win32/wlanapi.g.dart,/home/aleks/.pub-cache/hosted/pub.dev/win32-5.15.0/lib/src/win32/wtsapi32.g.dart,/home/aleks/.pub-cache/hosted/pub.dev/win32-5.15.0/lib/src/win32/xinput1_4.g.dart,/home/aleks/.pub-cache/hosted/pub.dev/win32-5.15.0/lib/src/win32/api_ms_win_core_apiquery_l2_1_0.g.dart,/home/aleks/.pub-cache/hosted/pub.dev/win32-5.15.0/lib/src/win32/api_ms_win_core_comm_l1_1_1.g.dart,/home/aleks/.pub-cache/hosted/pub.dev/win32-5.15.0/lib/src/win32/api_ms_win_core_comm_l1_1_2.g.dart,/home/aleks/.pub-cache/hosted/pub.dev/win32-5.15.0/lib/src/win32/api_ms_win_core_handle_l1_1_0.g.dart,/home/aleks/.pub-cache/hosted/pub.dev/win32-5.15.0/lib/src/win32/api_ms_win_core_path_l1_1_0.g.dart,/home/aleks/.pub-cache/hosted/pub.dev/win32-5.15.0/lib/src/win32/api_ms_win_core_sysinfo_l1_2_3.g.dart,/home/aleks/.pub-cache/hosted/pub.dev/win32-5.15.0/lib/src/win32/api_ms_win_core_winrt_l1_1_0.g.dart,/home/aleks/.pub-cache/hosted/pub.dev/win32-5.15.0/lib/src/win32/api_ms_win_core_winrt_error_l1_1_0.g.dart,/home/aleks/.pub-cache/hosted/pub.dev/win32-5.15.0/lib/src/win32/api_ms_win_core_winrt_string_l1_1_0.g.dart,/home/aleks/.pub-cache/hosted/pub.dev/win32-5.15.0/lib/src/win32/api_ms_win_ro_typeresolution_l1_1_0.g.dart,/home/aleks/.pub-cache/hosted/pub.dev/win32-5.15.0/lib/src/win32/api_ms_win_ro_typeresolution_l1_1_1.g.dart,/home/aleks/.pub-cache/hosted/pub.dev/win32-5.15.0/lib/src/win32/api_ms_win_shcore_scaling_l1_1_1.g.dart,/home/aleks/.pub-cache/hosted/pub.dev/win32-5.15.0/lib/src/win32/api_ms_win_wsl_api_l1_1_0.g.dart,/home/aleks/.pub-cache/hosted/pub.dev/win32-5.15.0/lib/src/combase.dart,/home/aleks/.pub-cache/hosted/pub.dev/win32-5.15.0/lib/src/com/iagileobject.dart,/home/aleks/.pub-cache/hosted/pub.dev/win32-5.15.0/lib/src/com/iapplicationactivationmanager.dart,/home/aleks/.pub-cache/hosted/pub.dev/win32-5.15.0/lib/src/com/iappxfactory.dart,/home/aleks/.pub-cache/hosted/pub.dev/win32-5.15.0/lib/src/com/iappxfile.dart,/home/aleks/.pub-cache/hosted/pub.dev/win32-5.15.0/lib/src/com/iappxfilesenumerator.dart,/home/aleks/.pub-cache/hosted/pub.dev/win32-5.15.0/lib/src/com/iappxmanifestapplication.dart,/home/aleks/.pub-cache/hosted/pub.dev/win32-5.15.0/lib/src/com/iappxmanifestapplicationsenumerator.dart,/home/aleks/.pub-cache/hosted/pub.dev/win32-5.15.0/lib/src/com/iappxmanifestospackagedependency.dart,/home/aleks/.pub-cache/hosted/pub.dev/win32-5.15.0/lib/src/com/iappxmanifestpackagedependenciesenumerator.dart,/home/aleks/.pub-cache/hosted/pub.dev/win32-5.15.0/lib/src/com/iappxmanifestpackagedependency.dart,/home/aleks/.pub-cache/hosted/pub.dev/win32-5.15.0/lib/src/com/iappxmanifestpackageid.dart,/home/aleks/.pub-cache/hosted/pub.dev/win32-5.15.0/lib/src/com/iappxmanifestproperties.dart,/home/aleks/.pub-cache/hosted/pub.dev/win32-5.15.0/lib/src/com/iappxmanifestreader.dart,/home/aleks/.pub-cache/hosted/pub.dev/win32-5.15.0/lib/src/com/iappxmanifestreader2.dart,/home/aleks/.pub-cache/hosted/pub.dev/win32-5.15.0/lib/src/com/iappxmanifestreader3.dart,/home/aleks/.pub-cache/hosted/pub.dev/win32-5.15.0/lib/src/com/iappxmanifestreader4.dart,/home/aleks/.pub-cache/hosted/pub.dev/win32-5.15.0/lib/src/com/iappxmanifestreader5.dart,/home/aleks/.pub-cache/hosted/pub.dev/win32-5.15.0/lib/src/com/iappxmanifestreader6.dart,/home/aleks/.pub-cache/hosted/pub.dev/win32-5.15.0/lib/src/com/iappxmanifestreader7.dart,/home/aleks/.pub-cache/hosted/pub.dev/win32-5.15.0/lib/src/com/iappxpackagereader.dart,/home/aleks/.pub-cache/hosted/pub.dev/win32-5.15.0/lib/src/com/iaudiocaptureclient.dart,/home/aleks/.pub-cache/hosted/pub.dev/win32-5.15.0/lib/src/com/iaudioclient.dart,/home/aleks/.pub-cache/hosted/pub.dev/win32-5.15.0/lib/src/com/iaudioclient2.dart,/home/aleks/.pub-cache/hosted/pub.dev/win32-5.15.0/lib/src/com/iaudioclient3.dart,/home/aleks/.pub-cache/hosted/pub.dev/win32-5.15.0/lib/src/com/iaudioclientduckingcontrol.dart,/home/aleks/.pub-cache/hosted/pub.dev/win32-5.15.0/lib/src/com/iaudioclock.dart,/home/aleks/.pub-cache/hosted/pub.dev/win32-5.15.0/lib/src/com/iaudioclock2.dart,/home/aleks/.pub-cache/hosted/pub.dev/win32-5.15.0/lib/src/com/iaudioclockadjustment.dart,/home/aleks/.pub-cache/hosted/pub.dev/win32-5.15.0/lib/src/com/iaudiorenderclient.dart,/home/aleks/.pub-cache/hosted/pub.dev/win32-5.15.0/lib/src/com/iaudiosessioncontrol.dart,/home/aleks/.pub-cache/hosted/pub.dev/win32-5.15.0/lib/src/com/iaudiosessioncontrol2.dart,/home/aleks/.pub-cache/hosted/pub.dev/win32-5.15.0/lib/src/com/iaudiosessionenumerator.dart,/home/aleks/.pub-cache/hosted/pub.dev/win32-5.15.0/lib/src/com/iaudiosessionmanager.dart,/home/aleks/.pub-cache/hosted/pub.dev/win32-5.15.0/lib/src/com/iaudiosessionmanager2.dart,/home/aleks/.pub-cache/hosted/pub.dev/win32-5.15.0/lib/src/com/iaudiostreamvolume.dart,/home/aleks/.pub-cache/hosted/pub.dev/win32-5.15.0/lib/src/com/ibindctx.dart,/home/aleks/.pub-cache/hosted/pub.dev/win32-5.15.0/lib/src/com/ichannelaudiovolume.dart,/home/aleks/.pub-cache/hosted/pub.dev/win32-5.15.0/lib/src/com/iclassfactory.dart,/home/aleks/.pub-cache/hosted/pub.dev/win32-5.15.0/lib/src/com/iconnectionpoint.dart,/home/aleks/.pub-cache/hosted/pub.dev/win32-5.15.0/lib/src/com/iconnectionpointcontainer.dart,/home/aleks/.pub-cache/hosted/pub.dev/win32-5.15.0/lib/src/com/idesktopwallpaper.dart,/home/aleks/.pub-cache/hosted/pub.dev/win32-5.15.0/lib/src/com/idispatch.dart,/home/aleks/.pub-cache/hosted/pub.dev/win32-5.15.0/lib/src/com/ienumidlist.dart,/home/aleks/.pub-cache/hosted/pub.dev/win32-5.15.0/lib/src/com/ienummoniker.dart,/home/aleks/.pub-cache/hosted/pub.dev/win32-5.15.0/lib/src/com/ienumnetworkconnections.dart,/home/aleks/.pub-cache/hosted/pub.dev/win32-5.15.0/lib/src/com/ienumnetworks.dart,/home/aleks/.pub-cache/hosted/pub.dev/win32-5.15.0/lib/src/com/ienumresources.dart,/home/aleks/.pub-cache/hosted/pub.dev/win32-5.15.0/lib/src/com/ienumspellingerror.dart,/home/aleks/.pub-cache/hosted/pub.dev/win32-5.15.0/lib/src/com/ienumstring.dart,/home/aleks/.pub-cache/hosted/pub.dev/win32-5.15.0/lib/src/com/ienumvariant.dart,/home/aleks/.pub-cache/hosted/pub.dev/win32-5.15.0/lib/src/com/ienumwbemclassobject.dart,/home/aleks/.pub-cache/hosted/pub.dev/win32-5.15.0/lib/src/com/ierrorinfo.dart,/home/aleks/.pub-cache/hosted/pub.dev/win32-5.15.0/lib/src/com/ifiledialog.dart,/home/aleks/.pub-cache/hosted/pub.dev/win32-5.15.0/lib/src/com/ifiledialog2.dart,/home/aleks/.pub-cache/hosted/pub.dev/win32-5.15.0/lib/src/com/ifiledialogcustomize.dart,/home/aleks/.pub-cache/hosted/pub.dev/win32-5.15.0/lib/src/com/ifileisinuse.dart,/home/aleks/.pub-cache/hosted/pub.dev/win32-5.15.0/lib/src/com/ifileopendialog.dart,/home/aleks/.pub-cache/hosted/pub.dev/win32-5.15.0/lib/src/com/ifilesavedialog.dart,/home/aleks/.pub-cache/hosted/pub.dev/win32-5.15.0/lib/src/com/iinitializewithwindow.dart,/home/aleks/.pub-cache/hosted/pub.dev/win32-5.15.0/lib/src/com/iinspectable.dart,/home/aleks/.pub-cache/hosted/pub.dev/win32-5.15.0/lib/src/com/iknownfolder.dart,/home/aleks/.pub-cache/hosted/pub.dev/win32-5.15.0/lib/src/com/iknownfoldermanager.dart,/home/aleks/.pub-cache/hosted/pub.dev/win32-5.15.0/lib/src/com/imetadataassemblyimport.dart,/home/aleks/.pub-cache/hosted/pub.dev/win32-5.15.0/lib/src/com/imetadatadispenser.dart,/home/aleks/.pub-cache/hosted/pub.dev/win32-5.15.0/lib/src/com/imetadatadispenserex.dart,/home/aleks/.pub-cache/hosted/pub.dev/win32-5.15.0/lib/src/com/imetadataimport.dart,/home/aleks/.pub-cache/hosted/pub.dev/win32-5.15.0/lib/src/com/imetadataimport2.dart,/home/aleks/.pub-cache/hosted/pub.dev/win32-5.15.0/lib/src/com/imetadatatables.dart,/home/aleks/.pub-cache/hosted/pub.dev/win32-5.15.0/lib/src/com/imetadatatables2.dart,/home/aleks/.pub-cache/hosted/pub.dev/win32-5.15.0/lib/src/com/immdevice.dart,/home/aleks/.pub-cache/hosted/pub.dev/win32-5.15.0/lib/src/com/immdevicecollection.dart,/home/aleks/.pub-cache/hosted/pub.dev/win32-5.15.0/lib/src/com/immdeviceenumerator.dart,/home/aleks/.pub-cache/hosted/pub.dev/win32-5.15.0/lib/src/com/immendpoint.dart,/home/aleks/.pub-cache/hosted/pub.dev/win32-5.15.0/lib/src/com/immnotificationclient.dart,/home/aleks/.pub-cache/hosted/pub.dev/win32-5.15.0/lib/src/com/imodalwindow.dart,/home/aleks/.pub-cache/hosted/pub.dev/win32-5.15.0/lib/src/com/imoniker.dart,/home/aleks/.pub-cache/hosted/pub.dev/win32-5.15.0/lib/src/com/inetwork.dart,/home/aleks/.pub-cache/hosted/pub.dev/win32-5.15.0/lib/src/com/inetworkconnection.dart,/home/aleks/.pub-cache/hosted/pub.dev/win32-5.15.0/lib/src/com/inetworklistmanager.dart,/home/aleks/.pub-cache/hosted/pub.dev/win32-5.15.0/lib/src/com/inetworklistmanagerevents.dart,/home/aleks/.pub-cache/hosted/pub.dev/win32-5.15.0/lib/src/com/ipersist.dart,/home/aleks/.pub-cache/hosted/pub.dev/win32-5.15.0/lib/src/com/ipersistfile.dart,/home/aleks/.pub-cache/hosted/pub.dev/win32-5.15.0/lib/src/com/ipersistmemory.dart,/home/aleks/.pub-cache/hosted/pub.dev/win32-5.15.0/lib/src/com/ipersiststream.dart,/home/aleks/.pub-cache/hosted/pub.dev/win32-5.15.0/lib/src/com/ipropertystore.dart,/home/aleks/.pub-cache/hosted/pub.dev/win32-5.15.0/lib/src/com/iprovideclassinfo.dart,/home/aleks/.pub-cache/hosted/pub.dev/win32-5.15.0/lib/src/com/irestrictederrorinfo.dart,/home/aleks/.pub-cache/hosted/pub.dev/win32-5.15.0/lib/src/com/irunningobjecttable.dart,/home/aleks/.pub-cache/hosted/pub.dev/win32-5.15.0/lib/src/com/isensor.dart,/home/aleks/.pub-cache/hosted/pub.dev/win32-5.15.0/lib/src/com/isensorcollection.dart,/home/aleks/.pub-cache/hosted/pub.dev/win32-5.15.0/lib/src/com/isensordatareport.dart,/home/aleks/.pub-cache/hosted/pub.dev/win32-5.15.0/lib/src/com/isensormanager.dart,/home/aleks/.pub-cache/hosted/pub.dev/win32-5.15.0/lib/src/com/isequentialstream.dart,/home/aleks/.pub-cache/hosted/pub.dev/win32-5.15.0/lib/src/com/ishellfolder.dart,/home/aleks/.pub-cache/hosted/pub.dev/win32-5.15.0/lib/src/com/ishellitem.dart,/home/aleks/.pub-cache/hosted/pub.dev/win32-5.15.0/lib/src/com/ishellitem2.dart,/home/aleks/.pub-cache/hosted/pub.dev/win32-5.15.0/lib/src/com/ishellitemarray.dart,/home/aleks/.pub-cache/hosted/pub.dev/win32-5.15.0/lib/src/com/ishellitemfilter.dart,/home/aleks/.pub-cache/hosted/pub.dev/win32-5.15.0/lib/src/com/ishellitemimagefactory.dart,/home/aleks/.pub-cache/hosted/pub.dev/win32-5.15.0/lib/src/com/ishellitemresources.dart,/home/aleks/.pub-cache/hosted/pub.dev/win32-5.15.0/lib/src/com/ishelllink.dart,/home/aleks/.pub-cache/hosted/pub.dev/win32-5.15.0/lib/src/com/ishelllinkdatalist.dart,/home/aleks/.pub-cache/hosted/pub.dev/win32-5.15.0/lib/src/com/ishelllinkdual.dart,/home/aleks/.pub-cache/hosted/pub.dev/win32-5.15.0/lib/src/com/ishellservice.dart,/home/aleks/.pub-cache/hosted/pub.dev/win32-5.15.0/lib/src/com/isimpleaudiovolume.dart,/home/aleks/.pub-cache/hosted/pub.dev/win32-5.15.0/lib/src/com/ispeechaudioformat.dart,/home/aleks/.pub-cache/hosted/pub.dev/win32-5.15.0/lib/src/com/ispeechbasestream.dart,/home/aleks/.pub-cache/hosted/pub.dev/win32-5.15.0/lib/src/com/ispeechobjecttoken.dart,/home/aleks/.pub-cache/hosted/pub.dev/win32-5.15.0/lib/src/com/ispeechobjecttokens.dart,/home/aleks/.pub-cache/hosted/pub.dev/win32-5.15.0/lib/src/com/ispeechvoice.dart,/home/aleks/.pub-cache/hosted/pub.dev/win32-5.15.0/lib/src/com/ispeechvoicestatus.dart,/home/aleks/.pub-cache/hosted/pub.dev/win32-5.15.0/lib/src/com/ispeechwaveformatex.dart,/home/aleks/.pub-cache/hosted/pub.dev/win32-5.15.0/lib/src/com/ispellchecker.dart,/home/aleks/.pub-cache/hosted/pub.dev/win32-5.15.0/lib/src/com/ispellchecker2.dart,/home/aleks/.pub-cache/hosted/pub.dev/win32-5.15.0/lib/src/com/ispellcheckerchangedeventhandler.dart,/home/aleks/.pub-cache/hosted/pub.dev/win32-5.15.0/lib/src/com/ispellcheckerfactory.dart,/home/aleks/.pub-cache/hosted/pub.dev/win32-5.15.0/lib/src/com/ispellingerror.dart,/home/aleks/.pub-cache/hosted/pub.dev/win32-5.15.0/lib/src/com/ispeventsource.dart,/home/aleks/.pub-cache/hosted/pub.dev/win32-5.15.0/lib/src/com/ispnotifysource.dart,/home/aleks/.pub-cache/hosted/pub.dev/win32-5.15.0/lib/src/com/ispvoice.dart,/home/aleks/.pub-cache/hosted/pub.dev/win32-5.15.0/lib/src/com/istream.dart,/home/aleks/.pub-cache/hosted/pub.dev/win32-5.15.0/lib/src/com/isupporterrorinfo.dart,/home/aleks/.pub-cache/hosted/pub.dev/win32-5.15.0/lib/src/com/itypeinfo.dart,/home/aleks/.pub-cache/hosted/pub.dev/win32-5.15.0/lib/src/com/iuiautomation.dart,/home/aleks/.pub-cache/hosted/pub.dev/win32-5.15.0/lib/src/com/iuiautomation2.dart,/home/aleks/.pub-cache/hosted/pub.dev/win32-5.15.0/lib/src/com/iuiautomation3.dart,/home/aleks/.pub-cache/hosted/pub.dev/win32-5.15.0/lib/src/com/iuiautomation4.dart,/home/aleks/.pub-cache/hosted/pub.dev/win32-5.15.0/lib/src/com/iuiautomation5.dart,/home/aleks/.pub-cache/hosted/pub.dev/win32-5.15.0/lib/src/com/iuiautomation6.dart,/home/aleks/.pub-cache/hosted/pub.dev/win32-5.15.0/lib/src/com/iuiautomationandcondition.dart,/home/aleks/.pub-cache/hosted/pub.dev/win32-5.15.0/lib/src/com/iuiautomationannotationpattern.dart,/home/aleks/.pub-cache/hosted/pub.dev/win32-5.15.0/lib/src/com/iuiautomationboolcondition.dart,/home/aleks/.pub-cache/hosted/pub.dev/win32-5.15.0/lib/src/com/iuiautomationcacherequest.dart,/home/aleks/.pub-cache/hosted/pub.dev/win32-5.15.0/lib/src/com/iuiautomationcondition.dart,/home/aleks/.pub-cache/hosted/pub.dev/win32-5.15.0/lib/src/com/iuiautomationcustomnavigationpattern.dart,/home/aleks/.pub-cache/hosted/pub.dev/win32-5.15.0/lib/src/com/iuiautomationdockpattern.dart,/home/aleks/.pub-cache/hosted/pub.dev/win32-5.15.0/lib/src/com/iuiautomationdragpattern.dart,/home/aleks/.pub-cache/hosted/pub.dev/win32-5.15.0/lib/src/com/iuiautomationdroptargetpattern.dart,/home/aleks/.pub-cache/hosted/pub.dev/win32-5.15.0/lib/src/com/iuiautomationelement.dart,/home/aleks/.pub-cache/hosted/pub.dev/win32-5.15.0/lib/src/com/iuiautomationelement2.dart,/home/aleks/.pub-cache/hosted/pub.dev/win32-5.15.0/lib/src/com/iuiautomationelement3.dart,/home/aleks/.pub-cache/hosted/pub.dev/win32-5.15.0/lib/src/com/iuiautomationelement4.dart,/home/aleks/.pub-cache/hosted/pub.dev/win32-5.15.0/lib/src/com/iuiautomationelement5.dart,/home/aleks/.pub-cache/hosted/pub.dev/win32-5.15.0/lib/src/com/iuiautomationelement6.dart,/home/aleks/.pub-cache/hosted/pub.dev/win32-5.15.0/lib/src/com/iuiautomationelement7.dart,/home/aleks/.pub-cache/hosted/pub.dev/win32-5.15.0/lib/src/com/iuiautomationelement8.dart,/home/aleks/.pub-cache/hosted/pub.dev/win32-5.15.0/lib/src/com/iuiautomationelement9.dart,/home/aleks/.pub-cache/hosted/pub.dev/win32-5.15.0/lib/src/com/iuiautomationelementarray.dart,/home/aleks/.pub-cache/hosted/pub.dev/win32-5.15.0/lib/src/com/iuiautomationexpandcollapsepattern.dart,/home/aleks/.pub-cache/hosted/pub.dev/win32-5.15.0/lib/src/com/iuiautomationgriditempattern.dart,/home/aleks/.pub-cache/hosted/pub.dev/win32-5.15.0/lib/src/com/iuiautomationgridpattern.dart,/home/aleks/.pub-cache/hosted/pub.dev/win32-5.15.0/lib/src/com/iuiautomationinvokepattern.dart,/home/aleks/.pub-cache/hosted/pub.dev/win32-5.15.0/lib/src/com/iuiautomationitemcontainerpattern.dart,/home/aleks/.pub-cache/hosted/pub.dev/win32-5.15.0/lib/src/com/iuiautomationlegacyiaccessiblepattern.dart,/home/aleks/.pub-cache/hosted/pub.dev/win32-5.15.0/lib/src/com/iuiautomationmultipleviewpattern.dart,/home/aleks/.pub-cache/hosted/pub.dev/win32-5.15.0/lib/src/com/iuiautomationnotcondition.dart,/home/aleks/.pub-cache/hosted/pub.dev/win32-5.15.0/lib/src/com/iuiautomationobjectmodelpattern.dart,/home/aleks/.pub-cache/hosted/pub.dev/win32-5.15.0/lib/src/com/iuiautomationorcondition.dart,/home/aleks/.pub-cache/hosted/pub.dev/win32-5.15.0/lib/src/com/iuiautomationpropertycondition.dart,/home/aleks/.pub-cache/hosted/pub.dev/win32-5.15.0/lib/src/com/iuiautomationproxyfactory.dart,/home/aleks/.pub-cache/hosted/pub.dev/win32-5.15.0/lib/src/com/iuiautomationproxyfactoryentry.dart,/home/aleks/.pub-cache/hosted/pub.dev/win32-5.15.0/lib/src/com/iuiautomationproxyfactorymapping.dart,/home/aleks/.pub-cache/hosted/pub.dev/win32-5.15.0/lib/src/com/iuiautomationrangevaluepattern.dart,/home/aleks/.pub-cache/hosted/pub.dev/win32-5.15.0/lib/src/com/iuiautomationscrollitempattern.dart,/home/aleks/.pub-cache/hosted/pub.dev/win32-5.15.0/lib/src/com/iuiautomationscrollpattern.dart,/home/aleks/.pub-cache/hosted/pub.dev/win32-5.15.0/lib/src/com/iuiautomationselectionitempattern.dart,/home/aleks/.pub-cache/hosted/pub.dev/win32-5.15.0/lib/src/com/iuiautomationselectionpattern.dart,/home/aleks/.pub-cache/hosted/pub.dev/win32-5.15.0/lib/src/com/iuiautomationselectionpattern2.dart,/home/aleks/.pub-cache/hosted/pub.dev/win32-5.15.0/lib/src/com/iuiautomationspreadsheetitempattern.dart,/home/aleks/.pub-cache/hosted/pub.dev/win32-5.15.0/lib/src/com/iuiautomationspreadsheetpattern.dart,/home/aleks/.pub-cache/hosted/pub.dev/win32-5.15.0/lib/src/com/iuiautomationstylespattern.dart,/home/aleks/.pub-cache/hosted/pub.dev/win32-5.15.0/lib/src/com/iuiautomationsynchronizedinputpattern.dart,/home/aleks/.pub-cache/hosted/pub.dev/win32-5.15.0/lib/src/com/iuiautomationtableitempattern.dart,/home/aleks/.pub-cache/hosted/pub.dev/win32-5.15.0/lib/src/com/iuiautomationtablepattern.dart,/home/aleks/.pub-cache/hosted/pub.dev/win32-5.15.0/lib/src/com/iuiautomationtextchildpattern.dart,/home/aleks/.pub-cache/hosted/pub.dev/win32-5.15.0/lib/src/com/iuiautomationtexteditpattern.dart,/home/aleks/.pub-cache/hosted/pub.dev/win32-5.15.0/lib/src/com/iuiautomationtextpattern.dart,/home/aleks/.pub-cache/hosted/pub.dev/win32-5.15.0/lib/src/com/iuiautomationtextpattern2.dart,/home/aleks/.pub-cache/hosted/pub.dev/win32-5.15.0/lib/src/com/iuiautomationtextrange.dart,/home/aleks/.pub-cache/hosted/pub.dev/win32-5.15.0/lib/src/com/iuiautomationtextrange2.dart,/home/aleks/.pub-cache/hosted/pub.dev/win32-5.15.0/lib/src/com/iuiautomationtextrange3.dart,/home/aleks/.pub-cache/hosted/pub.dev/win32-5.15.0/lib/src/com/iuiautomationtextrangearray.dart,/home/aleks/.pub-cache/hosted/pub.dev/win32-5.15.0/lib/src/com/iuiautomationtogglepattern.dart,/home/aleks/.pub-cache/hosted/pub.dev/win32-5.15.0/lib/src/com/iuiautomationtransformpattern.dart,/home/aleks/.pub-cache/hosted/pub.dev/win32-5.15.0/lib/src/com/iuiautomationtransformpattern2.dart,/home/aleks/.pub-cache/hosted/pub.dev/win32-5.15.0/lib/src/com/iuiautomationtreewalker.dart,/home/aleks/.pub-cache/hosted/pub.dev/win32-5.15.0/lib/src/com/iuiautomationvaluepattern.dart,/home/aleks/.pub-cache/hosted/pub.dev/win32-5.15.0/lib/src/com/iuiautomationvirtualizeditempattern.dart,/home/aleks/.pub-cache/hosted/pub.dev/win32-5.15.0/lib/src/com/iuiautomationwindowpattern.dart,/home/aleks/.pub-cache/hosted/pub.dev/win32-5.15.0/lib/src/com/iunknown.dart,/home/aleks/.pub-cache/hosted/pub.dev/win32-5.15.0/lib/src/com/iuri.dart,/home/aleks/.pub-cache/hosted/pub.dev/win32-5.15.0/lib/src/com/ivirtualdesktopmanager.dart,/home/aleks/.pub-cache/hosted/pub.dev/win32-5.15.0/lib/src/com/iwbemclassobject.dart,/home/aleks/.pub-cache/hosted/pub.dev/win32-5.15.0/lib/src/com/iwbemconfigurerefresher.dart,/home/aleks/.pub-cache/hosted/pub.dev/win32-5.15.0/lib/src/com/iwbemcontext.dart,/home/aleks/.pub-cache/hosted/pub.dev/win32-5.15.0/lib/src/com/iwbemhiperfenum.dart,/home/aleks/.pub-cache/hosted/pub.dev/win32-5.15.0/lib/src/com/iwbemlocator.dart,/home/aleks/.pub-cache/hosted/pub.dev/win32-5.15.0/lib/src/com/iwbemobjectaccess.dart,/home/aleks/.pub-cache/hosted/pub.dev/win32-5.15.0/lib/src/com/iwbemrefresher.dart,/home/aleks/.pub-cache/hosted/pub.dev/win32-5.15.0/lib/src/com/iwbemservices.dart,/home/aleks/.pub-cache/hosted/pub.dev/win32-5.15.0/lib/src/com/iwebauthenticationcoremanagerinterop.dart,/home/aleks/.pub-cache/hosted/pub.dev/win32-5.15.0/lib/src/com/iwinhttprequest.dart,/home/aleks/.pub-cache/hosted/pub.dev/platform-3.1.6/lib/platform.dart,/home/aleks/development/flutter/packages/flutter/lib/src/services/_background_isolate_binary_messenger_io.dart,/home/aleks/.pub-cache/hosted/pub.dev/url_launcher_platform_interface-2.3.2/lib/method_channel_url_launcher.dart,/home/aleks/.pub-cache/hosted/pub.dev/pub_semver-2.2.0/lib/pub_semver.dart,/home/aleks/.pub-cache/hosted/pub.dev/objective_c-9.3.0/lib/src/autorelease.dart,/home/aleks/.pub-cache/hosted/pub.dev/objective_c-9.3.0/lib/src/block.dart,/home/aleks/.pub-cache/hosted/pub.dev/objective_c-9.3.0/lib/src/c_bindings_generated.dart,/home/aleks/.pub-cache/hosted/pub.dev/objective_c-9.3.0/lib/src/cf_string.dart,/home/aleks/.pub-cache/hosted/pub.dev/objective_c-9.3.0/lib/src/converter.dart,/home/aleks/.pub-cache/hosted/pub.dev/objective_c-9.3.0/lib/src/globals.dart,/home/aleks/.pub-cache/hosted/pub.dev/objective_c-9.3.0/lib/src/internal.dart,/home/aleks/.pub-cache/hosted/pub.dev/objective_c-9.3.0/lib/src/ns_array.dart,/home/aleks/.pub-cache/hosted/pub.dev/objective_c-9.3.0/lib/src/ns_data.dart,/home/aleks/.pub-cache/hosted/pub.dev/objective_c-9.3.0/lib/src/ns_date.dart,/home/aleks/.pub-cache/hosted/pub.dev/objective_c-9.3.0/lib/src/ns_dictionary.dart,/home/aleks/.pub-cache/hosted/pub.dev/objective_c-9.3.0/lib/src/ns_enumerator.dart,/home/aleks/.pub-cache/hosted/pub.dev/objective_c-9.3.0/lib/src/ns_input_stream.dart,/home/aleks/.pub-cache/hosted/pub.dev/objective_c-9.3.0/lib/src/ns_mutable_data.dart,/home/aleks/.pub-cache/hosted/pub.dev/objective_c-9.3.0/lib/src/ns_number.dart,/home/aleks/.pub-cache/hosted/pub.dev/objective_c-9.3.0/lib/src/ns_set.dart,/home/aleks/.pub-cache/hosted/pub.dev/objective_c-9.3.0/lib/src/ns_string.dart,/home/aleks/.pub-cache/hosted/pub.dev/objective_c-9.3.0/lib/src/objective_c_bindings_exported.dart,/home/aleks/.pub-cache/hosted/pub.dev/objective_c-9.3.0/lib/src/observer.dart,/home/aleks/.pub-cache/hosted/pub.dev/objective_c-9.3.0/lib/src/os_version.dart,/home/aleks/.pub-cache/hosted/pub.dev/objective_c-9.3.0/lib/src/protocol_builder.dart,/home/aleks/.pub-cache/hosted/pub.dev/objective_c-9.3.0/lib/src/runtime_bindings_generated.dart,/home/aleks/.pub-cache/hosted/pub.dev/objective_c-9.3.0/lib/src/selector.dart,/home/aleks/.pub-cache/hosted/pub.dev/path_provider_linux-2.2.1/lib/src/get_application_id_real.dart,/home/aleks/development/flutter/packages/flutter/lib/src/semantics/binding.dart,/home/aleks/development/flutter/packages/flutter/lib/src/semantics/debug.dart,/home/aleks/development/flutter/packages/flutter/lib/src/semantics/semantics.dart,/home/aleks/development/flutter/packages/flutter/lib/src/semantics/semantics_event.dart,/home/aleks/development/flutter/packages/flutter/lib/src/semantics/semantics_service.dart,/home/aleks/.pub-cache/hosted/pub.dev/collection-1.19.1/lib/src/utils.dart,/home/aleks/.pub-cache/hosted/pub.dev/collection-1.19.1/lib/src/combined_wrappers/combined_iterator.dart,/home/aleks/.pub-cache/hosted/pub.dev/collection-1.19.1/lib/src/empty_unmodifiable_set.dart,/home/aleks/.pub-cache/hosted/pub.dev/material_color_utilities-0.11.1/lib/dynamiccolor/src/contrast_curve.dart,/home/aleks/.pub-cache/hosted/pub.dev/material_color_utilities-0.11.1/lib/dynamiccolor/src/tone_delta_pair.dart,/home/aleks/.pub-cache/hosted/pub.dev/material_color_utilities-0.11.1/lib/hct/src/hct_solver.dart,/home/aleks/.pub-cache/hosted/pub.dev/material_color_utilities-0.11.1/lib/quantize/src/point_provider_lab.dart,/home/aleks/.pub-cache/hosted/pub.dev/material_color_utilities-0.11.1/lib/quantize/src/point_provider.dart,/home/aleks/development/flutter/packages/flutter/lib/src/painting/_network_image_io.dart,/home/aleks/.pub-cache/hosted/pub.dev/characters-1.4.0/lib/src/characters_impl.dart,/home/aleks/development/flutter/packages/flutter/lib/src/widgets/_window_io.dart,/home/aleks/development/flutter/packages/flutter/lib/src/physics/clamped_simulation.dart,/home/aleks/development/flutter/packages/flutter/lib/src/physics/friction_simulation.dart,/home/aleks/development/flutter/packages/flutter/lib/src/physics/gravity_simulation.dart,/home/aleks/development/flutter/packages/flutter/lib/src/physics/simulation.dart,/home/aleks/development/flutter/packages/flutter/lib/src/physics/spring_simulation.dart,/home/aleks/development/flutter/packages/flutter/lib/src/physics/tolerance.dart,/home/aleks/development/flutter/packages/flutter/lib/src/physics/utils.dart,/home/aleks/.pub-cache/hosted/pub.dev/dart_ping-9.0.1/lib/src/ping/base_ping.dart,/home/aleks/.pub-cache/hosted/pub.dev/http-1.6.0/lib/src/io_client.dart,/home/aleks/.pub-cache/hosted/pub.dev/http-1.6.0/lib/src/utils.dart,/home/aleks/.pub-cache/hosted/pub.dev/http_parser-4.1.2/lib/src/authentication_challenge.dart,/home/aleks/.pub-cache/hosted/pub.dev/http_parser-4.1.2/lib/src/case_insensitive_map.dart,/home/aleks/.pub-cache/hosted/pub.dev/http_parser-4.1.2/lib/src/chunked_coding.dart,/home/aleks/.pub-cache/hosted/pub.dev/http_parser-4.1.2/lib/src/http_date.dart,/home/aleks/.pub-cache/hosted/pub.dev/http_parser-4.1.2/lib/src/media_type.dart,/home/aleks/.pub-cache/hosted/pub.dev/http-1.6.0/lib/src/multipart_file_io.dart,/home/aleks/.pub-cache/hosted/pub.dev/http-1.6.0/lib/src/boundary_characters.dart,/home/aleks/.pub-cache/hosted/pub.dev/intl-0.20.2/lib/date_symbols.dart,/home/aleks/.pub-cache/hosted/pub.dev/intl-0.20.2/lib/src/date_format_internal.dart,/home/aleks/.pub-cache/hosted/pub.dev/intl-0.20.2/lib/src/intl/constants.dart,/home/aleks/.pub-cache/hosted/pub.dev/intl-0.20.2/lib/src/intl/date_builder.dart,/home/aleks/.pub-cache/hosted/pub.dev/intl-0.20.2/lib/src/intl/date_computation.dart,/home/aleks/.pub-cache/hosted/pub.dev/intl-0.20.2/lib/src/intl/regexp.dart,/home/aleks/.pub-cache/hosted/pub.dev/intl-0.20.2/lib/src/intl/string_stack.dart,/home/aleks/.pub-cache/hosted/pub.dev/intl-0.20.2/lib/src/intl/date_format_field.dart,/home/aleks/.pub-cache/hosted/pub.dev/intl-0.20.2/lib/number_symbols.dart,/home/aleks/.pub-cache/hosted/pub.dev/intl-0.20.2/lib/number_symbols_data.dart,/home/aleks/.pub-cache/hosted/pub.dev/intl-0.20.2/lib/src/intl/number_format_parser.dart,/home/aleks/.pub-cache/hosted/pub.dev/intl-0.20.2/lib/src/intl/number_parser.dart,/home/aleks/.pub-cache/hosted/pub.dev/intl-0.20.2/lib/src/intl/compact_number_format.dart,/home/aleks/.pub-cache/hosted/pub.dev/url_launcher-6.3.2/lib/url_launcher_string.dart,/home/aleks/.pub-cache/hosted/pub.dev/url_launcher-6.3.2/lib/src/type_conversion.dart,/home/aleks/.pub-cache/hosted/pub.dev/cross_file-0.3.5+2/lib/src/types/io.dart,/home/aleks/.pub-cache/hosted/pub.dev/dbus-0.7.12/lib/src/dbus_uuid.dart,/home/aleks/.pub-cache/hosted/pub.dev/dbus-0.7.12/lib/src/getsid.dart,/home/aleks/.pub-cache/hosted/pub.dev/dbus-0.7.12/lib/src/getuid.dart,/home/aleks/.pub-cache/hosted/pub.dev/dbus-0.7.12/lib/src/dbus_bus_name.dart,/home/aleks/.pub-cache/hosted/pub.dev/dbus-0.7.12/lib/src/dbus_error_name.dart,/home/aleks/.pub-cache/hosted/pub.dev/dbus-0.7.12/lib/src/dbus_interface_name.dart,/home/aleks/.pub-cache/hosted/pub.dev/dbus-0.7.12/lib/src/dbus_introspectable.dart,/home/aleks/.pub-cache/hosted/pub.dev/dbus-0.7.12/lib/src/dbus_match_rule.dart,/home/aleks/.pub-cache/hosted/pub.dev/dbus-0.7.12/lib/src/dbus_member_name.dart,/home/aleks/.pub-cache/hosted/pub.dev/dbus-0.7.12/lib/src/dbus_message.dart,/home/aleks/.pub-cache/hosted/pub.dev/dbus-0.7.12/lib/src/dbus_object_manager.dart,/home/aleks/.pub-cache/hosted/pub.dev/dbus-0.7.12/lib/src/dbus_object_tree.dart,/home/aleks/.pub-cache/hosted/pub.dev/dbus-0.7.12/lib/src/dbus_peer.dart,/home/aleks/.pub-cache/hosted/pub.dev/dbus-0.7.12/lib/src/dbus_properties.dart,/home/aleks/.pub-cache/hosted/pub.dev/dbus-0.7.12/lib/src/dbus_read_buffer.dart,/home/aleks/.pub-cache/hosted/pub.dev/dbus-0.7.12/lib/src/dbus_write_buffer.dart,/home/aleks/.pub-cache/hosted/pub.dev/xml-6.6.1/lib/xml.dart,/home/aleks/.pub-cache/hosted/pub.dev/dbus-0.7.12/lib/src/dbus_auth_server.dart,/home/aleks/.pub-cache/hosted/pub.dev/path-1.9.1/lib/src/characters.dart,/home/aleks/.pub-cache/hosted/pub.dev/path-1.9.1/lib/src/internal_style.dart,/home/aleks/.pub-cache/hosted/pub.dev/path-1.9.1/lib/src/parsed_path.dart,/home/aleks/.pub-cache/hosted/pub.dev/path-1.9.1/lib/src/style/posix.dart,/home/aleks/.pub-cache/hosted/pub.dev/path-1.9.1/lib/src/style/url.dart,/home/aleks/.pub-cache/hosted/pub.dev/path-1.9.1/lib/src/style/windows.dart,/home/aleks/.pub-cache/hosted/pub.dev/win32-5.15.0/lib/src/extensions/_internal.dart,/home/aleks/.pub-cache/hosted/pub.dev/platform-3.1.6/lib/src/interface/local_platform.dart,/home/aleks/.pub-cache/hosted/pub.dev/platform-3.1.6/lib/src/interface/platform.dart,/home/aleks/.pub-cache/hosted/pub.dev/platform-3.1.6/lib/src/testing/fake_platform.dart,/home/aleks/.pub-cache/hosted/pub.dev/pub_semver-2.2.0/lib/src/version.dart,/home/aleks/.pub-cache/hosted/pub.dev/pub_semver-2.2.0/lib/src/version_constraint.dart,/home/aleks/.pub-cache/hosted/pub.dev/pub_semver-2.2.0/lib/src/version_range.dart,/home/aleks/.pub-cache/hosted/pub.dev/pub_semver-2.2.0/lib/src/version_union.dart,/home/aleks/.pub-cache/hosted/pub.dev/objective_c-9.3.0/lib/src/objective_c_bindings_generated.dart,/home/aleks/.pub-cache/hosted/pub.dev/characters-1.4.0/lib/src/grapheme_clusters/breaks.dart,/home/aleks/.pub-cache/hosted/pub.dev/characters-1.4.0/lib/src/grapheme_clusters/constants.dart,/home/aleks/.pub-cache/hosted/pub.dev/characters-1.4.0/lib/src/grapheme_clusters/table.dart,/home/aleks/development/flutter/packages/flutter/lib/src/widgets/_window_win32.dart,/home/aleks/.pub-cache/hosted/pub.dev/async-2.13.0/lib/async.dart,/home/aleks/.pub-cache/hosted/pub.dev/http-1.6.0/lib/src/io_streamed_response.dart,/home/aleks/.pub-cache/hosted/pub.dev/string_scanner-1.4.1/lib/string_scanner.dart,/home/aleks/.pub-cache/hosted/pub.dev/http_parser-4.1.2/lib/src/scan.dart,/home/aleks/.pub-cache/hosted/pub.dev/http_parser-4.1.2/lib/src/utils.dart,/home/aleks/.pub-cache/hosted/pub.dev/http_parser-4.1.2/lib/src/chunked_coding/decoder.dart,/home/aleks/.pub-cache/hosted/pub.dev/http_parser-4.1.2/lib/src/chunked_coding/encoder.dart,/home/aleks/.pub-cache/hosted/pub.dev/clock-1.1.2/lib/clock.dart,/home/aleks/.pub-cache/hosted/pub.dev/url_launcher-6.3.2/lib/src/url_launcher_string.dart,/home/aleks/.pub-cache/hosted/pub.dev/cross_file-0.3.5+2/lib/src/types/base.dart,/home/aleks/.pub-cache/hosted/pub.dev/dbus-0.7.12/lib/src/getsid_windows.dart,/home/aleks/.pub-cache/hosted/pub.dev/dbus-0.7.12/lib/src/getuid_linux.dart,/home/aleks/.pub-cache/hosted/pub.dev/dbus-0.7.12/lib/src/dbus_buffer.dart,/home/aleks/.pub-cache/hosted/pub.dev/xml-6.6.1/lib/src/xml/builder.dart,/home/aleks/.pub-cache/hosted/pub.dev/xml-6.6.1/lib/src/xml/entities/default_mapping.dart,/home/aleks/.pub-cache/hosted/pub.dev/xml-6.6.1/lib/src/xml/entities/entity_mapping.dart,/home/aleks/.pub-cache/hosted/pub.dev/xml-6.6.1/lib/src/xml/entities/null_mapping.dart,/home/aleks/.pub-cache/hosted/pub.dev/xml-6.6.1/lib/src/xml/enums/attribute_type.dart,/home/aleks/.pub-cache/hosted/pub.dev/xml-6.6.1/lib/src/xml/enums/node_type.dart,/home/aleks/.pub-cache/hosted/pub.dev/xml-6.6.1/lib/src/xml/exceptions/exception.dart,/home/aleks/.pub-cache/hosted/pub.dev/xml-6.6.1/lib/src/xml/exceptions/format_exception.dart,/home/aleks/.pub-cache/hosted/pub.dev/xml-6.6.1/lib/src/xml/exceptions/parent_exception.dart,/home/aleks/.pub-cache/hosted/pub.dev/xml-6.6.1/lib/src/xml/exceptions/parser_exception.dart,/home/aleks/.pub-cache/hosted/pub.dev/xml-6.6.1/lib/src/xml/exceptions/tag_exception.dart,/home/aleks/.pub-cache/hosted/pub.dev/xml-6.6.1/lib/src/xml/exceptions/type_exception.dart,/home/aleks/.pub-cache/hosted/pub.dev/xml-6.6.1/lib/src/xml/extensions/ancestors.dart,/home/aleks/.pub-cache/hosted/pub.dev/xml-6.6.1/lib/src/xml/extensions/comparison.dart,/home/aleks/.pub-cache/hosted/pub.dev/xml-6.6.1/lib/src/xml/extensions/descendants.dart,/home/aleks/.pub-cache/hosted/pub.dev/xml-6.6.1/lib/src/xml/extensions/find.dart,/home/aleks/.pub-cache/hosted/pub.dev/xml-6.6.1/lib/src/xml/extensions/following.dart,/home/aleks/.pub-cache/hosted/pub.dev/xml-6.6.1/lib/src/xml/extensions/mutator.dart,/home/aleks/.pub-cache/hosted/pub.dev/xml-6.6.1/lib/src/xml/extensions/nodes.dart,/home/aleks/.pub-cache/hosted/pub.dev/xml-6.6.1/lib/src/xml/extensions/parent.dart,/home/aleks/.pub-cache/hosted/pub.dev/xml-6.6.1/lib/src/xml/extensions/preceding.dart,/home/aleks/.pub-cache/hosted/pub.dev/xml-6.6.1/lib/src/xml/extensions/sibling.dart,/home/aleks/.pub-cache/hosted/pub.dev/xml-6.6.1/lib/src/xml/extensions/string.dart,/home/aleks/.pub-cache/hosted/pub.dev/xml-6.6.1/lib/src/xml/mixins/has_attributes.dart,/home/aleks/.pub-cache/hosted/pub.dev/xml-6.6.1/lib/src/xml/mixins/has_children.dart,/home/aleks/.pub-cache/hosted/pub.dev/xml-6.6.1/lib/src/xml/mixins/has_name.dart,/home/aleks/.pub-cache/hosted/pub.dev/xml-6.6.1/lib/src/xml/mixins/has_parent.dart,/home/aleks/.pub-cache/hosted/pub.dev/xml-6.6.1/lib/src/xml/mixins/has_visitor.dart,/home/aleks/.pub-cache/hosted/pub.dev/xml-6.6.1/lib/src/xml/mixins/has_writer.dart,/home/aleks/.pub-cache/hosted/pub.dev/xml-6.6.1/lib/src/xml/nodes/attribute.dart,/home/aleks/.pub-cache/hosted/pub.dev/xml-6.6.1/lib/src/xml/nodes/cdata.dart,/home/aleks/.pub-cache/hosted/pub.dev/xml-6.6.1/lib/src/xml/nodes/comment.dart,/home/aleks/.pub-cache/hosted/pub.dev/xml-6.6.1/lib/src/xml/nodes/declaration.dart,/home/aleks/.pub-cache/hosted/pub.dev/xml-6.6.1/lib/src/xml/nodes/doctype.dart,/home/aleks/.pub-cache/hosted/pub.dev/xml-6.6.1/lib/src/xml/nodes/document.dart,/home/aleks/.pub-cache/hosted/pub.dev/xml-6.6.1/lib/src/xml/nodes/document_fragment.dart,/home/aleks/.pub-cache/hosted/pub.dev/xml-6.6.1/lib/src/xml/nodes/element.dart,/home/aleks/.pub-cache/hosted/pub.dev/xml-6.6.1/lib/src/xml/nodes/node.dart,/home/aleks/.pub-cache/hosted/pub.dev/xml-6.6.1/lib/src/xml/nodes/processing.dart,/home/aleks/.pub-cache/hosted/pub.dev/xml-6.6.1/lib/src/xml/nodes/text.dart,/home/aleks/.pub-cache/hosted/pub.dev/xml-6.6.1/lib/src/xml/utils/name.dart,/home/aleks/.pub-cache/hosted/pub.dev/xml-6.6.1/lib/src/xml/utils/token.dart,/home/aleks/.pub-cache/hosted/pub.dev/xml-6.6.1/lib/src/xml/visitors/normalizer.dart,/home/aleks/.pub-cache/hosted/pub.dev/xml-6.6.1/lib/src/xml/visitors/pretty_writer.dart,/home/aleks/.pub-cache/hosted/pub.dev/xml-6.6.1/lib/src/xml/visitors/visitor.dart,/home/aleks/.pub-cache/hosted/pub.dev/xml-6.6.1/lib/src/xml/visitors/writer.dart,/home/aleks/.pub-cache/hosted/pub.dev/path-1.9.1/lib/src/utils.dart,/home/aleks/.pub-cache/hosted/pub.dev/pub_semver-2.2.0/lib/src/patterns.dart,/home/aleks/.pub-cache/hosted/pub.dev/pub_semver-2.2.0/lib/src/utils.dart,/home/aleks/.pub-cache/hosted/pub.dev/async-2.13.0/lib/src/async_cache.dart,/home/aleks/.pub-cache/hosted/pub.dev/async-2.13.0/lib/src/async_memoizer.dart,/home/aleks/.pub-cache/hosted/pub.dev/async-2.13.0/lib/src/byte_collector.dart,/home/aleks/.pub-cache/hosted/pub.dev/async-2.13.0/lib/src/cancelable_operation.dart,/home/aleks/.pub-cache/hosted/pub.dev/async-2.13.0/lib/src/chunked_stream_reader.dart,/home/aleks/.pub-cache/hosted/pub.dev/async-2.13.0/lib/src/delegate/event_sink.dart,/home/aleks/.pub-cache/hosted/pub.dev/async-2.13.0/lib/src/delegate/future.dart,/home/aleks/.pub-cache/hosted/pub.dev/async-2.13.0/lib/src/delegate/sink.dart,/home/aleks/.pub-cache/hosted/pub.dev/async-2.13.0/lib/src/delegate/stream.dart,/home/aleks/.pub-cache/hosted/pub.dev/async-2.13.0/lib/src/delegate/stream_consumer.dart,/home/aleks/.pub-cache/hosted/pub.dev/async-2.13.0/lib/src/delegate/stream_sink.dart,/home/aleks/.pub-cache/hosted/pub.dev/async-2.13.0/lib/src/delegate/stream_subscription.dart,/home/aleks/.pub-cache/hosted/pub.dev/async-2.13.0/lib/src/future_group.dart,/home/aleks/.pub-cache/hosted/pub.dev/async-2.13.0/lib/src/lazy_stream.dart,/home/aleks/.pub-cache/hosted/pub.dev/async-2.13.0/lib/src/null_stream_sink.dart,/home/aleks/.pub-cache/hosted/pub.dev/async-2.13.0/lib/src/restartable_timer.dart,/home/aleks/.pub-cache/hosted/pub.dev/async-2.13.0/lib/src/result/error.dart,/home/aleks/.pub-cache/hosted/pub.dev/async-2.13.0/lib/src/result/future.dart,/home/aleks/.pub-cache/hosted/pub.dev/async-2.13.0/lib/src/result/result.dart,/home/aleks/.pub-cache/hosted/pub.dev/async-2.13.0/lib/src/result/value.dart,/home/aleks/.pub-cache/hosted/pub.dev/async-2.13.0/lib/src/single_subscription_transformer.dart,/home/aleks/.pub-cache/hosted/pub.dev/async-2.13.0/lib/src/sink_base.dart,/home/aleks/.pub-cache/hosted/pub.dev/async-2.13.0/lib/src/stream_closer.dart,/home/aleks/.pub-cache/hosted/pub.dev/async-2.13.0/lib/src/stream_completer.dart,/home/aleks/.pub-cache/hosted/pub.dev/async-2.13.0/lib/src/stream_extensions.dart,/home/aleks/.pub-cache/hosted/pub.dev/async-2.13.0/lib/src/stream_group.dart,/home/aleks/.pub-cache/hosted/pub.dev/async-2.13.0/lib/src/stream_queue.dart,/home/aleks/.pub-cache/hosted/pub.dev/async-2.13.0/lib/src/stream_sink_completer.dart,/home/aleks/.pub-cache/hosted/pub.dev/async-2.13.0/lib/src/stream_sink_extensions.dart,/home/aleks/.pub-cache/hosted/pub.dev/async-2.13.0/lib/src/stream_sink_transformer.dart,/home/aleks/.pub-cache/hosted/pub.dev/async-2.13.0/lib/src/stream_splitter.dart,/home/aleks/.pub-cache/hosted/pub.dev/async-2.13.0/lib/src/stream_subscription_transformer.dart,/home/aleks/.pub-cache/hosted/pub.dev/async-2.13.0/lib/src/stream_zip.dart,/home/aleks/.pub-cache/hosted/pub.dev/async-2.13.0/lib/src/subscription_stream.dart,/home/aleks/.pub-cache/hosted/pub.dev/async-2.13.0/lib/src/typed_stream_transformer.dart,/home/aleks/.pub-cache/hosted/pub.dev/string_scanner-1.4.1/lib/src/exception.dart,/home/aleks/.pub-cache/hosted/pub.dev/string_scanner-1.4.1/lib/src/line_scanner.dart,/home/aleks/.pub-cache/hosted/pub.dev/string_scanner-1.4.1/lib/src/span_scanner.dart,/home/aleks/.pub-cache/hosted/pub.dev/string_scanner-1.4.1/lib/src/string_scanner.dart,/home/aleks/.pub-cache/hosted/pub.dev/source_span-1.10.2/lib/source_span.dart,/home/aleks/.pub-cache/hosted/pub.dev/typed_data-1.4.0/lib/typed_data.dart,/home/aleks/.pub-cache/hosted/pub.dev/http_parser-4.1.2/lib/src/chunked_coding/charcodes.dart,/home/aleks/.pub-cache/hosted/pub.dev/clock-1.1.2/lib/src/default.dart,/home/aleks/.pub-cache/hosted/pub.dev/clock-1.1.2/lib/src/clock.dart,/home/aleks/.pub-cache/hosted/pub.dev/xml-6.6.1/lib/src/xml/dtd/external_id.dart,/home/aleks/.pub-cache/hosted/pub.dev/xml-6.6.1/lib/src/xml/nodes/data.dart,/home/aleks/.pub-cache/hosted/pub.dev/xml-6.6.1/lib/src/xml/utils/namespace.dart,/home/aleks/.pub-cache/hosted/pub.dev/xml-6.6.1/lib/src/xml/entities/named_entities.dart,/home/aleks/.pub-cache/hosted/pub.dev/petitparser-7.0.1/lib/core.dart,/home/aleks/.pub-cache/hosted/pub.dev/xml-6.6.1/lib/src/xml/utils/name_matcher.dart,/home/aleks/.pub-cache/hosted/pub.dev/xml-6.6.1/lib/src/xml/utils/node_list.dart,/home/aleks/.pub-cache/hosted/pub.dev/xml-6.6.1/lib/src/xml/utils/predicate.dart,/home/aleks/.pub-cache/hosted/pub.dev/xml-6.6.1/lib/xml_events.dart,/home/aleks/.pub-cache/hosted/pub.dev/xml-6.6.1/lib/src/xml/mixins/has_value.dart,/home/aleks/.pub-cache/hosted/pub.dev/xml-6.6.1/lib/src/xml/utils/prefix_name.dart,/home/aleks/.pub-cache/hosted/pub.dev/xml-6.6.1/lib/src/xml/utils/simple_name.dart,/home/aleks/.pub-cache/hosted/pub.dev/async-2.13.0/lib/src/typed/stream_subscription.dart,/home/aleks/.pub-cache/hosted/pub.dev/async-2.13.0/lib/src/result/capture_sink.dart,/home/aleks/.pub-cache/hosted/pub.dev/async-2.13.0/lib/src/result/capture_transformer.dart,/home/aleks/.pub-cache/hosted/pub.dev/async-2.13.0/lib/src/result/release_sink.dart,/home/aleks/.pub-cache/hosted/pub.dev/async-2.13.0/lib/src/result/release_transformer.dart,/home/aleks/.pub-cache/hosted/pub.dev/async-2.13.0/lib/src/stream_sink_transformer/reject_errors.dart,/home/aleks/.pub-cache/hosted/pub.dev/async-2.13.0/lib/src/stream_sink_transformer/handler_transformer.dart,/home/aleks/.pub-cache/hosted/pub.dev/async-2.13.0/lib/src/stream_sink_transformer/stream_transformer_wrapper.dart,/home/aleks/.pub-cache/hosted/pub.dev/async-2.13.0/lib/src/stream_sink_transformer/typed.dart,/home/aleks/.pub-cache/hosted/pub.dev/string_scanner-1.4.1/lib/src/charcode.dart,/home/aleks/.pub-cache/hosted/pub.dev/string_scanner-1.4.1/lib/src/utils.dart,/home/aleks/.pub-cache/hosted/pub.dev/string_scanner-1.4.1/lib/src/eager_span_scanner.dart,/home/aleks/.pub-cache/hosted/pub.dev/string_scanner-1.4.1/lib/src/relative_span_scanner.dart,/home/aleks/.pub-cache/hosted/pub.dev/source_span-1.10.2/lib/src/file.dart,/home/aleks/.pub-cache/hosted/pub.dev/source_span-1.10.2/lib/src/location.dart,/home/aleks/.pub-cache/hosted/pub.dev/source_span-1.10.2/lib/src/location_mixin.dart,/home/aleks/.pub-cache/hosted/pub.dev/source_span-1.10.2/lib/src/span.dart,/home/aleks/.pub-cache/hosted/pub.dev/source_span-1.10.2/lib/src/span_exception.dart,/home/aleks/.pub-cache/hosted/pub.dev/source_span-1.10.2/lib/src/span_mixin.dart,/home/aleks/.pub-cache/hosted/pub.dev/source_span-1.10.2/lib/src/span_with_context.dart,/home/aleks/.pub-cache/hosted/pub.dev/typed_data-1.4.0/lib/src/typed_queue.dart,/home/aleks/.pub-cache/hosted/pub.dev/typed_data-1.4.0/lib/typed_buffers.dart,/home/aleks/.pub-cache/hosted/pub.dev/clock-1.1.2/lib/src/stopwatch.dart,/home/aleks/.pub-cache/hosted/pub.dev/clock-1.1.2/lib/src/utils.dart,/home/aleks/.pub-cache/hosted/pub.dev/petitparser-7.0.1/lib/src/core/context.dart,/home/aleks/.pub-cache/hosted/pub.dev/petitparser-7.0.1/lib/src/core/exception.dart,/home/aleks/.pub-cache/hosted/pub.dev/petitparser-7.0.1/lib/src/core/parser.dart,/home/aleks/.pub-cache/hosted/pub.dev/petitparser-7.0.1/lib/src/core/result.dart,/home/aleks/.pub-cache/hosted/pub.dev/petitparser-7.0.1/lib/src/core/token.dart,/home/aleks/.pub-cache/hosted/pub.dev/xml-6.6.1/lib/src/xml_events/event.dart,/home/aleks/.pub-cache/hosted/pub.dev/xml-6.6.1/lib/src/xml_events/iterable.dart,/home/aleks/.pub-cache/hosted/pub.dev/xml-6.6.1/lib/src/xml_events/codec/event_codec.dart,/home/aleks/.pub-cache/hosted/pub.dev/xml-6.6.1/lib/src/xml_events/codec/node_codec.dart,/home/aleks/.pub-cache/hosted/pub.dev/xml-6.6.1/lib/src/xml_events/converters/event_decoder.dart,/home/aleks/.pub-cache/hosted/pub.dev/xml-6.6.1/lib/src/xml_events/converters/event_encoder.dart,/home/aleks/.pub-cache/hosted/pub.dev/xml-6.6.1/lib/src/xml_events/converters/node_decoder.dart,/home/aleks/.pub-cache/hosted/pub.dev/xml-6.6.1/lib/src/xml_events/converters/node_encoder.dart,/home/aleks/.pub-cache/hosted/pub.dev/xml-6.6.1/lib/src/xml_events/events/cdata.dart,/home/aleks/.pub-cache/hosted/pub.dev/xml-6.6.1/lib/src/xml_events/events/comment.dart,/home/aleks/.pub-cache/hosted/pub.dev/xml-6.6.1/lib/src/xml_events/events/declaration.dart,/home/aleks/.pub-cache/hosted/pub.dev/xml-6.6.1/lib/src/xml_events/events/doctype.dart,/home/aleks/.pub-cache/hosted/pub.dev/xml-6.6.1/lib/src/xml_events/events/end_element.dart,/home/aleks/.pub-cache/hosted/pub.dev/xml-6.6.1/lib/src/xml_events/events/processing.dart,/home/aleks/.pub-cache/hosted/pub.dev/xml-6.6.1/lib/src/xml_events/events/start_element.dart,/home/aleks/.pub-cache/hosted/pub.dev/xml-6.6.1/lib/src/xml_events/events/text.dart,/home/aleks/.pub-cache/hosted/pub.dev/xml-6.6.1/lib/src/xml_events/streams/each_event.dart,/home/aleks/.pub-cache/hosted/pub.dev/xml-6.6.1/lib/src/xml_events/streams/flatten.dart,/home/aleks/.pub-cache/hosted/pub.dev/xml-6.6.1/lib/src/xml_events/streams/normalizer.dart,/home/aleks/.pub-cache/hosted/pub.dev/xml-6.6.1/lib/src/xml_events/streams/subtree_selector.dart,/home/aleks/.pub-cache/hosted/pub.dev/xml-6.6.1/lib/src/xml_events/streams/with_parent.dart,/home/aleks/.pub-cache/hosted/pub.dev/xml-6.6.1/lib/src/xml_events/utils/event_attribute.dart,/home/aleks/.pub-cache/hosted/pub.dev/xml-6.6.1/lib/src/xml_events/visitor.dart,/home/aleks/.pub-cache/hosted/pub.dev/term_glyph-1.2.2/lib/term_glyph.dart,/home/aleks/.pub-cache/hosted/pub.dev/source_span-1.10.2/lib/src/highlighter.dart,/home/aleks/.pub-cache/hosted/pub.dev/source_span-1.10.2/lib/src/utils.dart,/home/aleks/.pub-cache/hosted/pub.dev/typed_data-1.4.0/lib/src/typed_buffer.dart,/home/aleks/.pub-cache/hosted/pub.dev/petitparser-7.0.1/lib/src/shared/pragma.dart,/home/aleks/.pub-cache/hosted/pub.dev/petitparser-7.0.1/lib/src/matcher/matches.dart,/home/aleks/.pub-cache/hosted/pub.dev/petitparser-7.0.1/lib/src/parser/action/token.dart,/home/aleks/.pub-cache/hosted/pub.dev/petitparser-7.0.1/lib/src/parser/misc/newline.dart,/home/aleks/.pub-cache/hosted/pub.dev/xml-6.6.1/lib/src/xml_events/annotations/has_buffer.dart,/home/aleks/.pub-cache/hosted/pub.dev/xml-6.6.1/lib/src/xml_events/annotations/has_location.dart,/home/aleks/.pub-cache/hosted/pub.dev/xml-6.6.1/lib/src/xml_events/annotations/has_parent.dart,/home/aleks/.pub-cache/hosted/pub.dev/xml-6.6.1/lib/src/xml_events/annotations/annotator.dart,/home/aleks/.pub-cache/hosted/pub.dev/xml-6.6.1/lib/src/xml_events/iterator.dart,/home/aleks/.pub-cache/hosted/pub.dev/petitparser-7.0.1/lib/petitparser.dart,/home/aleks/.pub-cache/hosted/pub.dev/xml-6.6.1/lib/src/xml_events/parser.dart,/home/aleks/.pub-cache/hosted/pub.dev/xml-6.6.1/lib/src/xml_events/utils/conversion_sink.dart,/home/aleks/.pub-cache/hosted/pub.dev/xml-6.6.1/lib/src/xml_events/utils/list_converter.dart,/home/aleks/.pub-cache/hosted/pub.dev/xml-6.6.1/lib/src/xml_events/utils/named.dart,/home/aleks/.pub-cache/hosted/pub.dev/term_glyph-1.2.2/lib/src/generated/ascii_glyph_set.dart,/home/aleks/.pub-cache/hosted/pub.dev/term_glyph-1.2.2/lib/src/generated/glyph_set.dart,/home/aleks/.pub-cache/hosted/pub.dev/term_glyph-1.2.2/lib/src/generated/unicode_glyph_set.dart,/home/aleks/.pub-cache/hosted/pub.dev/term_glyph-1.2.2/lib/src/generated/top_level.dart,/home/aleks/.pub-cache/hosted/pub.dev/source_span-1.10.2/lib/src/charcode.dart,/home/aleks/.pub-cache/hosted/pub.dev/source_span-1.10.2/lib/src/colors.dart,/home/aleks/.pub-cache/hosted/pub.dev/petitparser-7.0.1/lib/src/matcher/matches/matches_iterable.dart,/home/aleks/.pub-cache/hosted/pub.dev/petitparser-7.0.1/lib/src/parser/combinator/delegate.dart,/home/aleks/.pub-cache/hosted/pub.dev/petitparser-7.0.1/lib/definition.dart,/home/aleks/.pub-cache/hosted/pub.dev/petitparser-7.0.1/lib/expression.dart,/home/aleks/.pub-cache/hosted/pub.dev/petitparser-7.0.1/lib/matcher.dart,/home/aleks/.pub-cache/hosted/pub.dev/petitparser-7.0.1/lib/parser.dart,/home/aleks/.pub-cache/hosted/pub.dev/xml-6.6.1/lib/src/xml/utils/cache.dart,/home/aleks/.pub-cache/hosted/pub.dev/xml-6.6.1/lib/src/xml/utils/character_data_parser.dart,/home/aleks/.pub-cache/hosted/pub.dev/petitparser-7.0.1/lib/src/matcher/matches/matches_iterator.dart,/home/aleks/.pub-cache/hosted/pub.dev/petitparser-7.0.1/lib/src/definition/grammar.dart,/home/aleks/.pub-cache/hosted/pub.dev/petitparser-7.0.1/lib/src/definition/reference.dart,/home/aleks/.pub-cache/hosted/pub.dev/petitparser-7.0.1/lib/src/definition/resolve.dart,/home/aleks/.pub-cache/hosted/pub.dev/petitparser-7.0.1/lib/src/expression/builder.dart,/home/aleks/.pub-cache/hosted/pub.dev/petitparser-7.0.1/lib/src/expression/group.dart,/home/aleks/.pub-cache/hosted/pub.dev/petitparser-7.0.1/lib/src/matcher/accept.dart,/home/aleks/.pub-cache/hosted/pub.dev/petitparser-7.0.1/lib/src/matcher/pattern.dart,/home/aleks/.pub-cache/hosted/pub.dev/petitparser-7.0.1/lib/src/parser/action/cast.dart,/home/aleks/.pub-cache/hosted/pub.dev/petitparser-7.0.1/lib/src/parser/action/cast_list.dart,/home/aleks/.pub-cache/hosted/pub.dev/petitparser-7.0.1/lib/src/parser/action/continuation.dart,/home/aleks/.pub-cache/hosted/pub.dev/petitparser-7.0.1/lib/src/parser/action/flatten.dart,/home/aleks/.pub-cache/hosted/pub.dev/petitparser-7.0.1/lib/src/parser/action/map.dart,/home/aleks/.pub-cache/hosted/pub.dev/petitparser-7.0.1/lib/src/parser/action/permute.dart,/home/aleks/.pub-cache/hosted/pub.dev/petitparser-7.0.1/lib/src/parser/action/pick.dart,/home/aleks/.pub-cache/hosted/pub.dev/petitparser-7.0.1/lib/src/parser/action/trim.dart,/home/aleks/.pub-cache/hosted/pub.dev/petitparser-7.0.1/lib/src/parser/action/where.dart,/home/aleks/.pub-cache/hosted/pub.dev/petitparser-7.0.1/lib/src/parser/character/any.dart,/home/aleks/.pub-cache/hosted/pub.dev/petitparser-7.0.1/lib/src/parser/character/any_of.dart,/home/aleks/.pub-cache/hosted/pub.dev/petitparser-7.0.1/lib/src/parser/character/char.dart,/home/aleks/.pub-cache/hosted/pub.dev/petitparser-7.0.1/lib/src/parser/character/digit.dart,/home/aleks/.pub-cache/hosted/pub.dev/petitparser-7.0.1/lib/src/parser/character/letter.dart,/home/aleks/.pub-cache/hosted/pub.dev/petitparser-7.0.1/lib/src/parser/character/lowercase.dart,/home/aleks/.pub-cache/hosted/pub.dev/petitparser-7.0.1/lib/src/parser/character/none_of.dart,/home/aleks/.pub-cache/hosted/pub.dev/petitparser-7.0.1/lib/src/parser/character/pattern.dart,/home/aleks/.pub-cache/hosted/pub.dev/petitparser-7.0.1/lib/src/parser/character/predicate.dart,/home/aleks/.pub-cache/hosted/pub.dev/petitparser-7.0.1/lib/src/parser/character/range.dart,/home/aleks/.pub-cache/hosted/pub.dev/petitparser-7.0.1/lib/src/parser/character/uppercase.dart,/home/aleks/.pub-cache/hosted/pub.dev/petitparser-7.0.1/lib/src/parser/character/whitespace.dart,/home/aleks/.pub-cache/hosted/pub.dev/petitparser-7.0.1/lib/src/parser/character/word.dart,/home/aleks/.pub-cache/hosted/pub.dev/petitparser-7.0.1/lib/src/parser/combinator/and.dart,/home/aleks/.pub-cache/hosted/pub.dev/petitparser-7.0.1/lib/src/parser/combinator/choice.dart,/home/aleks/.pub-cache/hosted/pub.dev/petitparser-7.0.1/lib/src/parser/combinator/list.dart,/home/aleks/.pub-cache/hosted/pub.dev/petitparser-7.0.1/lib/src/parser/combinator/not.dart,/home/aleks/.pub-cache/hosted/pub.dev/petitparser-7.0.1/lib/src/parser/combinator/optional.dart,/home/aleks/.pub-cache/hosted/pub.dev/petitparser-7.0.1/lib/src/parser/combinator/sequence.dart,/home/aleks/.pub-cache/hosted/pub.dev/petitparser-7.0.1/lib/src/parser/combinator/settable.dart,/home/aleks/.pub-cache/hosted/pub.dev/petitparser-7.0.1/lib/src/parser/combinator/skip.dart,/home/aleks/.pub-cache/hosted/pub.dev/petitparser-7.0.1/lib/src/parser/misc/end.dart,/home/aleks/.pub-cache/hosted/pub.dev/petitparser-7.0.1/lib/src/parser/misc/epsilon.dart,/home/aleks/.pub-cache/hosted/pub.dev/petitparser-7.0.1/lib/src/parser/misc/failure.dart,/home/aleks/.pub-cache/hosted/pub.dev/petitparser-7.0.1/lib/src/parser/misc/label.dart,/home/aleks/.pub-cache/hosted/pub.dev/petitparser-7.0.1/lib/src/parser/misc/position.dart,/home/aleks/.pub-cache/hosted/pub.dev/petitparser-7.0.1/lib/src/parser/predicate/character.dart,/home/aleks/.pub-cache/hosted/pub.dev/petitparser-7.0.1/lib/src/parser/predicate/converter.dart,/home/aleks/.pub-cache/hosted/pub.dev/petitparser-7.0.1/lib/src/parser/predicate/pattern.dart,/home/aleks/.pub-cache/hosted/pub.dev/petitparser-7.0.1/lib/src/parser/predicate/predicate.dart,/home/aleks/.pub-cache/hosted/pub.dev/petitparser-7.0.1/lib/src/parser/predicate/single_character.dart,/home/aleks/.pub-cache/hosted/pub.dev/petitparser-7.0.1/lib/src/parser/predicate/string.dart,/home/aleks/.pub-cache/hosted/pub.dev/petitparser-7.0.1/lib/src/parser/predicate/unicode_character.dart,/home/aleks/.pub-cache/hosted/pub.dev/petitparser-7.0.1/lib/src/parser/repeater/character.dart,/home/aleks/.pub-cache/hosted/pub.dev/petitparser-7.0.1/lib/src/parser/repeater/greedy.dart,/home/aleks/.pub-cache/hosted/pub.dev/petitparser-7.0.1/lib/src/parser/repeater/lazy.dart,/home/aleks/.pub-cache/hosted/pub.dev/petitparser-7.0.1/lib/src/parser/repeater/limited.dart,/home/aleks/.pub-cache/hosted/pub.dev/petitparser-7.0.1/lib/src/parser/repeater/possessive.dart,/home/aleks/.pub-cache/hosted/pub.dev/petitparser-7.0.1/lib/src/parser/repeater/repeating.dart,/home/aleks/.pub-cache/hosted/pub.dev/petitparser-7.0.1/lib/src/parser/repeater/separated.dart,/home/aleks/.pub-cache/hosted/pub.dev/petitparser-7.0.1/lib/src/parser/repeater/unbounded.dart,/home/aleks/.pub-cache/hosted/pub.dev/petitparser-7.0.1/lib/src/parser/utils/failure_joiner.dart,/home/aleks/.pub-cache/hosted/pub.dev/petitparser-7.0.1/lib/src/parser/utils/labeled.dart,/home/aleks/.pub-cache/hosted/pub.dev/petitparser-7.0.1/lib/src/parser/utils/resolvable.dart,/home/aleks/.pub-cache/hosted/pub.dev/petitparser-7.0.1/lib/src/parser/utils/separated_list.dart,/home/aleks/.pub-cache/hosted/pub.dev/petitparser-7.0.1/lib/src/definition/internal/reference.dart,/home/aleks/.pub-cache/hosted/pub.dev/petitparser-7.0.1/lib/src/definition/internal/undefined.dart,/home/aleks/.pub-cache/hosted/pub.dev/petitparser-7.0.1/lib/src/reflection/iterable.dart,/home/aleks/.pub-cache/hosted/pub.dev/petitparser-7.0.1/lib/src/expression/utils.dart,/home/aleks/.pub-cache/hosted/pub.dev/petitparser-7.0.1/lib/src/expression/result.dart,/home/aleks/.pub-cache/hosted/pub.dev/petitparser-7.0.1/lib/src/matcher/pattern/parser_pattern.dart,/home/aleks/.pub-cache/hosted/pub.dev/petitparser-7.0.1/lib/src/shared/types.dart,/home/aleks/.pub-cache/hosted/pub.dev/petitparser-7.0.1/lib/src/parser/utils/sequential.dart,/home/aleks/.pub-cache/hosted/pub.dev/petitparser-7.0.1/lib/src/parser/character/predicate/constant.dart,/home/aleks/.pub-cache/hosted/pub.dev/petitparser-7.0.1/lib/src/parser/character/utils/code.dart,/home/aleks/.pub-cache/hosted/pub.dev/petitparser-7.0.1/lib/src/parser/character/utils/optimize.dart,/home/aleks/.pub-cache/hosted/pub.dev/petitparser-7.0.1/lib/src/parser/character/predicate/char.dart,/home/aleks/.pub-cache/hosted/pub.dev/petitparser-7.0.1/lib/src/parser/character/predicate/digit.dart,/home/aleks/.pub-cache/hosted/pub.dev/petitparser-7.0.1/lib/src/parser/character/predicate/letter.dart,/home/aleks/.pub-cache/hosted/pub.dev/petitparser-7.0.1/lib/src/parser/character/predicate/lowercase.dart,/home/aleks/.pub-cache/hosted/pub.dev/petitparser-7.0.1/lib/src/parser/character/predicate/not.dart,/home/aleks/.pub-cache/hosted/pub.dev/petitparser-7.0.1/lib/src/parser/character/predicate/range.dart,/home/aleks/.pub-cache/hosted/pub.dev/petitparser-7.0.1/lib/src/parser/character/predicate/uppercase.dart,/home/aleks/.pub-cache/hosted/pub.dev/petitparser-7.0.1/lib/src/parser/character/predicate/whitespace.dart,/home/aleks/.pub-cache/hosted/pub.dev/petitparser-7.0.1/lib/src/parser/character/predicate/word.dart,/home/aleks/.pub-cache/hosted/pub.dev/petitparser-7.0.1/lib/src/parser/combinator/generated/sequence_2.dart,/home/aleks/.pub-cache/hosted/pub.dev/petitparser-7.0.1/lib/src/parser/combinator/generated/sequence_3.dart,/home/aleks/.pub-cache/hosted/pub.dev/petitparser-7.0.1/lib/src/parser/combinator/generated/sequence_4.dart,/home/aleks/.pub-cache/hosted/pub.dev/petitparser-7.0.1/lib/src/parser/combinator/generated/sequence_5.dart,/home/aleks/.pub-cache/hosted/pub.dev/petitparser-7.0.1/lib/src/parser/combinator/generated/sequence_6.dart,/home/aleks/.pub-cache/hosted/pub.dev/petitparser-7.0.1/lib/src/parser/combinator/generated/sequence_7.dart,/home/aleks/.pub-cache/hosted/pub.dev/petitparser-7.0.1/lib/src/parser/combinator/generated/sequence_8.dart,/home/aleks/.pub-cache/hosted/pub.dev/petitparser-7.0.1/lib/src/parser/combinator/generated/sequence_9.dart,/home/aleks/.pub-cache/hosted/pub.dev/petitparser-7.0.1/lib/src/matcher/pattern/parser_match.dart,/home/aleks/.pub-cache/hosted/pub.dev/petitparser-7.0.1/lib/src/matcher/pattern/pattern_iterable.dart,/home/aleks/.pub-cache/hosted/pub.dev/petitparser-7.0.1/lib/src/parser/character/predicate/lookup.dart,/home/aleks/.pub-cache/hosted/pub.dev/petitparser-7.0.1/lib/src/matcher/pattern/pattern_iterator.dart}
[   +2 ms] [  +12 ms] /home/aleks/development/flutter/bin/cache/dart-sdk/bin/dartaotruntime /home/aleks/development/flutter/bin/cache/dart-sdk/bin/snapshots/frontend_server_aot.dart.snapshot --sdk-root /home/aleks/development/flutter/bin/cache/artifacts/engine/common/flutter_patched_sdk/ --target=flutter --no-print-incremental-dependencies -DFLUTTER_VERSION=3.38.5 -DFLUTTER_CHANNEL=stable -DFLUTTER_GIT_URL=https://github.com/flutter/flutter.git -DFLUTTER_FRAMEWORK_REVISION=f6ff1529fd -DFLUTTER_ENGINE_REVISION=1527ae0ec5 -DFLUTTER_DART_VERSION=3.10.4 -DFLUTTER_APP_FLAVOR= -Ddart.vm.profile=false -Ddart.vm.product=false --enable-asserts --track-widget-creation --no-link-platform --packages /media/aleks/SD11/LiAutoScanner/li_auto_monitor/.dart_tool/package_config.json --output-dill /media/aleks/SD11/LiAutoScanner/li_auto_monitor/.dart_tool/flutter_build/fc5ee1dbb92c1feeb52877de4bccac59/app.dill --depfile /media/aleks/SD11/LiAutoScanner/li_auto_monitor/.dart_tool/flutter_build/fc5ee1dbb92c1feeb52877de4bccac59/kernel_snapshot_program.d --incremental --initialize-from-dill /media/aleks/SD11/LiAutoScanner/li_auto_monitor/.dart_tool/flutter_build/fc5ee1dbb92c1feeb52877de4bccac59/app.dill --source file:///media/aleks/SD11/LiAutoScanner/li_auto_monitor/.dart_tool/flutter_build/dart_plugin_registrant.dart --source package:flutter/src/dart_plugin_registrant.dart -Dflutter.dart_plugin_registrant=file:///media/aleks/SD11/LiAutoScanner/li_auto_monitor/.dart_tool/flutter_build/dart_plugin_registrant.dart --verbosity=error package:li_auto_monitor/main.dart
[        ] [ +171 ms] Persisting file store
[        ] [   +9 ms] Done persisting file store
[        ] [        ] "flutter assemble" took 1 193ms.
[        ] [        ] Running 1 shutdown hook
[        ] [        ] Shutdown hooks complete
[        ] [ +252 ms] exiting with code 1
[        ] Build c35c8364-7178-4340-bcea-70421201ad82 is closed
[        ] [Incubating] Problems report is available at: file:///media/aleks/SD11/LiAutoScanner/li_auto_monitor/build/reports/problems/problems-report.html
[        ] Deprecated Gradle features were used in this build, making it incompatible with Gradle 9.0.
[        ] You can use '--warning-mode all' to show the individual deprecation warnings and determine if they come from your own scripts or plugins.
[        ] For more on this, please refer to https://docs.gradle.org/8.14/userguide/command_line_interface.html#sec:command_line_warnings in the Gradle documentation.
[        ] 6 actionable tasks: 2 executed, 4 up-to-date
[        ] Some of the file system contents retained in the virtual file system are on file systems that Gradle doesn't support watching. The relevant state was discarded to ensure changes to these locations are properly detected. You can override this by explicitly enabling file system watching.
[        ] [ +761 ms] lib/services/monitor_service.dart:55:42: Error: No named parameter with the name 'mode'.
[   +1 ms] [   +1 ms]     final traceroute = Ping(status.host, mode: PingMode.traceroute);
[        ] [        ]                                          ^^^^
[        ] [        ] /home/aleks/.pub-cache/hosted/pub.dev/dart_ping-9.0.1/lib/src/ping_interface.dart:15:11: Context: Found this candidate, but the arguments don't match.
[        ] [        ]   factory Ping(
[        ] [        ]           ^
[        ] [   +2 ms] Target kernel_snapshot_program failed: Exception
[        ]            #0      KernelSnapshot.build (package:flutter_tools/src/build_system/targets/common.dart:289:7)
[        ]            <asynchronous suspension>
[        ]            #1      _BuildInstance._invokeInternal (package:flutter_tools/src/build_system/build_system.dart:895:9)
[        ]            <asynchronous suspension>
[        ]            #2      Future.wait.<anonymous closure> (dart:async/future.dart:546:21)
[        ]            <asynchronous suspension>
[        ]            #3      _BuildInstance.invokeTarget (package:flutter_tools/src/build_system/build_system.dart:833:32)
[        ]            <asynchronous suspension>
[        ]            #4      FlutterBuildSystem.build (package:flutter_tools/src/build_system/build_system.dart:653:16)
[        ]            <asynchronous suspension>
[        ]            #5      AssembleCommand.runCommand (package:flutter_tools/src/commands/assemble.dart:361:32)
[        ]            <asynchronous suspension>
[        ]            #6      FlutterCommand.run.<anonymous closure> (package:flutter_tools/src/runner/flutter_command.dart:1559:27)
[        ]            <asynchronous suspension>
[        ]            #7      AppContext.run.<anonymous closure> (package:flutter_tools/src/base/context.dart:154:19)
[        ]            <asynchronous suspension>
[        ]            #8      CommandRunner.runCommand (package:args/command_runner.dart:212:13)
[        ]            <asynchronous suspension>
[        ]            #9      FlutterCommandRunner.runCommand.<anonymous closure> (package:flutter_tools/src/runner/flutter_command_runner.dart:487:9)
[        ]            <asynchronous suspension>
[        ]            #10     AppContext.run.<anonymous closure> (package:flutter_tools/src/base/context.dart:154:19)
[        ]            <asynchronous suspension>
[        ]            #11     FlutterCommandRunner.runCommand (package:flutter_tools/src/runner/flutter_command_runner.dart:422:5)
[        ]            <asynchronous suspension>
[        ]            #12     run.<anonymous closure>.<anonymous closure> (package:flutter_tools/runner.dart:104:11)
[        ]            <asynchronous suspension>
[        ]            #13     AppContext.run.<anonymous closure> (package:flutter_tools/src/base/context.dart:154:19)
[        ]            <asynchronous suspension>
[        ]            #14     main (package:flutter_tools/executable.dart:103:3)
[        ]            <asynchronous suspension>
[        ] [  +17 ms] 
[        ]            #0      throwToolExit (package:flutter_tools/src/base/common.dart:34:3)
[        ]            #1      AssembleCommand.runCommand (package:flutter_tools/src/commands/assemble.dart:379:7)
[        ]            <asynchronous suspension>
[        ]            #2      FlutterCommand.run.<anonymous closure> (package:flutter_tools/src/runner/flutter_command.dart:1559:27)
[        ]            <asynchronous suspension>
[        ]            #3      AppContext.run.<anonymous closure> (package:flutter_tools/src/base/context.dart:154:19)
[        ]            <asynchronous suspension>
[        ]            #4      CommandRunner.runCommand (package:args/command_runner.dart:212:13)
[        ]            <asynchronous suspension>
[        ]            #5      FlutterCommandRunner.runCommand.<anonymous closure> (package:flutter_tools/src/runner/flutter_command_runner.dart:487:9)
[        ]            <asynchronous suspension>
[        ]            #6      AppContext.run.<anonymous closure> (package:flutter_tools/src/base/context.dart:154:19)
[        ]            <asynchronous suspension>
[        ]            #7      FlutterCommandRunner.runCommand (package:flutter_tools/src/runner/flutter_command_runner.dart:422:5)
[        ]            <asynchronous suspension>
[        ]            #8      run.<anonymous closure>.<anonymous closure> (package:flutter_tools/runner.dart:104:11)
[        ]            <asynchronous suspension>
[        ]            #9      AppContext.run.<anonymous closure> (package:flutter_tools/src/base/context.dart:154:19)
[        ]            <asynchronous suspension>
[        ]            #10     main (package:flutter_tools/executable.dart:103:3)
[        ]            <asynchronous suspension>
[        ] FAILURE: Build failed with an exception.
[        ] * What went wrong:
[        ] Execution failed for task ':app:compileFlutterBuildDebug'.
[        ] > Process 'command '/home/aleks/development/flutter/bin/flutter'' finished with non-zero exit value 1
[        ] * Try:
[        ] > Run with --debug option to get more log output.
[        ] > Run with --scan to get full insights.
[        ] > Get more help at https://help.gradle.org.
[        ] * Exception is:
[        ] org.gradle.api.tasks.TaskExecutionException: Execution failed for task ':app:compileFlutterBuildDebug'.
[        ] 	at org.gradle.api.internal.tasks.execution.ExecuteActionsTaskExecuter.lambda$executeIfValid$1(ExecuteActionsTaskExecuter.java:130)
[        ] 	at org.gradle.internal.Try$Failure.ifSuccessfulOrElse(Try.java:293)
[        ] 	at org.gradle.api.internal.tasks.execution.ExecuteActionsTaskExecuter.executeIfValid(ExecuteActionsTaskExecuter.java:128)
[        ] 	at org.gradle.api.internal.tasks.execution.ExecuteActionsTaskExecuter.execute(ExecuteActionsTaskExecuter.java:116)
[        ] 	at org.gradle.api.internal.tasks.execution.ProblemsTaskPathTrackingTaskExecuter.execute(ProblemsTaskPathTrackingTaskExecuter.java:41)
[        ] 	at org.gradle.api.internal.tasks.execution.FinalizePropertiesTaskExecuter.execute(FinalizePropertiesTaskExecuter.java:46)
[        ] 	at org.gradle.api.internal.tasks.execution.ResolveTaskExecutionModeExecuter.execute(ResolveTaskExecutionModeExecuter.java:51)
[        ] 	at org.gradle.api.internal.tasks.execution.SkipTaskWithNoActionsExecuter.execute(SkipTaskWithNoActionsExecuter.java:57)
[        ] 	at org.gradle.api.internal.tasks.execution.SkipOnlyIfTaskExecuter.execute(SkipOnlyIfTaskExecuter.java:74)
[        ] 	at org.gradle.api.internal.tasks.execution.CatchExceptionTaskExecuter.execute(CatchExceptionTaskExecuter.java:36)
[        ] 	at org.gradle.api.internal.tasks.execution.EventFiringTaskExecuter$1.executeTask(EventFiringTaskExecuter.java:77)
[        ] 	at org.gradle.api.internal.tasks.execution.EventFiringTaskExecuter$1.call(EventFiringTaskExecuter.java:55)
[        ] 	at org.gradle.api.internal.tasks.execution.EventFiringTaskExecuter$1.call(EventFiringTaskExecuter.java:52)
[        ] 	at org.gradle.internal.operations.DefaultBuildOperationRunner$CallableBuildOperationWorker.execute(DefaultBuildOperationRunner.java:210)
[        ] 	at org.gradle.internal.operations.DefaultBuildOperationRunner$CallableBuildOperationWorker.execute(DefaultBuildOperationRunner.java:205)
[        ] 	at org.gradle.internal.operations.DefaultBuildOperationRunner$2.execute(DefaultBuildOperationRunner.java:67)
[        ] 	at org.gradle.internal.operations.DefaultBuildOperationRunner$2.execute(DefaultBuildOperationRunner.java:60)
[        ] 	at org.gradle.internal.operations.DefaultBuildOperationRunner.execute(DefaultBuildOperationRunner.java:167)
[        ] 	at org.gradle.internal.operations.DefaultBuildOperationRunner.execute(DefaultBuildOperationRunner.java:60)
[        ] 	at org.gradle.internal.operations.DefaultBuildOperationRunner.call(DefaultBuildOperationRunner.java:54)
[        ] 	at org.gradle.api.internal.tasks.execution.EventFiringTaskExecuter.execute(EventFiringTaskExecuter.java:52)
[        ] 	at org.gradle.execution.plan.LocalTaskNodeExecutor.execute(LocalTaskNodeExecutor.java:42)
[        ] 	at org.gradle.execution.taskgraph.DefaultTaskExecutionGraph$InvokeNodeExecutorsAction.execute(DefaultTaskExecutionGraph.java:331)
[        ] 	at org.gradle.execution.taskgraph.DefaultTaskExecutionGraph$InvokeNodeExecutorsAction.execute(DefaultTaskExecutionGraph.java:318)
[        ] 	at org.gradle.execution.taskgraph.DefaultTaskExecutionGraph$BuildOperationAwareExecutionAction.lambda$execute$0(DefaultTaskExecutionGraph.java:314)
[        ] 	at org.gradle.internal.operations.CurrentBuildOperationRef.with(CurrentBuildOperationRef.java:85)
[        ] 	at org.gradle.execution.taskgraph.DefaultTaskExecutionGraph$BuildOperationAwareExecutionAction.execute(DefaultTaskExecutionGraph.java:314)
[        ] 	at org.gradle.execution.taskgraph.DefaultTaskExecutionGraph$BuildOperationAwareExecutionAction.execute(DefaultTaskExecutionGraph.java:303)
[        ] 	at org.gradle.execution.plan.DefaultPlanExecutor$ExecutorWorker.execute(DefaultPlanExecutor.java:459)
[        ] 	at org.gradle.execution.plan.DefaultPlanExecutor$ExecutorWorker.run(DefaultPlanExecutor.java:376)
[        ] 	at org.gradle.internal.concurrent.ExecutorPolicy$CatchAndRecordFailures.onExecute(ExecutorPolicy.java:64)
[        ] 	at org.gradle.internal.concurrent.AbstractManagedExecutor$1.run(AbstractManagedExecutor.java:48)
[        ] 	at java.base/java.util.concurrent.ThreadPoolExecutor.runWorker(Unknown Source)
[        ] 	at java.base/java.util.concurrent.ThreadPoolExecutor$Worker.run(Unknown Source)
[        ] 	at java.base/java.lang.Thread.run(Unknown Source)
[        ] Caused by: org.gradle.process.internal.ExecException: Process 'command '/home/aleks/development/flutter/bin/flutter'' finished with non-zero exit value 1
[        ] 	at org.gradle.process.internal.DefaultExecHandle$ExecResultImpl.assertNormalExitValue(DefaultExecHandle.java:442)
[        ] 	at org.gradle.process.internal.DefaultExecAction.execute(DefaultExecAction.java:49)
[        ] 	at org.gradle.process.internal.DefaultExecActionFactory.exec(DefaultExecActionFactory.java:216)
[        ] 	at org.gradle.process.internal.DefaultExecOperations.exec(DefaultExecOperations.java:37)
[        ] 	at com.flutter.gradle.tasks.BaseFlutterTaskHelper.buildBundle(BaseFlutterTaskHelper.kt:159)
[        ] 	at com.flutter.gradle.tasks.BaseFlutterTask.buildBundle(BaseFlutterTask.kt:143)
[        ] 	at com.flutter.gradle.tasks.FlutterTaskHelper.build$gradle(FlutterTaskHelper.kt:90)
[        ] 	at com.flutter.gradle.tasks.FlutterTask.build(FlutterTask.kt:51)
[        ] 	at java.base/jdk.internal.reflect.DirectMethodHandleAccessor.invoke(Unknown Source)
[        ] 	at java.base/java.lang.reflect.Method.invoke(Unknown Source)
[        ] 	at org.gradle.internal.reflect.JavaMethod.invoke(JavaMethod.java:125)
[        ] 	at org.gradle.api.internal.project.taskfactory.StandardTaskAction.doExecute(StandardTaskAction.java:58)
[        ] 	at org.gradle.api.internal.project.taskfactory.StandardTaskAction.execute(StandardTaskAction.java:51)
[        ] 	at org.gradle.api.internal.project.taskfactory.StandardTaskAction.execute(StandardTaskAction.java:29)
[        ] 	at org.gradle.api.internal.tasks.execution.TaskExecution$3.run(TaskExecution.java:244)
[        ] 	at org.gradle.internal.operations.DefaultBuildOperationRunner$1.execute(DefaultBuildOperationRunner.java:30)
[        ] 	at org.gradle.internal.operations.DefaultBuildOperationRunner$1.execute(DefaultBuildOperationRunner.java:27)
[        ] 	at org.gradle.internal.operations.DefaultBuildOperationRunner$2.execute(DefaultBuildOperationRunner.java:67)
[        ] 	at org.gradle.internal.operations.DefaultBuildOperationRunner$2.execute(DefaultBuildOperationRunner.java:60)
[        ] 	at org.gradle.internal.operations.DefaultBuildOperationRunner.execute(DefaultBuildOperationRunner.java:167)
[        ] 	at org.gradle.internal.operations.DefaultBuildOperationRunner.execute(DefaultBuildOperationRunner.java:60)
[        ] 	at org.gradle.internal.operations.DefaultBuildOperationRunner.run(DefaultBuildOperationRunner.java:48)
[        ] 	at org.gradle.api.internal.tasks.execution.TaskExecution.executeAction(TaskExecution.java:229)
[        ] 	at org.gradle.api.internal.tasks.execution.TaskExecution.executeActions(TaskExecution.java:212)
[        ] 	at org.gradle.api.internal.tasks.execution.TaskExecution.executeWithPreviousOutputFiles(TaskExecution.java:195)
[        ] 	at org.gradle.api.internal.tasks.execution.TaskExecution.execute(TaskExecution.java:162)
[        ] 	at org.gradle.internal.execution.steps.ExecuteStep.executeInternal(ExecuteStep.java:105)
[        ] 	at org.gradle.internal.execution.steps.ExecuteStep.access$000(ExecuteStep.java:44)
[        ] 	at org.gradle.internal.execution.steps.ExecuteStep$1.call(ExecuteStep.java:59)
[        ] 	at org.gradle.internal.execution.steps.ExecuteStep$1.call(ExecuteStep.java:56)
[        ] 	at org.gradle.internal.operations.DefaultBuildOperationRunner$CallableBuildOperationWorker.execute(DefaultBuildOperationRunner.java:210)
[        ] 	at org.gradle.internal.operations.DefaultBuildOperationRunner$CallableBuildOperationWorker.execute(DefaultBuildOperationRunner.java:205)
[        ] 	at org.gradle.internal.operations.DefaultBuildOperationRunner$2.execute(DefaultBuildOperationRunner.java:67)
[        ] 	at org.gradle.internal.operations.DefaultBuildOperationRunner$2.execute(DefaultBuildOperationRunner.java:60)
[        ] 	at org.gradle.internal.operations.DefaultBuildOperationRunner.execute(DefaultBuildOperationRunner.java:167)
[        ] 	at org.gradle.internal.operations.DefaultBuildOperationRunner.execute(DefaultBuildOperationRunner.java:60)
[        ] 	at org.gradle.internal.operations.DefaultBuildOperationRunner.call(DefaultBuildOperationRunner.java:54)
[        ] 	at org.gradle.internal.execution.steps.ExecuteStep.execute(ExecuteStep.java:56)
[        ] 	at org.gradle.internal.execution.steps.ExecuteStep.execute(ExecuteStep.java:44)
[        ] 	at org.gradle.internal.execution.steps.CancelExecutionStep.execute(CancelExecutionStep.java:42)
[        ] 	at org.gradle.internal.execution.steps.TimeoutStep.executeWithoutTimeout(TimeoutStep.java:75)
[        ] 	at org.gradle.internal.execution.steps.TimeoutStep.execute(TimeoutStep.java:55)
[        ] 	at org.gradle.internal.execution.steps.PreCreateOutputParentsStep.execute(PreCreateOutputParentsStep.java:50)
[        ] 	at org.gradle.internal.execution.steps.PreCreateOutputParentsStep.execute(PreCreateOutputParentsStep.java:28)
[        ] 	at org.gradle.internal.execution.steps.RemovePreviousOutputsStep.execute(RemovePreviousOutputsStep.java:67)
[        ] 	at org.gradle.internal.execution.steps.RemovePreviousOutputsStep.execute(RemovePreviousOutputsStep.java:37)
[        ] 	at org.gradle.internal.execution.steps.BroadcastChangingOutputsStep.execute(BroadcastChangingOutputsStep.java:61)
[        ] 	at org.gradle.internal.execution.steps.BroadcastChangingOutputsStep.execute(BroadcastChangingOutputsStep.java:26)
[        ] 	at org.gradle.internal.execution.steps.CaptureOutputsAfterExecutionStep.execute(CaptureOutputsAfterExecutionStep.java:69)
[        ] 	at org.gradle.internal.execution.steps.CaptureOutputsAfterExecutionStep.execute(CaptureOutputsAfterExecutionStep.java:46)
[        ] 	at org.gradle.internal.execution.steps.ResolveInputChangesStep.execute(ResolveInputChangesStep.java:40)
[        ] 	at org.gradle.internal.execution.steps.ResolveInputChangesStep.execute(ResolveInputChangesStep.java:29)
[        ] 	at org.gradle.internal.execution.steps.BuildCacheStep.executeWithoutCache(BuildCacheStep.java:189)
[        ] 	at org.gradle.internal.execution.steps.BuildCacheStep.lambda$execute$1(BuildCacheStep.java:75)
[        ] 	at org.gradle.internal.Either$Right.fold(Either.java:175)
[        ] 	at org.gradle.internal.execution.caching.CachingState.fold(CachingState.java:62)
[        ] 	at org.gradle.internal.execution.steps.BuildCacheStep.execute(BuildCacheStep.java:73)
[        ] 	at org.gradle.internal.execution.steps.BuildCacheStep.execute(BuildCacheStep.java:48)
[        ] 	at org.gradle.internal.execution.steps.StoreExecutionStateStep.execute(StoreExecutionStateStep.java:46)
[        ] 	at org.gradle.internal.execution.steps.StoreExecutionStateStep.execute(StoreExecutionStateStep.java:35)
[        ] 	at org.gradle.internal.execution.steps.SkipUpToDateStep.executeBecause(SkipUpToDateStep.java:75)
[        ] 	at org.gradle.internal.execution.steps.SkipUpToDateStep.lambda$execute$2(SkipUpToDateStep.java:53)
[        ] 	at java.base/java.util.Optional.orElseGet(Unknown Source)
[        ] 	at org.gradle.internal.execution.steps.SkipUpToDateStep.execute(SkipUpToDateStep.java:53)
[        ] 	at org.gradle.internal.execution.steps.SkipUpToDateStep.execute(SkipUpToDateStep.java:35)
[        ] 	at org.gradle.internal.execution.steps.legacy.MarkSnapshottingInputsFinishedStep.execute(MarkSnapshottingInputsFinishedStep.java:37)
[        ] 	at org.gradle.internal.execution.steps.legacy.MarkSnapshottingInputsFinishedStep.execute(MarkSnapshottingInputsFinishedStep.java:27)
[        ] 	at org.gradle.internal.execution.steps.ResolveIncrementalCachingStateStep.executeDelegate(ResolveIncrementalCachingStateStep.java:49)
[        ] 	at org.gradle.internal.execution.steps.ResolveIncrementalCachingStateStep.executeDelegate(ResolveIncrementalCachingStateStep.java:27)
[        ] 	at org.gradle.internal.execution.steps.AbstractResolveCachingStateStep.execute(AbstractResolveCachingStateStep.java:71)
[        ] 	at org.gradle.internal.execution.steps.AbstractResolveCachingStateStep.execute(AbstractResolveCachingStateStep.java:39)
[        ] 	at org.gradle.internal.execution.steps.ResolveChangesStep.execute(ResolveChangesStep.java:65)
[        ] 	at org.gradle.internal.execution.steps.ResolveChangesStep.execute(ResolveChangesStep.java:36)
[        ] 	at org.gradle.internal.execution.steps.ValidateStep.execute(ValidateStep.java:107)
[        ] 	at org.gradle.internal.execution.steps.ValidateStep.execute(ValidateStep.java:56)
[        ] 	at org.gradle.internal.execution.steps.AbstractCaptureStateBeforeExecutionStep.execute(AbstractCaptureStateBeforeExecutionStep.java:64)
[        ] 	at org.gradle.internal.execution.steps.AbstractCaptureStateBeforeExecutionStep.execute(AbstractCaptureStateBeforeExecutionStep.java:43)
[        ] 	at org.gradle.internal.execution.steps.AbstractSkipEmptyWorkStep.executeWithNonEmptySources(AbstractSkipEmptyWorkStep.java:125)
[        ] 	at org.gradle.internal.execution.steps.AbstractSkipEmptyWorkStep.execute(AbstractSkipEmptyWorkStep.java:56)
[        ] 	at org.gradle.internal.execution.steps.AbstractSkipEmptyWorkStep.execute(AbstractSkipEmptyWorkStep.java:36)
[        ] 	at org.gradle.internal.execution.steps.legacy.MarkSnapshottingInputsStartedStep.execute(MarkSnapshottingInputsStartedStep.java:38)
[        ] 	at org.gradle.internal.execution.steps.LoadPreviousExecutionStateStep.execute(LoadPreviousExecutionStateStep.java:36)
[        ] 	at org.gradle.internal.execution.steps.LoadPreviousExecutionStateStep.execute(LoadPreviousExecutionStateStep.java:23)
[        ] 	at org.gradle.internal.execution.steps.HandleStaleOutputsStep.execute(HandleStaleOutputsStep.java:75)
[        ] 	at org.gradle.internal.execution.steps.HandleStaleOutputsStep.execute(HandleStaleOutputsStep.java:41)
[        ] 	at org.gradle.internal.execution.steps.AssignMutableWorkspaceStep.lambda$execute$0(AssignMutableWorkspaceStep.java:35)
[        ] 	at org.gradle.api.internal.tasks.execution.TaskExecution$4.withWorkspace(TaskExecution.java:289)
[        ] 	at org.gradle.internal.execution.steps.AssignMutableWorkspaceStep.execute(AssignMutableWorkspaceStep.java:31)
[        ] 	at org.gradle.internal.execution.steps.AssignMutableWorkspaceStep.execute(AssignMutableWorkspaceStep.java:22)
[        ] 	at org.gradle.internal.execution.steps.ChoosePipelineStep.execute(ChoosePipelineStep.java:40)
[        ] 	at org.gradle.internal.execution.steps.ChoosePipelineStep.execute(ChoosePipelineStep.java:23)
[        ] 	at org.gradle.internal.execution.steps.ExecuteWorkBuildOperationFiringStep.lambda$execute$2(ExecuteWorkBuildOperationFiringStep.java:67)
[        ] 	at java.base/java.util.Optional.orElseGet(Unknown Source)
[        ] 	at org.gradle.internal.execution.steps.ExecuteWorkBuildOperationFiringStep.execute(ExecuteWorkBuildOperationFiringStep.java:67)
[        ] 	at org.gradle.internal.execution.steps.ExecuteWorkBuildOperationFiringStep.execute(ExecuteWorkBuildOperationFiringStep.java:39)
[        ] 	at org.gradle.internal.execution.steps.IdentityCacheStep.execute(IdentityCacheStep.java:46)
[        ] 	at org.gradle.internal.execution.steps.IdentityCacheStep.execute(IdentityCacheStep.java:34)
[        ] 	at org.gradle.internal.execution.steps.IdentifyStep.execute(IdentifyStep.java:48)
[        ] 	at org.gradle.internal.execution.steps.IdentifyStep.execute(IdentifyStep.java:35)
[        ] 	at org.gradle.internal.execution.impl.DefaultExecutionEngine$1.execute(DefaultExecutionEngine.java:64)
[        ] 	at org.gradle.api.internal.tasks.execution.ExecuteActionsTaskExecuter.executeIfValid(ExecuteActionsTaskExecuter.java:127)
[        ] 	at org.gradle.api.internal.tasks.execution.ExecuteActionsTaskExecuter.execute(ExecuteActionsTaskExecuter.java:116)
[        ] 	at org.gradle.api.internal.tasks.execution.ProblemsTaskPathTrackingTaskExecuter.execute(ProblemsTaskPathTrackingTaskExecuter.java:41)
[        ] 	at org.gradle.api.internal.tasks.execution.FinalizePropertiesTaskExecuter.execute(FinalizePropertiesTaskExecuter.java:46)
[        ] 	at org.gradle.api.internal.tasks.execution.ResolveTaskExecutionModeExecuter.execute(ResolveTaskExecutionModeExecuter.java:51)
[        ] 	at org.gradle.api.internal.tasks.execution.SkipTaskWithNoActionsExecuter.execute(SkipTaskWithNoActionsExecuter.java:57)
[        ] 	at org.gradle.api.internal.tasks.execution.SkipOnlyIfTaskExecuter.execute(SkipOnlyIfTaskExecuter.java:74)
[        ] 	at org.gradle.api.internal.tasks.execution.CatchExceptionTaskExecuter.execute(CatchExceptionTaskExecuter.java:36)
[        ] 	at org.gradle.api.internal.tasks.execution.EventFiringTaskExecuter$1.executeTask(EventFiringTaskExecuter.java:77)
[        ] 	at org.gradle.api.internal.tasks.execution.EventFiringTaskExecuter$1.call(EventFiringTaskExecuter.java:55)
[        ] 	at org.gradle.api.internal.tasks.execution.EventFiringTaskExecuter$1.call(EventFiringTaskExecuter.java:52)
[        ] 	at org.gradle.internal.operations.DefaultBuildOperationRunner$CallableBuildOperationWorker.execute(DefaultBuildOperationRunner.java:210)
[        ] 	at org.gradle.internal.operations.DefaultBuildOperationRunner$CallableBuildOperationWorker.execute(DefaultBuildOperationRunner.java:205)
[        ] 	at org.gradle.internal.operations.DefaultBuildOperationRunner$2.execute(DefaultBuildOperationRunner.java:67)
[        ] 	at org.gradle.internal.operations.DefaultBuildOperationRunner$2.execute(DefaultBuildOperationRunner.java:60)
[        ] 	at org.gradle.internal.operations.DefaultBuildOperationRunner.execute(DefaultBuildOperationRunner.java:167)
[        ] 	at org.gradle.internal.operations.DefaultBuildOperationRunner.execute(DefaultBuildOperationRunner.java:60)
[        ] 	at org.gradle.internal.operations.DefaultBuildOperationRunner.call(DefaultBuildOperationRunner.java:54)
[        ] 	at org.gradle.api.internal.tasks.execution.EventFiringTaskExecuter.execute(EventFiringTaskExecuter.java:52)
[        ] 	at org.gradle.execution.plan.LocalTaskNodeExecutor.execute(LocalTaskNodeExecutor.java:42)
[        ] 	at org.gradle.execution.taskgraph.DefaultTaskExecutionGraph$InvokeNodeExecutorsAction.execute(DefaultTaskExecutionGraph.java:331)
[        ] 	at org.gradle.execution.taskgraph.DefaultTaskExecutionGraph$InvokeNodeExecutorsAction.execute(DefaultTaskExecutionGraph.java:318)
[        ] 	at org.gradle.execution.taskgraph.DefaultTaskExecutionGraph$BuildOperationAwareExecutionAction.lambda$execute$0(DefaultTaskExecutionGraph.java:314)
[        ] 	at org.gradle.internal.operations.CurrentBuildOperationRef.with(CurrentBuildOperationRef.java:85)
[        ] 	at org.gradle.execution.taskgraph.DefaultTaskExecutionGraph$BuildOperationAwareExecutionAction.execute(DefaultTaskExecutionGraph.java:314)
[        ] 	at org.gradle.execution.taskgraph.DefaultTaskExecutionGraph$BuildOperationAwareExecutionAction.execute(DefaultTaskExecutionGraph.java:303)
[        ] 	at org.gradle.execution.plan.DefaultPlanExecutor$ExecutorWorker.execute(DefaultPlanExecutor.java:459)
[        ] 	at org.gradle.execution.plan.DefaultPlanExecutor$ExecutorWorker.run(DefaultPlanExecutor.java:376)
[        ] 	at org.gradle.internal.concurrent.ExecutorPolicy$CatchAndRecordFailures.onExecute(ExecutorPolicy.java:64)
[        ] 	at org.gradle.internal.concurrent.AbstractManagedExecutor$1.run(AbstractManagedExecutor.java:48)
[        ] 	at java.base/java.util.concurrent.ThreadPoolExecutor.runWorker(Unknown Source)
[        ] 	at java.base/java.util.concurrent.ThreadPoolExecutor$Worker.run(Unknown Source)
[        ] 	at java.base/java.lang.Thread.run(Unknown Source)
[        ] BUILD FAILED in 2s
[   +2 ms] Running Gradle task 'assembleDebug'... (completed in 2 663ms)
[  +10 ms] "flutter apk" took 3 651ms.
[  +19 ms] Gradle task assembleDebug failed with exit code 1
[        ] 
           #0      throwToolExit (package:flutter_tools/src/base/common.dart:34:3)
           #1      AndroidGradleBuilder.buildGradleApp (package:flutter_tools/src/android/gradle.dart:592:7)
           <asynchronous suspension>
           #2      AndroidGradleBuilder.buildApk (package:flutter_tools/src/android/gradle.dart:234:5)
           <asynchronous suspension>
           #3      BuildApkCommand.runCommand (package:flutter_tools/src/commands/build_apk.dart:131:5)
           <asynchronous suspension>
           #4      FlutterCommand.run.<anonymous closure> (package:flutter_tools/src/runner/flutter_command.dart:1559:27)
           <asynchronous suspension>
           #5      AppContext.run.<anonymous closure> (package:flutter_tools/src/base/context.dart:154:19)
           <asynchronous suspension>
           #6      CommandRunner.runCommand (package:args/command_runner.dart:212:13)
           <asynchronous suspension>
           #7      FlutterCommandRunner.runCommand.<anonymous closure> (package:flutter_tools/src/runner/flutter_command_runner.dart:487:9)
           <asynchronous suspension>
           #8      AppContext.run.<anonymous closure> (package:flutter_tools/src/base/context.dart:154:19)
           <asynchronous suspension>
           #9      FlutterCommandRunner.runCommand (package:flutter_tools/src/runner/flutter_command_runner.dart:422:5)
           <asynchronous suspension>
           #10     run.<anonymous closure>.<anonymous closure> (package:flutter_tools/runner.dart:104:11)
           <asynchronous suspension>
           #11     AppContext.run.<anonymous closure> (package:flutter_tools/src/base/context.dart:154:19)
           <asynchronous suspension>
           #12     main (package:flutter_tools/executable.dart:103:3)
           <asynchronous suspension>


[        ] Running 1 shutdown hook
[   +1 ms] Shutdown hooks complete
[ +253 ms] exiting with code 1
